###############################################################################
#
# IAR ELF Linker V8.20.2.14835/W32 for ARM                01/Jan/2019  23:14:26
# Copyright 2007-2017 IAR Systems AB.
#
#    Output file  =  
#        C:\Users\Yehuda Ben Chaim\Google Drive\My
#        Projects\WW\FW\WorkingCopy\WWV1_0\WW\BLE_Imp.cydsn\Debug\Exe\WW_IAR_Project.out
#    Map file     =  
#        C:\Users\Yehuda Ben Chaim\Google Drive\My
#        Projects\WW\FW\WorkingCopy\WWV1_0\WW\BLE_Imp.cydsn\Debug\List\WW_IAR_Project.map
#    Command line =  
#        -f C:\Users\YEHUDA~1\AppData\Local\Temp\EWF37F.tmp ("C:\Users\Yehuda
#        Ben Chaim\Google Drive\My
#        Projects\WW\FW\WorkingCopy\WWV1_0\WW\BLE_Imp.cydsn\Debug\Obj\BLE.o"
#        "C:\Users\Yehuda Ben Chaim\Google Drive\My
#        Projects\WW\FW\WorkingCopy\WWV1_0\WW\BLE_Imp.cydsn\Debug\Obj\BLE_Applocations.o"
#        "C:\Users\Yehuda Ben Chaim\Google Drive\My
#        Projects\WW\FW\WorkingCopy\WWV1_0\WW\BLE_Imp.cydsn\Debug\Obj\BLE_bless_isr.o"
#        "C:\Users\Yehuda Ben Chaim\Google Drive\My
#        Projects\WW\FW\WorkingCopy\WWV1_0\WW\BLE_Imp.cydsn\Debug\Obj\BLE_custom.o"
#        "C:\Users\Yehuda Ben Chaim\Google Drive\My
#        Projects\WW\FW\WorkingCopy\WWV1_0\WW\BLE_Imp.cydsn\Debug\Obj\BLE_eventHandler.o"
#        "C:\Users\Yehuda Ben Chaim\Google Drive\My
#        Projects\WW\FW\WorkingCopy\WWV1_0\WW\BLE_Imp.cydsn\Debug\Obj\BLE_gatt.o"
#        "C:\Users\Yehuda Ben Chaim\Google Drive\My
#        Projects\WW\FW\WorkingCopy\WWV1_0\WW\BLE_Imp.cydsn\Debug\Obj\BLE_HAL_INT.o"
#        "C:\Users\Yehuda Ben Chaim\Google Drive\My
#        Projects\WW\FW\WorkingCopy\WWV1_0\WW\BLE_Imp.cydsn\Debug\Obj\BLE_HAL_PVT.o"
#        "C:\Users\Yehuda Ben Chaim\Google Drive\My
#        Projects\WW\FW\WorkingCopy\WWV1_0\WW\BLE_Imp.cydsn\Debug\Obj\Buzzer.o"
#        "C:\Users\Yehuda Ben Chaim\Google Drive\My
#        Projects\WW\FW\WorkingCopy\WWV1_0\WW\BLE_Imp.cydsn\Debug\Obj\Buzzer_PM.o"
#        "C:\Users\Yehuda Ben Chaim\Google Drive\My
#        Projects\WW\FW\WorkingCopy\WWV1_0\WW\BLE_Imp.cydsn\Debug\Obj\BuzzerImp.o"
#        "C:\Users\Yehuda Ben Chaim\Google Drive\My
#        Projects\WW\FW\WorkingCopy\WWV1_0\WW\BLE_Imp.cydsn\Debug\Obj\BuzzerPWM.o"
#        "C:\Users\Yehuda Ben Chaim\Google Drive\My
#        Projects\WW\FW\WorkingCopy\WWV1_0\WW\BLE_Imp.cydsn\Debug\Obj\BuzzerPWM_PM.o"
#        "C:\Users\Yehuda Ben Chaim\Google Drive\My
#        Projects\WW\FW\WorkingCopy\WWV1_0\WW\BLE_Imp.cydsn\Debug\Obj\Cm0Start.o"
#        "C:\Users\Yehuda Ben Chaim\Google Drive\My
#        Projects\WW\FW\WorkingCopy\WWV1_0\WW\BLE_Imp.cydsn\Debug\Obj\common.o"
#        "C:\Users\Yehuda Ben Chaim\Google Drive\My
#        Projects\WW\FW\WorkingCopy\WWV1_0\WW\BLE_Imp.cydsn\Debug\Obj\cy_em_eeprom.o"
#        "C:\Users\Yehuda Ben Chaim\Google Drive\My
#        Projects\WW\FW\WorkingCopy\WWV1_0\WW\BLE_Imp.cydsn\Debug\Obj\CyBootAsmIar.o"
#        "C:\Users\Yehuda Ben Chaim\Google Drive\My
#        Projects\WW\FW\WorkingCopy\WWV1_0\WW\BLE_Imp.cydsn\Debug\Obj\cyfitter_cfg.o"
#        "C:\Users\Yehuda Ben Chaim\Google Drive\My
#        Projects\WW\FW\WorkingCopy\WWV1_0\WW\BLE_Imp.cydsn\Debug\Obj\CyFlash.o"
#        "C:\Users\Yehuda Ben Chaim\Google Drive\My
#        Projects\WW\FW\WorkingCopy\WWV1_0\WW\BLE_Imp.cydsn\Debug\Obj\CyLFClk.o"
#        "C:\Users\Yehuda Ben Chaim\Google Drive\My
#        Projects\WW\FW\WorkingCopy\WWV1_0\WW\BLE_Imp.cydsn\Debug\Obj\CyLib.o"
#        "C:\Users\Yehuda Ben Chaim\Google Drive\My
#        Projects\WW\FW\WorkingCopy\WWV1_0\WW\BLE_Imp.cydsn\Debug\Obj\cymetadata.o"
#        "C:\Users\Yehuda Ben Chaim\Google Drive\My
#        Projects\WW\FW\WorkingCopy\WWV1_0\WW\BLE_Imp.cydsn\Debug\Obj\cyPm.o"
#        "C:\Users\Yehuda Ben Chaim\Google Drive\My
#        Projects\WW\FW\WorkingCopy\WWV1_0\WW\BLE_Imp.cydsn\Debug\Obj\cyutils.o"
#        "C:\Users\Yehuda Ben Chaim\Google Drive\My
#        Projects\WW\FW\WorkingCopy\WWV1_0\WW\BLE_Imp.cydsn\Debug\Obj\GPIO.o"
#        "C:\Users\Yehuda Ben Chaim\Google Drive\My
#        Projects\WW\FW\WorkingCopy\WWV1_0\WW\BLE_Imp.cydsn\Debug\Obj\GreenLED.o"
#        "C:\Users\Yehuda Ben Chaim\Google Drive\My
#        Projects\WW\FW\WorkingCopy\WWV1_0\WW\BLE_Imp.cydsn\Debug\Obj\GreenLED_PM.o"
#        "C:\Users\Yehuda Ben Chaim\Google Drive\My
#        Projects\WW\FW\WorkingCopy\WWV1_0\WW\BLE_Imp.cydsn\Debug\Obj\iprintf.o"
#        "C:\Users\Yehuda Ben Chaim\Google Drive\My
#        Projects\WW\FW\WorkingCopy\WWV1_0\WW\BLE_Imp.cydsn\Debug\Obj\LEDs.o"
#        "C:\Users\Yehuda Ben Chaim\Google Drive\My
#        Projects\WW\FW\WorkingCopy\WWV1_0\WW\BLE_Imp.cydsn\Debug\Obj\main.o"
#        "C:\Users\Yehuda Ben Chaim\Google Drive\My
#        Projects\WW\FW\WorkingCopy\WWV1_0\WW\BLE_Imp.cydsn\Debug\Obj\OutBeforeDown.o"
#        "C:\Users\Yehuda Ben Chaim\Google Drive\My
#        Projects\WW\FW\WorkingCopy\WWV1_0\WW\BLE_Imp.cydsn\Debug\Obj\OutBeforeDown_PM.o"
#        "C:\Users\Yehuda Ben Chaim\Google Drive\My
#        Projects\WW\FW\WorkingCopy\WWV1_0\WW\BLE_Imp.cydsn\Debug\Obj\PWM_CLK.o"
#        "C:\Users\Yehuda Ben Chaim\Google Drive\My
#        Projects\WW\FW\WorkingCopy\WWV1_0\WW\BLE_Imp.cydsn\Debug\Obj\RedLED.o"
#        "C:\Users\Yehuda Ben Chaim\Google Drive\My
#        Projects\WW\FW\WorkingCopy\WWV1_0\WW\BLE_Imp.cydsn\Debug\Obj\RedLED_PM.o"
#        "C:\Users\Yehuda Ben Chaim\Google Drive\My
#        Projects\WW\FW\WorkingCopy\WWV1_0\WW\BLE_Imp.cydsn\Debug\Obj\SCB_1.o"
#        "C:\Users\Yehuda Ben Chaim\Google Drive\My
#        Projects\WW\FW\WorkingCopy\WWV1_0\WW\BLE_Imp.cydsn\Debug\Obj\SCB_1_BOOT.o"
#        "C:\Users\Yehuda Ben Chaim\Google Drive\My
#        Projects\WW\FW\WorkingCopy\WWV1_0\WW\BLE_Imp.cydsn\Debug\Obj\SCB_1_PM.o"
#        "C:\Users\Yehuda Ben Chaim\Google Drive\My
#        Projects\WW\FW\WorkingCopy\WWV1_0\WW\BLE_Imp.cydsn\Debug\Obj\SCB_1_rx.o"
#        "C:\Users\Yehuda Ben Chaim\Google Drive\My
#        Projects\WW\FW\WorkingCopy\WWV1_0\WW\BLE_Imp.cydsn\Debug\Obj\SCB_1_rx_PM.o"
#        "C:\Users\Yehuda Ben Chaim\Google Drive\My
#        Projects\WW\FW\WorkingCopy\WWV1_0\WW\BLE_Imp.cydsn\Debug\Obj\SCB_1_SCBCLK.o"
#        "C:\Users\Yehuda Ben Chaim\Google Drive\My
#        Projects\WW\FW\WorkingCopy\WWV1_0\WW\BLE_Imp.cydsn\Debug\Obj\SCB_1_SPI_UART.o"
#        "C:\Users\Yehuda Ben Chaim\Google Drive\My
#        Projects\WW\FW\WorkingCopy\WWV1_0\WW\BLE_Imp.cydsn\Debug\Obj\SCB_1_SPI_UART_INT.o"
#        "C:\Users\Yehuda Ben Chaim\Google Drive\My
#        Projects\WW\FW\WorkingCopy\WWV1_0\WW\BLE_Imp.cydsn\Debug\Obj\SCB_1_tx.o"
#        "C:\Users\Yehuda Ben Chaim\Google Drive\My
#        Projects\WW\FW\WorkingCopy\WWV1_0\WW\BLE_Imp.cydsn\Debug\Obj\SCB_1_tx_PM.o"
#        "C:\Users\Yehuda Ben Chaim\Google Drive\My
#        Projects\WW\FW\WorkingCopy\WWV1_0\WW\BLE_Imp.cydsn\Debug\Obj\SCB_1_UART.o"
#        "C:\Users\Yehuda Ben Chaim\Google Drive\My
#        Projects\WW\FW\WorkingCopy\WWV1_0\WW\BLE_Imp.cydsn\Debug\Obj\SCB_1_UART_BOOT.o"
#        "C:\Users\Yehuda Ben Chaim\Google Drive\My
#        Projects\WW\FW\WorkingCopy\WWV1_0\WW\BLE_Imp.cydsn\Debug\Obj\Tmaplets.o"
#        "C:\Users\Yehuda Ben Chaim\Google Drive\My
#        Projects\WW\FW\WorkingCopy\WWV1_0\WW\BLE_Imp.cydsn\Debug\Obj\UpBeforeIn.o"
#        "C:\Users\Yehuda Ben Chaim\Google Drive\My
#        Projects\WW\FW\WorkingCopy\WWV1_0\WW\BLE_Imp.cydsn\Debug\Obj\UpBeforeIn_PM.o"
#        "C:\Users\Yehuda Ben Chaim\Google Drive\My
#        Projects\WW\FW\WorkingCopy\WWV1_0\WW\BLE_Imp.cydsn\Debug\Obj\WinchDownPin.o"
#        "C:\Users\Yehuda Ben Chaim\Google Drive\My
#        Projects\WW\FW\WorkingCopy\WWV1_0\WW\BLE_Imp.cydsn\Debug\Obj\WinchDownPin_PM.o"
#        "C:\Users\Yehuda Ben Chaim\Google Drive\My
#        Projects\WW\FW\WorkingCopy\WWV1_0\WW\BLE_Imp.cydsn\Debug\Obj\WinchInPin.o"
#        "C:\Users\Yehuda Ben Chaim\Google Drive\My
#        Projects\WW\FW\WorkingCopy\WWV1_0\WW\BLE_Imp.cydsn\Debug\Obj\WinchInPin_PM.o"
#        "C:\Users\Yehuda Ben Chaim\Google Drive\My
#        Projects\WW\FW\WorkingCopy\WWV1_0\WW\BLE_Imp.cydsn\Debug\Obj\WinchOutPin.o"
#        "C:\Users\Yehuda Ben Chaim\Google Drive\My
#        Projects\WW\FW\WorkingCopy\WWV1_0\WW\BLE_Imp.cydsn\Debug\Obj\WinchOutPin_PM.o"
#        "C:\Users\Yehuda Ben Chaim\Google Drive\My
#        Projects\WW\FW\WorkingCopy\WWV1_0\WW\BLE_Imp.cydsn\Debug\Obj\WinchUpPin.o"
#        "C:\Users\Yehuda Ben Chaim\Google Drive\My
#        Projects\WW\FW\WorkingCopy\WWV1_0\WW\BLE_Imp.cydsn\Debug\Obj\WinchUpPin_PM.o"
#        "C:\Users\Yehuda Ben Chaim\Google Drive\My
#        Projects\WW\FW\WorkingCopy\WWV1_0\WW\BLE_Imp.cydsn\Debug\Obj\YellowLED.o"
#        "C:\Users\Yehuda Ben Chaim\Google Drive\My
#        Projects\WW\FW\WorkingCopy\WWV1_0\WW\BLE_Imp.cydsn\Debug\Obj\YellowLED_PM.o"
#        -o "C:\Users\Yehuda Ben Chaim\Google Drive\My
#        Projects\WW\FW\WorkingCopy\WWV1_0\WW\BLE_Imp.cydsn\Debug\Exe\WW_IAR_Project.out"
#        --map "C:\Users\Yehuda Ben Chaim\Google Drive\My
#        Projects\WW\FW\WorkingCopy\WWV1_0\WW\BLE_Imp.cydsn\Debug\List\WW_IAR_Project.map"
#        --config "C:\Users\Yehuda Ben Chaim\Google Drive\My
#        Projects\WW\FW\WorkingCopy\WWV1_0\WW\BLE_Imp.cydsn\.\Generated_Source\PSoC4\Cm0Iar.icf"
#        "C:\Users\Yehuda Ben Chaim\Google Drive\My
#        Projects\WW\FW\WorkingCopy\WWV1_0\WW\BLE_Imp.cydsn\.\Export\ARM_IAR_Generic\BLE_v3_52\gccCyBLEStack_BLE_SOC_PERIPHERAL.a"
#        --semihosting --entry __iar_program_start --vfe --text_out locale)
#
###############################################################################

*******************************************************************************
*** RUNTIME MODEL ATTRIBUTES
***

CppFlavor       = *
__SystemLibrary = DLib
__dlib_version  = 6


*******************************************************************************
*** HEAP SELECTION
***

The basic heap was selected because no calls to memory allocation
functions were found in the application outside of system library
functions, and there are calls to deallocation functions in the
application.


*******************************************************************************
*** PLACEMENT SUMMARY
***

define block ROMVEC with size = 256 { ro section .romvectors };
define block APPL with fixed order { block ROMVEC, section .psocinit, ro };
"APPL":
       place at start of [from 0x00000000 to 0x0003ffff] { block APPL };
define block RAMVEC
   with fixed order { rw section .ramvectors, rw section .bootloaderruntype };
"RAMVEC":
       place at start of [from 0x20000000 to 0x20007fff] { block RAMVEC };
"readwrite":
       place in [from 0x20000000 to 0x20007fff] { rw };
define block HEAP with size = 128, alignment = 8 { };
define block CSTACK with size = 2K, alignment = 8 { };
define block HSTACK { block HEAP, last block CSTACK };
"HSTACK":
       place at end of [from 0x20000000 to 0x20007fff] { block HSTACK };
".cy_checksum_exclude":
       place in [from 0x00000000 to 0x0003ffff] {
          ro section .cy_checksum_exclude };
".cyflashprotect":
       place at 0x90400000 { ro section .cyflashprotect };
".cymeta":
       place at 0x90500000 { ro section .cymeta };
".cychipprotect":
       place at 0x90600000 { ro section .cychipprotect };
do not initialize { rw section .ramvectors, rw section .bootloaderruntype };
initialize by copy { rw };
keep {
   section .cybootloader, section .cyloadermeta, section .cyloadablemeta,
   section .cy_checksum_exclude, section .cyflashprotect, section .cymeta,
   section .cychipprotect };

No sections matched the following patterns:

  ro section .cyloadermeta       in ".cyloadermeta"
  rw section .bootloaderruntype  in block RAMVEC


  Section                 Kind        Address     Size  Object
  -------                 ----        -------     ----  ------
"APPL":                                        0x14122
  APPL                             0x00000000  0x14122  <Block>
    ROMVEC                         0x00000000    0x100  <Block>
      .romvectors         const    0x00000000     0xc0  Cm0Start.o [1]
      ROMVEC              const    0x000000c0     0x40  <Block tail>
    .psocinit             ro code  0x00000100    0x248  cyfitter_cfg.o [1]
    .text                 ro code  0x00000350     0x1e  CyBootAsmIar.o [1]
    .rodata               const    0x0000036e      0x2  BLE_eventHandler.o [1]
    .constdata            const    0x00000370     0x6c  lec_hci_le_privacy.o [4]
    .constdata            const    0x000003dc      0xc  lec_hci_le_privacy.o [4]
    .constdata            const    0x000003e8     0x30  lec_hci_le_dle.o [4]
    .constdata            const    0x00000418     0x20  ll_dle.o [4]
    .constdata            const    0x00000438     0x58  l2cap_init.o [4]
    .constdata            const    0x00000490     0x84  lec_hci_le_commands.o [4]
    .constdata            const    0x00000514     0x84  lec_hci_le_commands.o [4]
    .constdata            const    0x00000598     0x84  lec_hci_le_commands.o [4]
    .constdata            const    0x0000061c     0x3c  ll_privacy.o [4]
    .constdata            const    0x00000658      0xc  smp_interface.o [4]
    .constdata            const    0x00000664     0xb8  ll_pdu.o [4]
    .constdata            const    0x0000071c     0x3c  fsm_engine_pl.o [4]
    .constdata            const    0x00000758     0x60  att_fsm_table.o [4]
    .constdata            const    0x000007b8     0x58  att_fsm_table.o [4]
    .constdata            const    0x00000810     0xb4  smp_fsm_table.o [4]
    .constdata            const    0x000008c4    0x110  smp_fsm_table.o [4]
    .rodata               const    0x000009d4     0x14  BLE.o [1]
    .rodata               const    0x000009e8     0x18  BLE_Applocations.o [1]
    .rodata               const    0x00000a00     0x14  BLE_Applocations.o [1]
    .rodata               const    0x00000a14     0x10  BLE_Applocations.o [1]
    .rodata               const    0x00000a24     0x38  BLE_Applocations.o [1]
    .rodata               const    0x00000a5c      0xc  BLE_eventHandler.o [1]
    .rodata               const    0x00000a68      0x8  BLE_gatt.o [1]
    .rodata               const    0x00000a70     0x30  BLE_gatt.o [1]
    .rodata               const    0x00000aa0    0x1cc  BLE_gatt.o [1]
    .rodata               const    0x00000c6c     0x14  cyfitter_cfg.o [1]
    .rodata               const    0x00000c80     0xb0  cyfitter_cfg.o [1]
    .rodata               const    0x00000d30      0xc  cyfitter_cfg.o [1]
    .rodata               const    0x00000d3c     0x30  CyLib.o [1]
    .rodata               const    0x00000d6c     0x18  GPIO.o [1]
    .rodata               const    0x00000d84     0x1c  GPIO.o [1]
    .rodata               const    0x00000da0     0x18  GPIO.o [1]
    .rodata               const    0x00000db8     0x18  GPIO.o [1]
    .rodata               const    0x00000dd0     0x1c  GPIO.o [1]
    .rodata               const    0x00000dec     0x20  GPIO.o [1]
    .rodata               const    0x00000e0c     0x1c  GPIO.o [1]
    .rodata               const    0x00000e28     0x20  GPIO.o [1]
    .rodata               const    0x00000e48     0x20  GPIO.o [1]
    .rodata               const    0x00000e68     0x24  GPIO.o [1]
    .rodata               const    0x00000e8c     0x20  GPIO.o [1]
    .rodata               const    0x00000eac     0x14  iprintf.o [1]
    .rodata               const    0x00000ec0     0x1c  main.o [1]
    .rodata               const    0x00000edc     0x34  main.o [1]
    .text                 ro code  0x00000f10    0x1e4  BLE.o [1]
    .text                 ro code  0x000010f4      0x2  BLE_custom.o [1]
    i.CyBle_Dummy_GapHciEvent
                          ro code  0x000010f6      0x2  gap.o [4]
    .text                 ro code  0x000010f8     0x5c  ABImemcpy.o [5]
    i.CyBle_StackSetFeatureConfig
                          ro code  0x00001154     0xe8  CyBle.o [4]
    i.CyBle_StackInit     ro code  0x0000123c    0x154  CyBle.o [4]
    i.CyBle_GattsDbRegister
                          ro code  0x00001390     0x30  gattDbHandler.o [4]
    i.CyBle_GappEnterDiscoveryMode
                          ro code  0x000013c0    0x160  gap.o [4]
    .text                 ro code  0x00001520      0xc  memcpy.o [5]
    i.CyBleController_SetLePrivacyParams
                          ro code  0x0000152c     0x18  CyBleControllerIP_Interface.o [4]
    i.CyBleController_SetDleParams
                          ro code  0x00001544     0x1c  CyBleControllerIP_Interface.o [4]
    i.CyBle_SmpSetConfig  ro code  0x00001560      0xc  smp_init.o [4]
    i.CyBle_HciSetConfig  ro code  0x0000156c      0xc  hci_init.o [4]
    i.CyBle_HciSetDleTxOctet
                          ro code  0x00001578     0x1c  hci_init.o [4]
    i.CyBle_SmpGetFeatureHeapReq
                          ro code  0x00001594     0x1c  smp_utils.o [4]
    i.CyBle_ControllerGetFeatureHeapReq
                          ro code  0x000015b0     0x58  CyBle.o [4]
    i.CyBle_StackValidateInputParams
                          ro code  0x00001608     0xf4  CyBle.o [4]
    i.storage_register_flash_pointer
                          ro code  0x000016fc     0x20  storage_pl.o [4]
    i.CyBleController_ExitLowPowerMode
                          ro code  0x0000171c     0x10  CyBleControllerIP_Interface.o [4]
    i.CyBleStackMgr_Init  ro code  0x0000172c    0x10c  CyBleStackMgrIP_Interface.o [4]
    i.CyBleController_Init
                          ro code  0x00001838     0x40  CyBleControllerIP_Interface.o [4]
    i.CyBle_HostStackInit
                          ro code  0x00001878     0x3c  host_main.o [4]
    i.CyBle_HostStackOn   ro code  0x000018b4     0x44  host_main.o [4]
    .text                 ro code  0x000018f8     0x14  memset.o [5]
    i.BT_hci_le_set_advertising_parameters
                          ro code  0x0000190c     0x84  hci_le_api.o [4]
    i.CyBle_GapCheckErrCode
                          ro code  0x00001990     0xe4  gap.o [4]
    i.CyBleController_GetDeviceAddress
                          ro code  0x00001a74     0x22  CyBleControllerIP_Interface.o [4]
    i.ble_stack_idle_task_callback
                          ro code  0x00001a96      0x2  CyBleStackMgrIP_Interface.o [4]
    i.device_queue_extension_set_rpa_addr
                          ro code  0x00001a98     0x28  device_queue.o [4]
    i.CyBle_EccGetFeatureHeapReq
                          ro code  0x00001ac0      0x6  CyBle_Ecc.o [4]
    i.CyBle_SmpScTbGetFeatureHeapReq
                          ro code  0x00001ac6      0x6  smp_tool_sc.o [4]
    i.__ARM_common_switch8
                          ro code  0x00001acc     0x1a  ll_pdu.o [4]
    i.hci_dummy_generate_dle_command_complete
                          ro code  0x00001ae6      0x2  lec_hci_le_dle.o [4]
    i.ll_exit_low_power_mode
                          ro code  0x00001ae8     0x84  ll.o [4]
    i.CyBle_GetBleSsOperationalMode
                          ro code  0x00001b6c      0xc  CyBleStackMgr_BleSSDriver.o [4]
    i.CyBle_GetLpMode     ro code  0x00001b78     0x26  CyBleStackMgr_BleSSDriver.o [4]
    i.hci_dummy_generate_privacy_command_complete
                          ro code  0x00001b9e      0x2  lec_hci_le_privacy.o [4]
    .text                 ro code  0x00001ba0    0x1ca  BLE_HAL_PVT.o [1]
    i.hci_td_handle_received_bytes
                          ro code  0x00001d6a      0x2  hci_td.o [4]
    i.CyBleStackMgr_HalInit
                          ro code  0x00001d6c     0x24  CyBleStackMgr_PSoCHal.o [4]
    i.CyBleStackMgr_BleSSInit
                          ro code  0x00001d90     0x50  CyBleStackMgr_BleSSDriver.o [4]
    i.OS_init             ro code  0x00001de0     0x64  mint_os.o [4]
    i.CyBleController_GetDleHeapMemory
                          ro code  0x00001e44     0x10  CyBleControllerIP_Interface.o [4]
    i.CyBleController_GetPrivacyHeapMemory
                          ro code  0x00001e54     0x1c  CyBleControllerIP_Interface.o [4]
    i.CyBle_HostStackBufferPoolInit
                          ro code  0x00001e70     0xec  CyBleStackMgrIP_Interface.o [4]
    i.CyBle_SmpHeapInit   ro code  0x00001f5c     0x70  smp_utils.o [4]
    i.mint_buf_mgmt_init  ro code  0x00001fcc     0x44  mint_buf_mgmt.o [4]
    i.timer_init          ro code  0x00002010     0x28  BT_timer.o [4]
    i.bt_stack_create_buffer_pool
                          ro code  0x00002038     0x30  BT_os.o [4]
    i.CyBle_CreateBleStackTask
                          ro code  0x00002068     0x2c  CyBleStackMgr_StackTaskHandler.o [4]
    i.CyBleStackMgr_HalIntrEnable
                          ro code  0x00002094      0x8  CyBleStackMgr_PSoCHal.o [4]
    i.le_initialize_buffers
                          ro code  0x0000209c     0xe4  bt_fw_os_al.o [4]
    i.le_create_tasks     ro code  0x00002180      0xe  bt_fw_os_al.o [4]
    i.hci_validate_le_receiver_test_command
                          ro code  0x0000218e      0xe  lec_hci_param_validation.o [4]
    i.hci_td_init         ro code  0x0000219c     0x44  hci_td_api.o [4]
    i.ll_init             ro code  0x000021e0     0x20  ll.o [4]
    i.hci_le_module_reset
                          ro code  0x00002200      0xa  lec_hci_le_utils.o [4]
    i.hci_validate_le_set_adv_enable
                          ro code  0x0000220a      0xe  lec_hci_param_validation.o [4]
    i.BT_ethermind_init   ro code  0x00002218     0x3c  BT_common.o [4]
    i.CyBle_L2capInit     ro code  0x00002254    0x1a0  l2cap.o [4]
    i.CyBle_GapInit       ro code  0x000023f4     0x2c  gap.o [4]
    i.CyBle_GattInit      ro code  0x00002420     0x20  gatt.o [4]
    i.BT_bluetooth_on     ro code  0x00002440     0x60  BT_common.o [4]
    .text                 ro code  0x000024a0     0x50  ABImemset.o [5]
    i.hci_common_api_handler
                          ro code  0x000024f0     0x50  hci_commands.o [4]
    i.CyBle_ExitLPM       ro code  0x00002540      0x8  CyBle.o [4]
    i.llh_get_device_address
                          ro code  0x00002548     0x44  llh_api.o [4]
    i.CyBleStackMgr_GenericIface
                          ro code  0x0000258c     0x3c  CyBleStackMgr_BleSSDriver.o [4]
    i.ll_wait_to_exit_dsm
                          ro code  0x000025c8     0x2c  ll.o [4]
    i.llh_exit_dsm        ro code  0x000025f4      0x8  llh_api.o [4]
    i.llh_get_feature_config_status
                          ro code  0x000025fc      0xc  llh_api.o [4]
    i.llh_update_llh_quick_tx_feature_config
                          ro code  0x00002608     0x40  llh_api.o [4]
    i.llh_exit_sm         ro code  0x00002648      0xc  llh_api.o [4]
    i.CyBle_SetBleSsOperationalMode
                          ro code  0x00002654     0x20  CyBleStackMgr_BleSSDriver.o [4]
    .text                 ro code  0x00002674    0x260  CyLib.o [1]
    .text                 ro code  0x000028d4     0x68  BLE_bless_isr.o [1]
    i.CyBleAtlantisRadioInit
                          ro code  0x0000293c    0x168  CyBleStackMgr_BleSSDriver.o [4]
    i.CyBleStackMgr_SetClockParam
                          ro code  0x00002aa4     0xb4  CyBleStackMgr_BleSSDriver.o [4]
    i.OS_queue_mgmt_init  ro code  0x00002b58     0x40  mint_os_queue.o [4]
    i.OS_task_mgmt_init   ro code  0x00002b98     0x50  mint_os_task.o [4]
    i.CyBle_GetHeapMemory
                          ro code  0x00002be8     0x28  CyBleStackMgrIP_Interface.o [4]
    i.CyBle_SmpGetConfig  ro code  0x00002c10      0xc  smp_init.o [4]
    i.CyBle_EccHeapInit   ro code  0x00002c1c      0xc  CyBle_Ecc.o [4]
    i.CyBle_SmpScTbHeapInit
                          ro code  0x00002c28     0x18  smp_tool_sc.o [4]
    i.mint_buf_mgmt_pl_init
                          ro code  0x00002c40     0x48  mint_buf_mgmt.o [4]
    i.BT_OSMemCreate      ro code  0x00002c88     0x3c  BT_os.o [4]
    i.BT_thread_create    ro code  0x00002cc4     0x30  bt_os_common.o [4]
    i.mint_buf_mgmt_create_pool
                          ro code  0x00002cf4     0xd0  mint_buf_mgmt.o [4]
    i.llf_task_init       ro code  0x00002dc4     0x5c  llf_task.o [4]
    i.llf_task_bt_init    ro code  0x00002e20     0x1c  llf_task.o [4]
    i.CyBleStackMgr_HciPortInit
                          ro code  0x00002e3c      0xc  CyBleStackMgr_PSoCHal.o [4]
    i.llh_init_chip_specific_data
                          ro code  0x00002e48     0x64  llh_utils.o [4]
    i.ll_init_lfsr        ro code  0x00002eac     0x34  ll_utils.o [4]
    i.llh_reset           ro code  0x00002ee0    0x138  llh_api.o [4]
    i.ll_initialize_device_attributes
                          ro code  0x00003018     0xc0  ll.o [4]
    i.hci_le_initialize_data
                          ro code  0x000030d8     0x6c  lec_hci_le_utils.o [4]
    i.storage_init        ro code  0x00003144     0x18  storage.o [4]
    i.status_init         ro code  0x0000315c      0x2  status.o [4]
    i.hci_validate_le_set_adv_scan_resp_data_command
                          ro code  0x0000315e      0xe  lec_hci_param_validation.o [4]
    i.write_task_init     ro code  0x0000316c     0x4c  write_task.o [4]
    i.device_queue_init   ro code  0x000031b8     0x14  device_queue.o [4]
    i.hci_transport_init  ro code  0x000031cc     0x10  transport_sf.o [4]
    i.ethermind_init_lower_pl
                          ro code  0x000031dc      0x2  BT_common_pl.o [4]
    i.l2cap_credit_mode_tx_data_handler
                          ro code  0x000031de      0x2  l2cap_credit_mode.o [4]
    i.hci_init            ro code  0x000031e0      0xc  hci_init.o [4]
    i.l2cap_init          ro code  0x000031ec     0x10  l2cap_init.o [4]
    i.ethermind_init_upper_pl
                          ro code  0x000031fc      0xc  BT_common_pl.o [4]
    i.BT_alloc_mem_ext    ro code  0x00003208     0x3c  BT_os.o [4]
    i.CyBle_L2capMemsetBuffers
                          ro code  0x00003244     0x54  l2cap.o [4]
    i.l2cap_free_channel  ro code  0x00003298     0xf0  l2cap_channels.o [4]
    i.get_l2cap_fixed_channel_max_rx_pld_size
                          ro code  0x00003388      0xa  l2cap.o [4]
    i.lec_hci_convert_connection_update_command
                          ro code  0x00003392      0x2  lec_hci_param_converter.o [4]
    i.CyBle_L2capFreeBuffers
                          ro code  0x00003394     0x34  l2cap.o [4]
    i.CyBle_GattClientInit
                          ro code  0x000033c8      0x8  gattClient.o [4]
    i.CyBle_GattServerInit
                          ro code  0x000033d0     0x28  gattServer.o [4]
    i.status_bt_init      ro code  0x000033f8      0xc  status.o [4]
    i.write_task_bt_init  ro code  0x00003404     0x1c  write_task.o [4]
    i.device_queue_bt_init
                          ro code  0x00003420     0x3c  device_queue.o [4]
    i.timer_bt_init       ro code  0x0000345c      0x2  BT_timer.o [4]
    i.hci_transport_bt_init
                          ro code  0x0000345e      0x2  transport_sf.o [4]
    i.bluetooth_on_lower_pl
                          ro code  0x00003460      0x2  BT_common_pl.o [4]
    i.lec_hci_convert_create_connection_command
                          ro code  0x00003462      0x2  lec_hci_param_converter.o [4]
    i.BT_hci_register_event_indication_callback
                          ro code  0x00003464     0x1c  hci_api.o [4]
    i.hci_bt_init         ro code  0x00003480     0x78  hci_init.o [4]
    i.l2cap_bt_init       ro code  0x000034f8     0x84  l2cap_init.o [4]
    i.bluetooth_on_upper_pl
                          ro code  0x0000357c      0xc  BT_common_pl.o [4]
    i.storage_bt_init     ro code  0x00003588      0xe  storage.o [4]
    i.lec_hci_convert_long_term_key_req_neg_reply_command
                          ro code  0x00003596      0xe  lec_hci_param_converter.o [4]
    i.write_task_enqueue  ro code  0x000035a4     0x8c  write_task.o [4]
    i.BT_free_mem         ro code  0x00003630      0xc  BT_os.o [4]
    i.CyBleStackMgr_BleSSReset
                          ro code  0x0000363c     0x38  CyBleStackMgr_BleSSDriver.o [4]
    i.pf_rf_get_abs_rssi  ro code  0x00003674     0x50  CyBleStackMgr_BleSSDriver.o [4]
    .text                 ro code  0x000036c4     0x20  cyPm.o [1]
    i.CyBle_ExitDsmMode   ro code  0x000036e4     0x2c  CyBleStackMgr_BleSSDriver.o [4]
    .text                 ro code  0x00003710     0xe0  I32DivModFast.o [5]
    i.CyBle_GetNumAppBufferPools
                          ro code  0x000037f0      0xc  CyBleStackMgrIP_Interface.o [4]
    i.OS_create_task      ro code  0x000037fc     0x88  mint_os_task.o [4]
    i.mint_buf_mgmt_stack_init
                          ro code  0x00003884     0x24  mint_buf_mgmt.o [4]
    i.mint_buf_mgmt_malloc
                          ro code  0x000038a8     0x28  mint_buf_mgmt.o [4]
    i.mint_buf_mgmt_stack_push
                          ro code  0x000038d0     0x36  mint_buf_mgmt.o [4]
    i.CyBle_CheckBleStackTaskStatus
                          ro code  0x00003906      0x4  CyBleStackMgr_StackTaskHandler.o [4]
    i.lec_hci_convert_read_chn_map_command
                          ro code  0x0000390a      0xe  lec_hci_param_converter.o [4]
    i.CyBle_SignalBleStackTask
                          ro code  0x00003918     0x50  CyBleStackMgr_StackTaskHandler.o [4]
    i.pf_soft_hci_transport_init
                          ro code  0x00003968      0xc  transport_sf.o [4]
    i.ll_disable_interrupt
                          ro code  0x00003974     0x30  llh_api.o [4]
    i.ll_disable_interrupt_type
                          ro code  0x000039a4     0x18  llh_api.o [4]
    i.llh_initialize_tx_fifo_index
                          ro code  0x000039bc     0x2c  llh_api.o [4]
    i.llh_set_device_address
                          ro code  0x000039e8     0x28  llh_api.o [4]
    i.llh_set_random_address
                          ro code  0x00003a10     0x2c  llh_api.o [4]
    i.llh_reset_whitelist
                          ro code  0x00003a3c     0x18  llh_api.o [4]
    i.ll_enable_interrupt_type
                          ro code  0x00003a54     0x18  llh_api.o [4]
    i.llh_cleanup_adv_scan_resp_data
                          ro code  0x00003a6c     0x18  llh_api.o [4]
    i.ll_calculate_and_program_def_win_widen_drift
                          ro code  0x00003a84     0x14  ll_connection.o [4]
    i.CyBle_StackGetFeatureConfig
                          ro code  0x00003a98     0x38  CyBle.o [4]
    i.ll_init_advertiser  ro code  0x00003ad0     0x70  ll_advertiser.o [4]
    i.ll_init_connection  ro code  0x00003b40     0x98  ll_connection.o [4]
    i.CyBleStackMgr_HciPortReset
                          ro code  0x00003bd8      0x2  CyBleStackMgr_PSoCHal.o [4]
    i.lec_hci_convert_read_remote_used_feat_command
                          ro code  0x00003bda      0x2  lec_hci_param_converter.o [4]
    i.le_free_event_buffer
                          ro code  0x00003bdc     0x28  bt_fw_os_al.o [4]
    i.hci_le_handle_data_tx_completed
                          ro code  0x00003c04     0x5c  lec_hci_le_utils.o [4]
    i.BT_storage_register_db
                          ro code  0x00003c60     0x58  storage.o [4]
    i.smp_init            ro code  0x00003cb8     0x18  smp_init.o [4]
    i.att_init            ro code  0x00003cd0      0x2  att_init.o [4]
    i.lec_hci_convert_receiver_test_command
                          ro code  0x00003cd2      0x6  lec_hci_param_converter.o [4]
    i.BT_OSGetBuF         ro code  0x00003cd8     0x34  BT_os.o [4]
    i.CyBle_GattcResetGlobals
                          ro code  0x00003d0c     0x6c  gattClient.o [4]
    i.CyBle_GattsResetGlobals
                          ro code  0x00003d78     0x1c  gattServer.o [4]
    i.hci_free_remote_device
                          ro code  0x00003d94     0x24  hci_utils.o [4]
    i.l2cap_lp_le_buffer_size
                          ro code  0x00003db8     0x2c  l2cap_lmp.o [4]
    i.hci_common_api_handler_no_params
                          ro code  0x00003de4      0xc  hci_commands.o [4]
    i.smp_bt_init         ro code  0x00003df0     0x80  smp_init.o [4]
    i.att_bt_init         ro code  0x00003e70     0x38  att_init.o [4]
    i.storage_bt_init_pl  ro code  0x00003ea8     0x30  storage_pl.o [4]
    i.BT_storage_load_db  ro code  0x00003ed8     0x60  storage.o [4]
    i.BT_status_set_bit   ro code  0x00003f38     0x24  status.o [4]
    i.BT_OSFreeBuf        ro code  0x00003f5c     0x20  BT_os.o [4]
    i.CyBle_SetTxGainMode
                          ro code  0x00003f7c     0x38  CyBleStackMgr_BleSSDriver.o [4]
    i.CyBle_SetRxGainMode
                          ro code  0x00003fb4     0x20  CyBleStackMgr_BleSSDriver.o [4]
    .text                 ro code  0x00003fd4      0x2  IntDivZer.o [5]
    i.lec_hci_convert_set_adv_enable_command
                          ro code  0x00003fd6      0x6  lec_hci_param_converter.o [4]
    i.OS_create_queue     ro code  0x00003fdc     0x64  mint_os_queue.o [4]
    i.OS_send_signal_to_task
                          ro code  0x00004040      0xc  mint_os_task.o [4]
    i.BT_OSQPost          ro code  0x0000404c      0xa  bt_os_common.o [4]
    i.BT_ISROSQPost       ro code  0x00004056      0xa  bt_os_common.o [4]
    i.le_write_register_field
                          ro code  0x00004060     0x28  llh_utils.o [4]
    i.le_set_register_bit
                          ro code  0x00004088     0x10  llh_utils.o [4]
    i.ll_get_local_sca    ro code  0x00004098     0x12  ll_utils.o [4]
    i.lec_hci_convert_set_event_mask_command
                          ro code  0x000040aa     0x12  lec_hci_param_converter.o [4]
    i.ll_calculate_drift  ro code  0x000040bc     0x2c  ll_connection.o [4]
    i.llh_program_window_widen_winoffset
                          ro code  0x000040e8     0x18  llh_api.o [4]
    i.le_allocate_tx_data_buffer
                          ro code  0x00004100     0x20  bt_fw_os_al.o [4]
    i.llh_set_adv_parameters
                          ro code  0x00004120     0x54  llh_api.o [4]
    i.llh_set_adv_data    ro code  0x00004174     0x1c  llh_api.o [4]
    i.llh_set_scan_resp_data
                          ro code  0x00004190     0x1c  llh_api.o [4]
    i.le_free_tx_data_buffer
                          ro code  0x000041ac     0x14  bt_fw_os_al.o [4]
    i.ll_init_link_for_encryption
                          ro code  0x000041c0     0x12  ll_connection.o [4]
    i.ll_conn_init_pending_pdu
                          ro code  0x000041d2      0x8  ll_pdu.o [4]
    i.lec_hci_convert_set_host_chn_classsification_command
                          ro code  0x000041da      0x2  lec_hci_param_converter.o [4]
    i.mint_buf_mgmt_free_buffer
                          ro code  0x000041dc     0xa4  mint_buf_mgmt.o [4]
    i.le_free_rx_data_buffer
                          ro code  0x00004280     0x14  bt_fw_os_al.o [4]
    i.le_send_signal_to_task
                          ro code  0x00004294      0xc  bt_fw_os_al.o [4]
    i.storage_get_base_size_for_type
                          ro code  0x000042a0     0x1c  storage.o [4]
    i.smp_init_pl         ro code  0x000042bc     0x28  smp_pl.o [4]
    i.mint_buf_mgmt_allocate_buffer
                          ro code  0x000042e4     0x4c  mint_buf_mgmt.o [4]
    i.CyBle_SendEvToApp   ro code  0x00004330     0x14  host_main.o [4]
    i.smp_free_context    ro code  0x00004344     0x30  smp_utils.o [4]
    i.l2cap_register_fixed_channel_cb
                          ro code  0x00004374     0x2c  l2cap_fixed_channel.o [4]
    i.storage_reset_storage_offset
                          ro code  0x000043a0     0x10  storage_pl.o [4]
    i.BleStackFlashStorageInit
                          ro code  0x000043b0     0x84  storage_pl.o [4]
    i.BleStackIsFlashCorrupted
                          ro code  0x00004434     0x3c  storage_pl.o [4]
    i.storage_open_pl     ro code  0x00004470     0x1c  storage_pl.o [4]
    i.storage_read_signature_pl
                          ro code  0x0000448c     0x2c  storage_pl.o [4]
    i.storage_close_pl    ro code  0x000044b8      0x4  storage_pl.o [4]
    i.mintos_malloc       ro code  0x000044bc     0x34  mint_os.o [4]
    i.OS_send_signal_to_task_context
                          ro code  0x000044f0     0x3c  mint_os_task.o [4]
    i.OS_isr_send_signal_to_task
                          ro code  0x0000452c      0xc  mint_os_task.o [4]
    i.CyBleStackMgr_BleSSFifoWrite
                          ro code  0x00004538     0x30  CyBleStackMgr_BleSSDriver.o [4]
    i.mint_buf_mgmt_stack_search_item
                          ro code  0x00004568     0x30  mint_buf_mgmt.o [4]
    i.llf_task_enqueue    ro code  0x00004598      0xa  llf_task.o [4]
    i.mint_buf_mgmt_stack_pop
                          ro code  0x000045a2     0x36  mint_buf_mgmt.o [4]
    i.calc_checksum       ro code  0x000045d8     0x1a  storage_pl.o [4]
    i.lec_hci_convert_set_scan_enable_command
                          ro code  0x000045f2      0x2  lec_hci_param_converter.o [4]
    i.storage_read_pl     ro code  0x000045f4     0x28  storage_pl.o [4]
    .text                 ro code  0x0000461c     0x28  memcmp.o [5]
    i.OS_enqueue_item     ro code  0x00004644     0x8c  mint_os_queue.o [4]
    i.llf_task_enqueue_msg
                          ro code  0x000046d0     0x8c  llf_task.o [4]
    .text                 ro code  0x0000475c    0x110  BLE_Applocations.o [1]
    i.CyBle_GapGetBondedDevicesList
                          ro code  0x0000486c     0x90  gap.o [4]
    .text                 ro code  0x000048fc    0x15c  iprintf.o [1]
    .text                 ro code  0x00004a58     0xfc  GPIO.o [1]
    i.CyBle_GattsWriteRsp
                          ro code  0x00004b54      0xe  gattServer.o [4]
    i.lec_hci_convert_set_scan_param_command
                          ro code  0x00004b62      0x2  lec_hci_param_converter.o [4]
    i.device_queue_get_remote_addr
                          ro code  0x00004b64     0x44  device_queue.o [4]
    i.device_queue_search_remote_addr
                          ro code  0x00004ba8     0x70  device_queue.o [4]
    i.BT_smp_get_device_security_info
                          ro code  0x00004c18     0x60  smp_api.o [4]
    .text                 ro code  0x00004c78     0x1c  SCB_1_SPI_UART.o [1]
    .text                 ro code  0x00004c94     0x1c  WinchUpPin.o [1]
    .text                 ro code  0x00004cb0     0x1c  WinchDownPin.o [1]
    .text                 ro code  0x00004ccc     0x1c  WinchInPin.o [1]
    .text                 ro code  0x00004ce8     0x1c  WinchOutPin.o [1]
    i.CyBle_SendPDU       ro code  0x00004d04     0x8c  gatt.o [4]
    i.BT_COMPARE_BD_ADDR_AND_TYPE
                          ro code  0x00004d90     0x1c  BT_common.o [4]
    i.smp_search_device   ro code  0x00004dac     0x40  smp_utils.o [4]
    i.smp_get_auth_info_from_req
                          ro code  0x00004dec     0x3e  smp_core.o [4]
    i.lec_hci_convert_transmitter_test_command
                          ro code  0x00004e2a      0xe  lec_hci_param_converter.o [4]
    i.BT_att_send_pdu     ro code  0x00004e38    0x514  att_api.o [4]
    i.BT_att_check_connected_state
                          ro code  0x0000534c     0x28  att_api.o [4]
    i.att_pack_value      ro code  0x00005374     0x44  att_internal.o [4]
    i.att_get_fsm_event   ro code  0x000053b8     0x1e  att_internal.o [4]
    i.ll_dummy_bt_signal_handler
                          ro code  0x000053d6      0x2  ll_privacy.o [4]
    i.fsm_post_event      ro code  0x000053d8     0xa0  fsm_engine.o [4]
    i.att_pack_handle_value_pair
                          ro code  0x00005478     0x48  att_internal.o [4]
    i.att_pack_handle_list
                          ro code  0x000054c0     0x44  att_internal.o [4]
    .text                 ro code  0x00005504    0x430  BLE_eventHandler.o [1]
    .text                 ro code  0x00005934     0x6c  BLE_gatt.o [1]
    i.CyBle_GattsErrorRsp
                          ro code  0x000059a0     0x14  gattServer.o [4]
    i.CyBle_SetTxPowerLevel
                          ro code  0x000059b4     0x88  CyBleControllerIP_Interface.o [4]
    i.CyBle_EnableDefaultDevicePrivacy
                          ro code  0x00005a3c      0x8  CyBle.o [4]
    i.CyBle_SetDeviceAddress
                          ro code  0x00005a44     0x24  CyBle.o [4]
    i.CyBle_GapSetIoCap   ro code  0x00005a68     0x3c  gap.o [4]
    i.CyBle_GapSetLeEventMask
                          ro code  0x00005aa4     0x16  gap.o [4]
    i.CyBle_GappAuthReqReply
                          ro code  0x00005aba     0x7a  gap.o [4]
    i.CyBle_GattsExchangeMtuRsp
                          ro code  0x00005b34     0x20  gattServer.o [4]
    i.CyBle_GattsWriteAttributeValue
                          ro code  0x00005b54     0x34  gattDbHandler.o [4]
    i.CyBleController_EnableDefaultDevicePrivacy
                          ro code  0x00005b88      0xc  CyBleControllerIP_Interface.o [4]
    i.CyBleController_SetDeviceAddress
                          ro code  0x00005b94     0x2e  CyBleControllerIP_Interface.o [4]
    i.ll_dummy_data_length_update_on_connection
                          ro code  0x00005bc2      0x2  ll_dle.o [4]
    i.CyBle_GapUpdateBdAddress
                          ro code  0x00005bc4     0x34  gap.o [4]
    i.BT_smp_get_key_exchange_info_pl
                          ro code  0x00005bf8      0xc  smp_pl.o [4]
    i.BT_hci_get_local_bd_addr
                          ro code  0x00005c04     0x20  hci_api.o [4]
    i.lec_hci_handle_set_event_mask_command
                          ro code  0x00005c24     0x18  lec_hci_le_common_commands.o [4]
    i.isSecureConnectionsEnabled
                          ro code  0x00005c3c      0xc  gap.o [4]
    i.BT_smp_set_max_encryption_key_size_pl
                          ro code  0x00005c48      0xc  smp_pl.o [4]
    i.BT_smp_param_request_reply
                          ro code  0x00005c54     0x8c  smp_api.o [4]
    i.GATT_DB_VALIDATE_ATTR_HANDLE
                          ro code  0x00005ce0     0x18  gattDbInternal.o [4]
    i.CyBle_GattDBAccessHandle
                          ro code  0x00005cf8     0xec  gattDbHandler.o [4]
    i.smp_get_context     ro code  0x00005de4     0x40  smp_utils.o [4]
    i.smp_get_fsm_event   ro code  0x00005e24     0x20  smp_utils.o [4]
    i.smp_fsm_post_event  ro code  0x00005e44     0x40  smp_fsm_engine.o [4]
    i.BT_hci_le_long_term_key_requested_reply
                          ro code  0x00005e84     0x44  hci_le_api.o [4]
    i.hci_write_command_connection_handle
                          ro code  0x00005ec8     0x24  hci_api.o [4]
    i.CyBle_GattDbCheckPermission
                          ro code  0x00005eec     0xf4  gattDbInternal.o [4]
    i.CyBle_GattDbFindNearestServiceHandle
                          ro code  0x00005fe0     0x50  gattDbInternal.o [4]
    i.CyBle_GattDbFindCharHandle
                          ro code  0x00006030     0x8c  gattDbInternal.o [4]
    i.CyBle_GattDbGetAttrGenLen
                          ro code  0x000060bc     0x28  gattDbInternal.o [4]
    i.CyBle_GattDbFetchAttrValue
                          ro code  0x000060e4     0x9c  gattDbInternal.o [4]
    i.CyBle_GattDbSetGenValAtOffset
                          ro code  0x00006180     0x34  gattDbInternal.o [4]
    i.BT_smp_get_max_encryption_key_size_pl
                          ro code  0x000061b4      0xc  smp_pl.o [4]
    i.BT_smp_is_encryption_on
                          ro code  0x000061c0     0x10  smp_api.o [4]
    i.CyBle_GattDbIsCharHandleValid
                          ro code  0x000061d0     0x34  gattDbInternal.o [4]
    i.CyBle_IsAttrEnabled
                          ro code  0x00006204     0x84  gattDbInternal.o [4]
    i.CyBle_GattDbPackAttrValue
                          ro code  0x00006288     0xcc  gattDbInternal.o [4]
    i.CyBle_GattDbPackSerAttrUuidValue
                          ro code  0x00006354     0xf4  gattDbInternal.o [4]
    i.CyBle_GattDbPackAttrUuidValue
                          ro code  0x00006448     0xac  gattDbInternal.o [4]
    i.CyBle_GattGetRemainingLocalMtuSize
                          ro code  0x000064f4     0x30  gattServer.o [4]
    i.GATT_DB_ATTR_PACK_128_BIT_UUID
                          ro code  0x00006524     0x28  gattDbInternal.o [4]
    .text                 ro code  0x0000654c     0x78  BuzzerImp.o [1]
    .text                 ro code  0x000065c4     0xf8  BuzzerPWM.o [1]
    .text                 ro code  0x000066bc    0x16c  main.o [1]
    .text                 ro code  0x00006828     0x4e  SCB_1.o [1]
    i.ll_dummy_dle_send_data_length_req
                          ro code  0x00006876      0x2  ll_dle.o [4]
    .text                 ro code  0x00006878    0x1b8  LEDs.o [1]
    i.CyBle_ProcessEvents
                          ro code  0x00006a30      0x8  CyBle.o [4]
    .text                 ro code  0x00006a38     0x14  common.o [1]
    .text                 ro code  0x00006a4c     0xd8  SCB_1_UART.o [1]
    .text                 ro code  0x00006b24     0x1c  GreenLED.o [1]
    .text                 ro code  0x00006b40     0x1c  YellowLED.o [1]
    .text                 ro code  0x00006b5c     0x1c  RedLED.o [1]
    i.CyBleStackMgr_ProcessBleEvents
                          ro code  0x00006b78     0x14  CyBleStackMgrIP_Interface.o [4]
    i.OS_scheduler        ro code  0x00006b8c     0x64  mint_os_task.o [4]
    i.OS_queue_get_num_of_items
                          ro code  0x00006bf0     0x28  mint_os_queue.o [4]
    i.OS_remove_item      ro code  0x00006c18     0xa0  mint_os_queue.o [4]
    .text                 ro code  0x00006cb8     0x64  Cm0Start.o [1]
    .text                 ro code  0x00006d1c     0x28  data_init.o [5]
    .text                 ro code  0x00006d44     0x6c  cyfitter_cfg.o [1]
    .text                 ro code  0x00006db0    0x240  CyLFClk.o [1]
    .text                 ro code  0x00006ff0     0x16  uread4.o [5]
    i.ll_dummy_handle_clear_wl_with_privacy
                          ro code  0x00007006      0x2  ll_privacy.o [4]
    .text                 ro code  0x00007008     0x1e  cmain.o [5]
    .text                 ro code  0x00007026      0x8  exit.o [3]
    i.ll_dummy_handle_dle_unknown_resp
                          ro code  0x0000702e      0x2  ll_dle.o [4]
    .text                 ro code  0x00007030      0xa  cexit.o [5]
    i.ll_dummy_handle_initiator_privacy_intr
                          ro code  0x0000703a      0x2  ll_privacy.o [4]
    .text                 ro code  0x0000703c     0x14  exit.o [6]
    i.BT_att_access_mtu   ro code  0x00007050     0x30  att_api.o [4]
    i.BT_att_register     ro code  0x00007080     0x2c  att_api.o [4]
    i.BT_bluetooth_get_stack_init_state
                          ro code  0x000070ac     0x1c  BT_common.o [4]
    i.BT_common_bluetooth_on_complete
                          ro code  0x000070c8     0x20  BT_common.o [4]
    i.BT_hci_get_connection_details
                          ro code  0x000070e8     0x1c  hci_api.o [4]
    i.BT_hci_get_connection_handle
                          ro code  0x00007104     0x54  hci_api.o [4]
    i.BT_hci_le_encrypt   ro code  0x00007158     0x5c  hci_le_api.o [4]
    i.BT_hci_le_get_device_role
                          ro code  0x000071b4     0x24  hci_api.o [4]
    i.BT_l2cap_register_le_event_cb
                          ro code  0x000071d8     0x18  l2cap_le.o [4]
    i.BT_smp_data_sign    ro code  0x000071f0     0x54  smp_api.o [4]
    i.aes_cmac_context_init
                          ro code  0x00007244     0x1c  aes_cmac.o [4]
    i.aes_cmac            ro code  0x00007260     0x8c  aes_cmac.o [4]
    i.aes_cmac_128B_encrypt_pl
                          ro code  0x000072ec     0x12  aes_cmac_pl.o [4]
    i.ll_dummy_handle_scanner_privacy_intr
                          ro code  0x000072fe      0x2  ll_privacy.o [4]
    i.aes_cmac_create_subkeys
                          ro code  0x00007300     0x50  aes_cmac.o [4]
    i.aes_cmac_generate_mac
                          ro code  0x00007350     0x7c  aes_cmac.o [4]
    i.aes_cmac_1bit_leftshift_16octet_stream
                          ro code  0x000073cc     0x20  aes_cmac.o [4]
    i.aes_cmac_xor_16octet
                          ro code  0x000073ec     0x12  aes_cmac.o [4]
    i.aes_cmac_finalize_mac
                          ro code  0x000073fe     0xb8  aes_cmac.o [4]
    i.ll_dummy_save_initiator_addr_for_directed_advert
                          ro code  0x000074b6      0x2  ll_privacy.o [4]
    i.aes_cmac_handle_process_completion
                          ro code  0x000074b8     0x4c  aes_cmac.o [4]
    i.BT_smp_get_csrk_key_info_pl
                          ro code  0x00007504     0x38  smp_pl.o [4]
    i.BT_smp_get_encrypted_state
                          ro code  0x0000753c     0x50  smp_pl.o [4]
    i.BT_smp_get_fixed_passkey
                          ro code  0x0000758c     0x1c  smp_pl.o [4]
    i.BT_smp_get_local_capability_pl
                          ro code  0x000075a8     0x18  smp_pl.o [4]
    i.BT_smp_get_long_term_key_pl
                          ro code  0x000075c0     0x14  smp_pl.o [4]
    i.BT_smp_get_set_local_keys
                          ro code  0x000075d4     0x50  smp_pl.o [4]
    i.BT_smp_notify_address_resolution
                          ro code  0x00007624     0x50  smp_api.o [4]
    i.device_queue_free   ro code  0x00007674     0x64  device_queue.o [4]
    i.device_queue_set_remote_addr
                          ro code  0x000076d8     0x44  device_queue.o [4]
    i.BT_smp_register_user_interface
                          ro code  0x0000771c     0x18  smp_api.o [4]
    i.BT_smp_resolve_device
                          ro code  0x00007734     0x60  smp_api.o [4]
    i.BT_smp_verify_resolvable_pvt_addr
                          ro code  0x00007794     0x44  smp_api.o [4]
    i.smp_tbx_ah_eval     ro code  0x000077d8     0x34  smp_tools.o [4]
    i.BT_smp_search_device_by_id_address
                          ro code  0x0000780c     0x5c  smp_api.o [4]
    i.BT_smp_set_id_address_pl
                          ro code  0x00007868     0x1c  smp_pl.o [4]
    i.BT_start_timer      ro code  0x00007884     0xa8  BT_timer.o [4]
    i.timer_alloc_entity  ro code  0x0000792c     0x1c  BT_timer.o [4]
    i.timer_active_entity
                          ro code  0x00007948     0x24  BT_timer.o [4]
    i.CyBleStackMgr_GetTime
                          ro code  0x0000796c     0x14  CyBleStackMgr_PSoCHal.o [4]
    i.CyBleStackMgr_TimerStart
                          ro code  0x00007980     0x2c  CyBleStackMgr_PSoCHal.o [4]
    i.CyBleStackMgr_TimerStop
                          ro code  0x000079ac     0x18  CyBleStackMgr_PSoCHal.o [4]
    i.timer_update_offsets
                          ro code  0x000079c4     0x2c  BT_timer.o [4]
    i.CyBleStackMgr_ResetLinkLayerTimerEntity
                          ro code  0x000079f0     0x14  CyBleStackMgr_PSoCHal.o [4]
    i.BT_stop_timer       ro code  0x00007a04     0x64  BT_timer.o [4]
    i.timer_allocated_entity
                          ro code  0x00007a68     0x34  BT_timer.o [4]
    i.BT_storage_store_db
                          ro code  0x00007a9c     0x5c  storage.o [4]
    i.storage_write_signature_pl
                          ro code  0x00007af8     0x14  storage_pl.o [4]
    i.storage_write_pl    ro code  0x00007b0c     0x24  storage_pl.o [4]
    i.BleStackWriteToFlashRam
                          ro code  0x00007b30     0x78  storage_pl.o [4]
    i.BT_timer_process_signals
                          ro code  0x00007ba8     0xa4  BT_timer.o [4]
    i.BleStackWriteToFlashPending
                          ro code  0x00007c4c     0x24  storage_pl.o [4]
    i.CyBleControllerIP_GetPingState
                          ro code  0x00007c70      0xc  CyBleControllerIP_Interface.o [4]
    i.CyBleControllerIP_TuneAdvEventInterPktSlots
                          ro code  0x00007c7c     0x3c  ll_advertiser.o [4]
    i.CyBleStackMgr_BleSSMemWrite
                          ro code  0x00007cb8     0x34  CyBleStackMgr_BleSSDriver.o [4]
    i.CyBleStackMgr_BleSSMemWriteFields
                          ro code  0x00007cec     0x78  CyBleStackMgr_BleSSDriver.o [4]
    i.CyBleStackMgr_BleSSRegRead
                          ro code  0x00007d64      0xc  CyBleStackMgr_BleSSDriver.o [4]
    i.CyBleStackMgr_HandleBleSSIntr
                          ro code  0x00007d70     0xa0  CyBleStackMgr_BleSSDriver.o [4]
    i.CyBle_GetFirmwareProgrammedDSM
                          ro code  0x00007e10      0xc  CyBleControllerIP_Interface.o [4]
    i.CyBle_SetFirmwareProgrammedDSM
                          ro code  0x00007e1c      0xc  CyBleControllerIP_Interface.o [4]
    i.CyBleStackMgr_HandleLinkLayerTick
                          ro code  0x00007e28     0x5c  CyBleStackMgr_PSoCHal.o [4]
    i.pf_timer_handle_tick
                          ro code  0x00007e84      0x8  bt_os_common.o [4]
    i.pf_timer_handle_callback
                          ro code  0x00007e8c     0x20  BT_timer.o [4]
    i.CyBleStackMgr_isTimerRunning
                          ro code  0x00007eac     0x10  CyBleStackMgr_PSoCHal.o [4]
    i.CyBle_BleSSInterruptHandler
                          ro code  0x00007ebc     0x28  ll_isr.o [4]
    i.ll_isr_exit_low_power_mode
                          ro code  0x00007ee4     0x16  ll.o [4]
    i.ll_handle_feature_response_pdu_ack
                          ro code  0x00007efa      0x2  ll_pdu.o [4]
    i.llh_isr_handler     ro code  0x00007efc    0x378  ll_tasks.o [4]
    i.ll_clear_interrupt  ro code  0x00008274     0x20  llh_api.o [4]
    i.CyBle_SetEventCloseState
                          ro code  0x00008294      0xc  CyBleStackMgr_BleSSDriver.o [4]
    i.llh_update_sl_dsm_feature
                          ro code  0x000082a0     0x18  llh_api.o [4]
    i.llh_get_ce_delta_for_update_instant
                          ro code  0x000082b8     0x24  llh_api.o [4]
    i.llh_disable_adv_tx_intr
                          ro code  0x000082dc     0x10  llh_api.o [4]
    i.llh_set_advertise_disable
                          ro code  0x000082ec     0x14  llh_api.o [4]
    i.llh_set_rpa_device_address
                          ro code  0x00008300     0x28  llh_api.o [4]
    i.ll_get_adv_data     ro code  0x00008328      0xc  ll_advertiser.o [4]
    i.ll_get_scan_rsp_data
                          ro code  0x00008334      0xc  ll_advertiser.o [4]
    i.ll_clear_interrupt_type
                          ro code  0x00008340      0xc  llh_api.o [4]
    i.llh_get_current_instant_clk
                          ro code  0x0000834c      0xc  llh_api.o [4]
    i.le_isr_send_signal_to_task
                          ro code  0x00008358      0xc  bt_fw_os_al.o [4]
    i.CyBle_SendBlessEvtoAPP
                          ro code  0x00008364      0xc  CyBleControllerIP_Interface.o [4]
    i.isr_llf_task_enqueue
                          ro code  0x00008370      0xa  llf_task.o [4]
    i.ll_handle_unknown_response_pdu_ack
                          ro code  0x0000837a      0x2  ll_pdu.o [4]
    i.CyBle_BluetoothOnCmptCB
                          ro code  0x0000837c     0xc8  host_main.o [4]
    i.l2cap_register_tx_queue_flow_cb
                          ro code  0x00008444     0x18  l2cap_init.o [4]
    i.CyBleController_AddDeviceToWhiteList
                          ro code  0x0000845c     0x48  CyBleControllerIP_Interface.o [4]
    i.CyBle_GapSetIdAddress
                          ro code  0x000084a4     0x26  gap.o [4]
    i.lec_hci_handle_add_to_white_list_command
                          ro code  0x000084ca      0x8  lec_hci_le_common_commands.o [4]
    i.ll_handle_version_indication_pdu_ack
                          ro code  0x000084d2      0x2  ll_pdu.o [4]
    i.ll_handle_add_device_in_whitelist
                          ro code  0x000084d4     0x50  ll.o [4]
    i.ll_validate_add_device_to_whitelist_params
                          ro code  0x00008524     0x14  ll.o [4]
    i.ll_check_white_list_in_use
                          ro code  0x00008538     0x1c  ll_utils.o [4]
    i.llh_search_whitelist_for_dup_entry
                          ro code  0x00008554     0x98  llh_api.o [4]
    i.llh_search_whitelist_for_free_index
                          ro code  0x000085ec     0x30  llh_api.o [4]
    i.llh_add_device_in_whitelist
                          ro code  0x0000861c     0x5c  llh_api.o [4]
    i.hci_validate_le_add_rem_dev_in_wh_list_cmd
                          ro code  0x00008678      0xe  lec_hci_param_validation.o [4]
    i.ll_validate_bd_addr
                          ro code  0x00008686     0x1a  ll.o [4]
    i.ll_check_whitelist_in_use_by_advertiser
                          ro code  0x000086a0     0x10  ll_advertiser.o [4]
    i.ll_check_white_list_in_use_by_initiator
                          ro code  0x000086b0     0x30  ll_connection.o [4]
    i.ll_get_adv_status   ro code  0x000086e0      0xc  ll_advertiser.o [4]
    i.CyBle_GapAdvTimerExpiryHandler
                          ro code  0x000086ec     0x28  gap.o [4]
    i.hci_write_command_UCHAR
                          ro code  0x00008714      0xc  hci_api.o [4]
    i.CyBle_GapHciCommandCompleteEvent
                          ro code  0x00008720     0xbc  gap.o [4]
    i.aes_cmac_128B_encrypt_complete_pl
                          ro code  0x000087dc      0x8  aes_cmac_pl.o [4]
    i.hci_write_command_adv_scan_response_data
                          ro code  0x000087e4     0x4c  hci_api.o [4]
    i.CyBle_GapSetScanRspData
                          ro code  0x00008830     0x1c  gap.o [4]
    i.CyBle_GapStartAdvertising
                          ro code  0x0000884c     0x14  gap.o [4]
    i.aes_cmac_aes_128_encryption_complete
                          ro code  0x00008860     0xa4  aes_cmac.o [4]
    i.CyBle_GapHciMetaEvent
                          ro code  0x00008904     0xc4  gap.o [4]
    i.device_queue_extension_clear_rpa_addr
                          ro code  0x000089c8     0x20  device_queue.o [4]
    i.CyBle_GapSignData   ro code  0x000089e8    0x16c  gap.o [4]
    i.CyBle_GattCB        ro code  0x00008b54    0x700  gatt.o [4]
    i.CyBle_GattResetGlobals
                          ro code  0x00009254     0x28  gatt.o [4]
    i.CyBle_HandleGattErrorRsp
                          ro code  0x0000927c     0x32  gattClient.o [4]
    .constdata            const    0x000092ae     0x22  smp_utils.o [4]
    i.CyBle_HandleGattFindInfoReq
                          ro code  0x000092d0    0x124  gattServer.o [4]
    i.CyBle_HandleGattFindInfoRsp
                          ro code  0x000093f4     0xa0  gattClient.o [4]
    i.CyBle_GattDBGet16BitUUID
                          ro code  0x00009494     0x70  gatt.o [4]
    i.CyBle_HandleGattFindByTypeValReq
                          ro code  0x00009504     0xa8  gattServer.o [4]
    i.CyBle_HandleGattFindByTypeValRsp
                          ro code  0x000095ac     0xc8  gattClient.o [4]
    i.CyBle_HandleGattReadByTypeReq
                          ro code  0x00009674    0x118  gattServer.o [4]
    i.CyBle_HandleGattReadByTypeRsp
                          ro code  0x0000978c    0x104  gattClient.o [4]
    i.CyBle_HandleGattReadByGrpTypeReq
                          ro code  0x00009890     0xd4  gattServer.o [4]
    i.CyBle_HandleGattReadByGrpTypeRsp
                          ro code  0x00009964     0x90  gattClient.o [4]
    i.CyBle_HandleGattReadReq
                          ro code  0x000099f4     0xd0  gattServer.o [4]
    i.CyBle_HandleGattReadBlobRsp
                          ro code  0x00009ac4     0x60  gattClient.o [4]
    i.CyBle_HandleGattReadMultiReq
                          ro code  0x00009b24     0xf4  gattServer.o [4]
    i.CyBle_HandleGattPrepWriteReq
                          ro code  0x00009c18     0xe4  gattServer.o [4]
    i.CyBle_HandleGattPrepWriteRsp
                          ro code  0x00009cfc     0xa4  gattClient.o [4]
    i.CyBle_HandleGattExecuteWriteReq
                          ro code  0x00009da0     0xc8  gattServer.o [4]
    i.CyBle_HandleGattExecWriteRsp
                          ro code  0x00009e68     0x20  gattClient.o [4]
    i.CyBle_GattDBGetHandleUUIDValuePair
                          ro code  0x00009e88    0x1d0  gattDbHandler.o [4]
    i.CyBle_GattDBGetGroupRangeValpair
                          ro code  0x0000a058    0x1f0  gattDbHandler.o [4]
    i.CyBle_SendGattReadByTypeRspToApp
                          ro code  0x0000a248     0x1c  gattClient.o [4]
    i.CyBle_GattEventMemFromApp
                          ro code  0x0000a264     0x1e  gattServer.o [4]
    .constdata            const    0x0000a282     0x32  smp_core.o [4]
    i.CyBle_GattPrepareWriteEnqueue
                          ro code  0x0000a2b4     0x64  gattServer.o [4]
    i.CyBle_GattFreeWriteQueue
                          ro code  0x0000a318     0x24  gattServer.o [4]
    i.CyBle_GattSendPrepWriteReq
                          ro code  0x0000a33c     0x90  gattClient.o [4]
    i.CyBle_GattDbCompareCharValue
                          ro code  0x0000a3cc     0x3a  gattDbInternal.o [4]
    .conststring          const    0x0000a406      0xa  storage_pl.o [4]
    i.CyBle_GattDbFetchAttrType
                          ro code  0x0000a410    0x138  gattDbInternal.o [4]
    i.CyBle_GattDbFindLastGrpEntryInService
                          ro code  0x0000a548     0x5c  gattDbInternal.o [4]
    i.CyBle_GattsGetPrepWriteMemFromApp
                          ro code  0x0000a5a4     0x48  gattServer.o [4]
    i.CyBle_GattcSendSignedWriteCmd
                          ro code  0x0000a5ec     0x44  gattClient.o [4]
    i.CyBle_GattsSendSignedWriteEvent
                          ro code  0x0000a630     0x58  gattServer.o [4]
    i.CyBle_GetTxGainMode
                          ro code  0x0000a688     0x2c  CyBleStackMgr_BleSSDriver.o [4]
    i.CyBle_GetTxPowerLevel
                          ro code  0x0000a6b4     0x54  CyBleControllerIP_Interface.o [4]
    i.CyBle_Hal_pairing_dhkey_check_handler_wrapper
                          ro code  0x0000a708     0x1c  smp_fsm_handlers.o [4]
    i.smp_send_pairing_failed
                          ro code  0x0000a724     0x26  smp_core.o [4]
    .constdata            const    0x0000a74a     0x21  lec_hci_le_common_commands.o [4]
    .constdata            const    0x0000a76b     0x21  lec_hci_le_commands.o [4]
    i.smp_send_command    ro code  0x0000a78c     0x68  smp_core.o [4]
    i.smp_authentication_complete
                          ro code  0x0000a7f4     0xa4  smp_core.o [4]
    i.l2cap_fixed_channel_data_write
                          ro code  0x0000a898     0x68  l2cap_fixed_channel.o [4]
    i.smp_timer_start     ro code  0x0000a900     0x34  smp_core.o [4]
    i.smp_timer_stop      ro code  0x0000a934     0x20  smp_core.o [4]
    i.smp_set_device_validity
                          ro code  0x0000a954     0x28  smp_utils.o [4]
    i.smp_update_device_attr_pl
                          ro code  0x0000a97c     0xa0  smp_pl.o [4]
    i.smp_send_event      ro code  0x0000aa1c     0x3c  smp_core.o [4]
    i.l2cap_is_in_sigch_list
                          ro code  0x0000aa58     0x2c  l2cap_utils.o [4]
    i.l2cap_allocate_buffer_element
                          ro code  0x0000aa84     0x54  l2cap_utils.o [4]
    i.l2cap_buffer_enqueue
                          ro code  0x0000aad8     0x40  l2cap_utils.o [4]
    i.l2cap_tx_queue_flow_control
                          ro code  0x0000ab18     0x5c  l2cap_utils.o [4]
    i.l2cap_schedule_data_tx
                          ro code  0x0000ab74     0x34  l2cap_lmp.o [4]
    i.l2cap_data_transmitter_bh
                          ro code  0x0000aba8    0x12c  l2cap_lmp.o [4]
    i.l2cap_frame_tx_pdu  ro code  0x0000acd4     0x84  l2cap_lmp.o [4]
    i.l2cap_lp_data_write
                          ro code  0x0000ad58    0x180  l2cap_lmp.o [4]
    i.l2cap_delete_command
                          ro code  0x0000aed8     0x38  l2cap_command.o [4]
    i.l2cap_free_buffer_element
                          ro code  0x0000af10     0x44  l2cap_utils.o [4]
    i.l2cap_enqueue_cbfc_data_for_tx
                          ro code  0x0000af54     0xd8  l2cap_credit_mode.o [4]
    i.hci_transport_write_data
                          ro code  0x0000b02c     0xd4  transport_sf.o [4]
    i.l2cap_buffer_dequeue
                          ro code  0x0000b100     0x94  l2cap_utils.o [4]
    i.pf_hci_transport_alloc_buffer
                          ro code  0x0000b194     0x28  hci_td.o [4]
    i.hci_soft_transport_rx_data
                          ro code  0x0000b1bc     0x40  transport_sf.o [4]
    i.le_allocate_command_buffer
                          ro code  0x0000b1fc     0x20  bt_fw_os_al.o [4]
    i.hci_td_handle_received_packet
                          ro code  0x0000b21c     0x58  hci_td.o [4]
    i.ll_handle_host_data_packet
                          ro code  0x0000b274     0x9c  ll.o [4]
    i.pf_get_hci_active_transport
                          ro code  0x0000b310      0xc  hci_td.o [4]
    i.pf_hci_transport_free_buffer
                          ro code  0x0000b31c     0x1a  hci_td.o [4]
    i.ll_get_connection_entity
                          ro code  0x0000b338     0x24  ll_connection.o [4]
    i.hci_generate_le_no_of_completed_events
                          ro code  0x0000b35c     0x3e  lec_hci_le_conn_commands.o [4]
    i.ll_load_host_data_packet
                          ro code  0x0000b39a     0x3c  ll.o [4]
    i.le_free_command_buffer
                          ro code  0x0000b3d8     0x14  bt_fw_os_al.o [4]
    i.le_get_connection_index
                          ro code  0x0000b3ec      0x6  ll_connection.o [4]
    i.hci_alloc_event_buffer
                          ro code  0x0000b3f2      0xe  lec_hci_le_utils.o [4]
    i.hci_td_tx_packet    ro code  0x0000b400      0xc  hci_td.o [4]
    i.ll_update_md_bit    ro code  0x0000b40c     0x34  ll_connection.o [4]
    i.ll_get_next_available_fifo_for_data_pdu
                          ro code  0x0000b440      0x8  ll.o [4]
    i.ll_load_packet_to_fifo
                          ro code  0x0000b448     0xc0  ll.o [4]
    i.ll_check_and_mark_packet_ready_for_transmission
                          ro code  0x0000b508     0x44  ll.o [4]
    i.le_allocate_event_buffer
                          ro code  0x0000b54c     0x30  bt_fw_os_al.o [4]
    i.hci_td_enque_pkt    ro code  0x0000b57c     0x5c  hci_td.o [4]
    i.hci_td_deliver_tx_packet
                          ro code  0x0000b5d8     0x34  hci_td.o [4]
    i.llh_update_md_bit   ro code  0x0000b60c     0x1c  llh_api.o [4]
    i.ll_get_next_available_fifo_for_ll_pdu
                          ro code  0x0000b628     0x2c  ll.o [4]
    i.ll_is_data_paused   ro code  0x0000b654      0xc  ll_connection.o [4]
    i.ll_conn_handle_data_pdu_from_host_when_data_paused
                          ro code  0x0000b660      0x8  ll_connection.o [4]
    i.ll_convert_hci_llid_to_ll_llid_host_to_controller
                          ro code  0x0000b668      0x8  ll_connection.o [4]
    i.ll_check_and_encrypt_packet
                          ro code  0x0000b670     0x82  ll_connection.o [4]
    i.llh_load_data_to_connection_fifo
                          ro code  0x0000b6f4     0x3c  llh_api.o [4]
    i.llh_update_data_descriptor
                          ro code  0x0000b730     0x30  llh_api.o [4]
    i.llh_mark_packet_for_transmission
                          ro code  0x0000b760     0x14  llh_api.o [4]
    i.hci_free_event_buffer
                          ro code  0x0000b774      0x8  lec_hci_le_utils.o [4]
    i.CyBleStackMgr_HciPortWrite
                          ro code  0x0000b77c      0x8  CyBleStackMgr_PSoCHal.o [4]
    i.ll_get_my_role      ro code  0x0000b784      0xc  ll.o [4]
    i.ll_pack_ccm_nonce   ro code  0x0000b790     0x36  ll_utils.o [4]
    i.ll_encryption_aes_ccm_mode
                          ro code  0x0000b7c6     0x36  ll_utils.o [4]
    i.ll_increment_tx_packet_counter
                          ro code  0x0000b7fc     0x14  ll_connection.o [4]
    i.llh_get_tx_fifo_address
                          ro code  0x0000b810     0x1c  llh_api.o [4]
    i.llh_get_data_descriptor_address
                          ro code  0x0000b82c      0x8  llh_utils.o [4]
    i.pf_hci_soft_transport_write
                          ro code  0x0000b834     0x44  transport_sf.o [4]
    i.ll_ccm_load_inputs  ro code  0x0000b878     0x4e  ll_utils.o [4]
    i.llh_process_encryption_engine_cmd
                          ro code  0x0000b8c8     0x48  llh_api.o [4]
    i.llh_read_encryption_engine_output
                          ro code  0x0000b910     0x28  llh_api.o [4]
    i.llh_read_mic_output
                          ro code  0x0000b938     0x24  llh_api.o [4]
    i.hci_transport_read_data
                          ro code  0x0000b95c    0x13c  hci_events.o [4]
    i.ll_unpack_ccm_nonce
                          ro code  0x0000ba98     0x4a  ll_utils.o [4]
    i.llh_load_encryption_key
                          ro code  0x0000bae4     0x20  llh_api.o [4]
    i.llh_load_encryption_engine_input
                          ro code  0x0000bb04     0x20  llh_api.o [4]
    i.llh_ccm_load_pkt_counter
                          ro code  0x0000bb24     0x10  llh_api.o [4]
    i.llh_ccm_load_initialization_vector
                          ro code  0x0000bb34     0x30  llh_api.o [4]
    i.llh_ccm_config_mic_params
                          ro code  0x0000bb64     0x20  llh_api.o [4]
    i.CyBleStackMgr_BleSSMemRead
                          ro code  0x0000bb84     0x32  CyBleStackMgr_BleSSDriver.o [4]
    i.l2cap_lp_data_read  ro code  0x0000bbb8    0x2b0  l2cap_data_recv.o [4]
    i.hci_le_enqueue_packet
                          ro code  0x0000be68     0x30  hci_events.o [4]
    i.hci_disconnection_complete_event
                          ro code  0x0000be98     0x68  hci_disconnect.o [4]
    i.hci_auth_complete_encrypt_change_event
                          ro code  0x0000bf00     0x14  hci_events.o [4]
    i.hci_command_complete_event
                          ro code  0x0000bf14    0x11c  hci_events.o [4]
    i.hci_command_status_event
                          ro code  0x0000c030     0x60  hci_events.o [4]
    i.hci_handle_hardware_error
                          ro code  0x0000c090     0x54  hci_events.o [4]
    i.hci_number_of_completed_packets_event
                          ro code  0x0000c0e4     0x2e  hci_events.o [4]
    i.hci_le_connection_complete_event
                          ro code  0x0000c114    0x1b0  hci_connect.o [4]
    i.hci_le_long_term_key_requested_event
                          ro code  0x0000c2c4     0x14  hci_events.o [4]
    i.l2cap_is_handle_in_sigch_list
                          ro code  0x0000c2d8     0x1c  l2cap_utils.o [4]
    i.l2cap_reset_recombination_variables
                          ro code  0x0000c2f4     0x42  l2cap_data_recv.o [4]
    i.l2cap_mtu_check     ro code  0x0000c338     0x94  l2cap_data_recv.o [4]
    i.l2cap_get_payload_buffer
                          ro code  0x0000c3cc     0x3c  l2cap_data_recv.o [4]
    i.l2cap_search_local_channel
                          ro code  0x0000c408     0x38  l2cap_channels.o [4]
    i.l2cap_search_command
                          ro code  0x0000c440     0x28  l2cap_command.o [4]
    i.l2cap_create_command
                          ro code  0x0000c468     0xa4  l2cap_command.o [4]
    i.l2cap_send_command_rej
                          ro code  0x0000c50c     0x60  l2cap_command.o [4]
    i.l2cap_fixed_mode_rx_data_handler
                          ro code  0x0000c56c     0x24  l2cap_channels.o [4]
    i.hci_find_device_by_handle
                          ro code  0x0000c590     0x2c  hci_utils.o [4]
    i.l2cap_lp_disconnect_ind
                          ro code  0x0000c5bc     0xd4  l2cap_disconnect.o [4]
    i.smp_encryption_complete
                          ro code  0x0000c690     0x58  smp_interface.o [4]
    i.hci_trigger_command_tx
                          ro code  0x0000c6e8     0x2c  hci_command_queue.o [4]
    i.smp_command_complete
                          ro code  0x0000c714     0x3c  smp_interface.o [4]
    i.CyBle_HciIsDleConfigured
                          ro code  0x0000c750     0x10  hci_init.o [4]
    i.CyBle_HciGetDleTxOctet
                          ro code  0x0000c760      0xc  hci_init.o [4]
    i.CyBle_GapConvertOctetToTime
                          ro code  0x0000c76c      0xc  gap.o [4]
    i.CyBle_GapSetSuggestedDataLength
                          ro code  0x0000c778     0x16  gap.o [4]
    i.hci_handle_init_sequence
                          ro code  0x0000c790     0xb0  hci_init.o [4]
    i.hci_handle_connection_command_status_failure
                          ro code  0x0000c840     0x40  hci_connect.o [4]
    i.l2cap_lp_num_completed_packets
                          ro code  0x0000c880     0x54  l2cap_lmp.o [4]
    i.device_queue_set_curr_addr_type
                          ro code  0x0000c8d4     0x28  device_queue.o [4]
    i.smp_resolve_connection_address_pl
                          ro code  0x0000c8fc      0x8  smp_pl.o [4]
    i.hci_alloc_remote_device
                          ro code  0x0000c904     0x38  hci_utils.o [4]
    i.hci_disconnect_req  ro code  0x0000c93c     0x1c  hci_link_control_api.o [4]
    i.l2cap_lp_connect_ind
                          ro code  0x0000c958     0x70  l2cap_connect.o [4]
    i.smp_long_term_key_requested
                          ro code  0x0000c9c8     0x64  smp_interface.o [4]
    i.l2cap_get_channel   ro code  0x0000ca2c     0x38  l2cap.o [4]
    i.l2cap_update_command
                          ro code  0x0000ca64     0x20  l2cap_command.o [4]
    i.l2cap_command_write
                          ro code  0x0000ca84     0x68  l2cap_command.o [4]
    i.l2cap_disconnect_cid
                          ro code  0x0000caec     0xa8  l2cap_disconnect.o [4]
    i.smp_tbx_rand_complete
                          ro code  0x0000cb94     0x68  smp_tools.o [4]
    i.smp_tbx_encryption_complete
                          ro code  0x0000cbfc     0x80  smp_tools.o [4]
    i.ll_convert_octets_to_time
                          ro code  0x0000cc7c     0x20  ll_dle.o [4]
    i.lec_hci_handle_write_suggested_data_length_command
                          ro code  0x0000cc9c      0xc  lec_hci_le_dle.o [4]
    i.hci_write_command_UCHAR_array
                          ro code  0x0000cca8     0x1c  hci_api.o [4]
    i.device_queue_alloc  ro code  0x0000ccc4     0xc0  device_queue.o [4]
    i.smp_pvt_addr_rand_complete
                          ro code  0x0000cd84     0x38  smp_core.o [4]
    i.smp_set_oob_local_tk_pl
                          ro code  0x0000cdbc     0x20  smp_pl.o [4]
    i.smp_ah_eval_complete
                          ro code  0x0000cddc     0xd8  smp_core.o [4]
    i.smp_16byte_xor      ro code  0x0000ceb4     0x12  smp_utils.o [4]
    i.CyBle_Hal_pairing_dhkey_handler_wrapper
                          ro code  0x0000cec8     0x1c  smp_fsm_handlers.o [4]
    i.CyBle_Hal_pairing_keypress_notification_handler_wrapper
                          ro code  0x0000cee4     0x1c  smp_fsm_handlers.o [4]
    i.CyBle_Hal_pairing_local_public_key_handler_wrapper
                          ro code  0x0000cf00     0x1c  smp_fsm_handlers.o [4]
    i.CyBle_Hal_pairing_remote_key_handler_wrapper
                          ro code  0x0000cf1c     0x1c  smp_fsm_handlers.o [4]
    i.CyBle_HciCb         ro code  0x0000cf38     0x8c  gap.o [4]
    i.CyBle_L2capTxQueueFlowCb
                          ro code  0x0000cfc4     0x1c  l2cap.o [4]
    i.CyBle_SendEventToApp
                          ro code  0x0000cfe0     0x38  CyBleControllerIP_Interface.o [4]
    i.CyBle_SmpCb         ro code  0x0000d018    0x1d0  gap.o [4]
    i.CyBle_SmpIsDeviceSecureConnectionOnly
                          ro code  0x0000d1e8      0xc  smp_utils.o [4]
    i.SMP_IS_MASTER       ro code  0x0000d1f4     0x14  smp_core.o [4]
    i.att_access_state_handler
                          ro code  0x0000d208     0x14  att_internal.o [4]
    i.att_fsm_change_state
                          ro code  0x0000d21c     0x94  att_internal.o [4]
    i.att_fsm_set_state   ro code  0x0000d2b0     0x34  att_internal.o [4]
    i.att_l2cap_data_cb   ro code  0x0000d2e4    0x130  att_internal.o [4]
    i.att_notify_application
                          ro code  0x0000d414     0x70  att_internal.o [4]
    i.att_timer_cb        ro code  0x0000d484     0x48  att_internal.o [4]
    i.device_queue_get_local_addr
                          ro code  0x0000d4cc     0x44  device_queue.o [4]
    i.device_queue_get_local_addr_used_for_conn_setup
                          ro code  0x0000d510     0x90  device_queue.o [4]
    i.device_queue_get_remote_addr_used_for_conn_setup
                          ro code  0x0000d5a0     0x58  device_queue.o [4]
    i.dq_pstorage_cb      ro code  0x0000d5f8     0x48  device_queue.o [4]
    i.BT_storage_read     ro code  0x0000d640     0x12  storage.o [4]
    i.BT_storage_write    ro code  0x0000d652     0x12  storage.o [4]
    i.generate_drbg       ro code  0x0000d664    0x100  drbg.o [4]
    i.sha1                ro code  0x0000d764    0x318  drbg.o [4]
    i.hci_command_tx_bh   ro code  0x0000da7c    0x174  hci_command_queue.o [4]
    i.hci_common_api_bh   ro code  0x0000dbf0     0x70  hci_command_queue.o [4]
    i.hci_le_conn_resolution_complete
                          ro code  0x0000dc60     0x38  hci_connect.o [4]
    i.hci_le_deliver_packets
                          ro code  0x0000dc98     0x34  hci_events.o [4]
    i.hci_le_generate_encrypt_cmd_complete_event
                          ro code  0x0000dccc     0x44  lec_hci_le_encryption_commands.o [4]
    i.lec_hci_fill_command_complete_header
                          ro code  0x0000dd10     0x1c  lec_hci_le_commands.o [4]
    i.hci_le_generate_event
                          ro code  0x0000dd2c     0x22  lec_hci_le.o [4]
    i.ll_hci_get_num_commands_pkts
                          ro code  0x0000dd50      0xc  lec_hci_le.o [4]
    i.hci_le_pass_event_through_event_mask
                          ro code  0x0000dd5c     0x74  lec_hci_le_utils.o [4]
    i.hci_td_deliver_event_to_host
                          ro code  0x0000ddd0     0x22  hci_td_api.o [4]
    i.hci_le_generate_read_authenticated_payload_timeout_cmd_complete_event
                          ro code  0x0000ddf4     0x50  lec_hci_le_conn_commands.o [4]
    i.hci_le_generate_write_authenticated_payload_timeout_cmd_complete_event
                          ro code  0x0000de44     0x40  lec_hci_le_conn_commands.o [4]
    i.hci_le_handle_data_to_host
                          ro code  0x0000de84     0x68  lec_hci_le_utils.o [4]
    i.hci_td_deliver_acl_data_to_host
                          ro code  0x0000deec     0x1e  hci_td_api.o [4]
    i.hci_td_tx_packet_data
                          ro code  0x0000df0a     0x1e  hci_td.o [4]
    i.hci_le_set_supported_commands
                          ro code  0x0000df28     0x68  lec_hci_le_common_commands.o [4]
    i.hci_soft_transport_notify_data_received
                          ro code  0x0000df90      0xc  transport_sf.o [4]
    i.hci_td_free         ro code  0x0000df9c     0x44  hci_td.o [4]
    i.hci_td_tx_complete  ro code  0x0000dfe0     0x18  hci_td.o [4]
    i.is_le_connection_handle
                          ro code  0x0000dff8     0x28  ll_connection.o [4]
    i.l2cap_allocate_channel
                          ro code  0x0000e020     0x40  l2cap_channels.o [4]
    i.l2cap_cbfc_connect_req
                          ro code  0x0000e060    0x1bc  l2cap_credit_mode.o [4]
    i.l2cap_is_cbfc_psm_registered
                          ro code  0x0000e21c     0x34  l2cap_credit_mode.o [4]
    i.l2cap_send_cbfc_connect_rsp
                          ro code  0x0000e250     0x58  l2cap_credit_mode.o [4]
    i.l2cap_cbfc_connect_rsp
                          ro code  0x0000e2a8    0x134  l2cap_credit_mode.o [4]
    i.l2cap_command_rej   ro code  0x0000e3dc     0x80  l2cap_command.o [4]
    i.l2cap_command_timeout_handler
                          ro code  0x0000e45c     0xa4  l2cap_command.o [4]
    i.l2cap_connection_update_req
[...]
llh_program_connection_update_instant
                        0x00011b9d   0x18  Code  Gb  llh_api.o [4]
llh_program_window_widen_interval
                        0x0000ff4d    0xe  Code  Gb  llh_api.o [4]
llh_program_window_widen_winoffset
                        0x000040e9    0xe  Code  Gb  llh_api.o [4]
llh_read_channel_map    0x0000eef1   0x2c  Code  Gb  llh_api.o [4]
llh_read_encryption_engine_output
                        0x0000b911   0x1e  Code  Gb  llh_api.o [4]
llh_read_mic_output     0x0000b939   0x1a  Code  Gb  llh_api.o [4]
llh_read_opcode_of_acked_ll_pdu
                        0x000109f9    0xe  Code  Gb  llh_utils.o [4]
llh_remove_device_from_white_list
                        0x00011761   0x12  Code  Gb  llh_api.o [4]
llh_reset               0x00002ee1  0x116  Code  Gb  llh_api.o [4]
llh_reset_whitelist     0x00003a3d   0x12  Code  Gb  llh_api.o [4]
llh_resume_data_transfer
                        0x000101d1   0x20  Code  Gb  llh_api.o [4]
llh_search_whitelist_for_dup_entry
                        0x00008555   0x8e  Code  Gb  llh_api.o [4]
llh_search_whitelist_for_free_index
                        0x000085ed   0x28  Code  Gb  llh_api.o [4]
llh_set_adv_data        0x00004175   0x1c  Code  Gb  llh_api.o [4]
llh_set_adv_parameters  0x00004121   0x4e  Code  Gb  llh_api.o [4]
llh_set_advertise_disable
                        0x000082ed   0x10  Code  Gb  llh_api.o [4]
llh_set_advertise_enable
                        0x00011bb9   0x10  Code  Gb  llh_api.o [4]
llh_set_ce_length       0x0000f86d    0xc  Code  Gb  llh_api.o [4]
llh_set_conn_update_parameters
                        0x00011bcd   0x14  Code  Gb  llh_api.o [4]
llh_set_conn_window_parameters
                        0x00011be9    0xe  Code  Gb  llh_api.o [4]
llh_set_device_address  0x000039e9   0x22  Code  Gb  llh_api.o [4]
llh_set_peer_address    0x0001189d   0x22  Code  Gb  llh_api.o [4]
llh_set_random_address  0x00003a11   0x26  Code  Gb  llh_api.o [4]
llh_set_rpa_device_address
                        0x00008301   0x22  Code  Gb  llh_api.o [4]
llh_set_scan_resp_data  0x00004191   0x1c  Code  Gb  llh_api.o [4]
llh_set_sl_connection_interval
                        0x0000ff65    0xa  Code  Gb  llh_api.o [4]
llh_set_su_to           0x00010641    0xc  Code  Gb  llh_api.o [4]
llh_start_pdu_rsp_timer
                        0x0000f819   0x20  Code  Gb  llh_api.o [4]
llh_stop_pdu_rsp_timer  0x000101a1   0x10  Code  Gb  llh_api.o [4]
llh_terminate_connection
                        0x00010fc1   0x10  Code  Gb  llh_api.o [4]
llh_terminate_connection_after_tx
                        0x00011bfd   0x10  Code  Gb  llh_api.o [4]
llh_update_data_descriptor
                        0x0000b731   0x28  Code  Gb  llh_api.o [4]
llh_update_llh_quick_tx_feature_config
                        0x00002609   0x3a  Code  Gb  llh_api.o [4]
llh_update_md_bit       0x0000b60d   0x16  Code  Gb  llh_api.o [4]
llh_update_sl_dsm_feature
                        0x000082a1   0x14  Code  Gb  llh_api.o [4]
llh_update_slave_latency
                        0x0000ff0d   0x1c  Code  Gb  llh_api.o [4]
m4                      0x20000480    0x4  Data  Gb  smp_tool_sc.o [4]
m5                      0x20000484    0x4  Data  Gb  smp_tool_sc.o [4]
m6                      0x20000488    0x4  Data  Gb  smp_tool_sc.o [4]
main                    0x000067ed   0x30  Code  Gb  main.o [1]
max_hci_cmds            0x20000420    0x1  Data  Lc  lec_hci_le_commands.o [4]
memcmp                  0x0000461d   0x28  Code  Gb  memcmp.o [5]
memcpy                  0x00001521    0xc  Code  Gb  memcpy.o [5]
memset                  0x000018f9   0x14  Code  Gb  memset.o [5]
mg2                     0x2000048c    0x4  Data  Gb  smp_tool_sc.o [4]
mint_buf_mgmt_allocate_buffer
                        0x000042e5   0x48  Code  Gb  mint_buf_mgmt.o [4]
mint_buf_mgmt_create_pool
                        0x00002cf5   0xc8  Code  Gb  mint_buf_mgmt.o [4]
mint_buf_mgmt_free_buffer
                        0x000041dd   0xa0  Code  Gb  mint_buf_mgmt.o [4]
mint_buf_mgmt_heap_memory
                        0x20000460    0x4  Data  Gb  mint_buf_mgmt.o [4]
mint_buf_mgmt_heap_pointer
                        0x2000045c    0x4  Data  Gb  mint_buf_mgmt.o [4]
mint_buf_mgmt_init      0x00001fcd   0x40  Code  Gb  mint_buf_mgmt.o [4]
mint_buf_mgmt_malloc    0x000038a9   0x22  Code  Gb  mint_buf_mgmt.o [4]
mint_buf_mgmt_mgr       0x20000464    0x8  Data  Gb  mint_buf_mgmt.o [4]
mint_buf_mgmt_pl_init   0x00002c41   0x42  Code  Gb  mint_buf_mgmt.o [4]
mint_buf_mgmt_reset_pool
                        0x0000ea1d   0x6a  Code  Gb  mint_buf_mgmt.o [4]
mint_buf_mgmt_stack_init
                        0x00003885   0x24  Code  Gb  mint_buf_mgmt.o [4]
mint_buf_mgmt_stack_pop
                        0x000045a3   0x36  Code  Gb  mint_buf_mgmt.o [4]
mint_buf_mgmt_stack_push
                        0x000038d1   0x36  Code  Gb  mint_buf_mgmt.o [4]
mint_buf_mgmt_stack_reset
                        0x0000ea8d   0x1e  Code  Gb  mint_buf_mgmt.o [4]
mint_buf_mgmt_stack_search_item
                        0x00004569   0x30  Code  Gb  mint_buf_mgmt.o [4]
mintos_heap_memory      0x200004b4    0x4  Data  Gb  mint_os.o [4]
mintos_heap_pointer     0x200004b0    0x4  Data  Gb  mint_os.o [4]
mintos_malloc           0x000044bd   0x30  Code  Gb  mint_os.o [4]
msg_len                 0x200004a2    0x2  Data  Lc  transport_sf.o [4]
offset                  0x200004a0    0x2  Data  Lc  transport_sf.o [4]
os_errno                0x200004bc    0x4  Data  Gb  mint_os_task.o [4]
p_sp_checksum_flash_block
                        0x20000308    0x4  Data  Lc  storage_pl.o [4]
p_sp_flash_length       0x20000304    0x4  Data  Gb  storage_pl.o [4]
p_sp_flash_storage      0x20000300    0x4  Data  Lc  storage_pl.o [4]
p_sp_ram_storage        0x200008fc  0x279  Data  Gb  storage_pl.o [4]
password                0x200016fe    0x2  Data  Gb  BLE_Applocations.o [1]
pf_get_hci_active_transport
                        0x0000b311    0x6  Code  Gb  hci_td.o [4]
pf_get_lfsr_random_number
                        0x0000ef21   0x2c  Code  Gb  ll_utils.o [4]
pf_hci_soft_transport_write
                        0x0000b835   0x3c  Code  Gb  transport_sf.o [4]
pf_hci_transport_alloc_buffer
                        0x0000b195   0x28  Code  Gb  hci_td.o [4]
pf_hci_transport_free_buffer
                        0x0000b31d   0x1a  Code  Gb  hci_td.o [4]
pf_le_start_timer       0x0000f5dd   0x16  Code  Gb  ll.o [4]
pf_le_stop_timer        0x00010061   0x12  Code  Gb  ll.o [4]
pf_rf_get_abs_rssi      0x00003675   0x48  Code  Gb  CyBleStackMgr_BleSSDriver.o [4]
pf_soft_hci_transport_init
                        0x00003969    0x8  Code  Gb  transport_sf.o [4]
pf_timer_handle_callback
                        0x00007e8d   0x1a  Code  Gb  BT_timer.o [4]
pf_timer_handle_tick    0x00007e85    0x8  Code  Gb  bt_os_common.o [4]
pkt_ptr                 0x200004a4    0x4  Data  Lc  transport_sf.o [4]
privacy_ext_hci_cmd_func_list
                        0x20000378    0x4  Data  Gb  lec_hci_le_privacy.o [4]
privacy_func_list_dummy
                        0x0000061c   0x3c  Data  Lc  ll_privacy.o [4]
privacy_hci_cmd_func_list
                        0x2000036c    0x4  Data  Gb  lec_hci_le_privacy.o [4]
privacy_hci_gen_comm_complete
                        0x20000370    0x4  Data  Gb  lec_hci_le_privacy.o [4]
privacy_hci_size_handler
                        0x20000374    0x4  Data  Gb  lec_hci_le_privacy.o [4]
queue_current_count     0x2000055b    0x1  Data  Gb  device_queue.o [4]
queue_mgr               0x200004e0    0x8  Data  Gb  mint_os_queue.o [4]
rpa_packet_index        0x2000056f    0x1  Data  Lc  hci_events.o [4]
rx_param_updated        0x20000388    0x1  Data  Lc  ll_dle.o [4]
se_error_handler        0x00011c11   0x14  Code  Gb  att_fsm_handlers.o [4]
se_error_rsp_handler    0x00011c29   0x48  Code  Gb  att_fsm_handlers.o [4]
se_exchange_mtu_req_handler
                        0x00011cbd   0x38  Code  Gb  att_fsm_handlers.o [4]
se_exchange_mtu_rsp_handler
                        0x00011cfd   0x76  Code  Gb  att_fsm_handlers.o [4]
se_req_handler          0x00011d7d   0x38  Code  Gb  att_fsm_handlers.o [4]
se_rsp_handler          0x00011db9   0x38  Code  Gb  att_fsm_handlers.o [4]
se_smp_dummy_handler    0x00011df9    0x4  Code  Gb  smp_fsm_handlers.o [4]
se_smp_encryption_complete_for_pairing_handler
                        0x00011e01   0x90  Code  Gb  smp_fsm_handlers.o [4]
se_smp_gen_passkey_handler
                        0x00013cb5   0x38  Code  Gb  smp_fsm_handlers.o [4]
se_smp_local_key_exchange_info_handler
                        0x00011e95   0x92  Code  Gb  smp_fsm_handlers.o [4]
se_smp_lr_pairing_confirming_handler
                        0x00011f2d   0x6e  Code  Gb  smp_fsm_handlers.o [4]
se_smp_ltk_req_for_pairing_handler
                        0x00013ced   0x10  Code  Gb  smp_fsm_handlers.o [4]
se_smp_ltk_req_handler  0x00013cfd   0x2a  Code  Gb  smp_fsm_handlers.o [4]
se_smp_pairing_confirm_handler
                        0x00011fe5   0x60  Code  Gb  smp_fsm_handlers.o [4]
se_smp_pairing_event_bad_state_handler
                        0x0001208d    0x4  Code  Gb  smp_fsm_handlers.o [4]
se_smp_pairing_failure_handler
                        0x00013d27   0x14  Code  Gb  smp_fsm_handlers.o [4]
se_smp_pairing_rand_handler
                        0x00012095   0xf4  Code  Gb  smp_fsm_handlers.o [4]
se_smp_pairing_req_handler
                        0x000122a5   0xce  Code  Gb  smp_fsm_handlers.o [4]
se_smp_pairing_rsp_handler
                        0x00012495  0x27e  Code  Gb  smp_fsm_handlers.o [4]
se_smp_pairing_stk_handler
                        0x000128cd   0x38  Code  Gb  smp_fsm_handlers.o [4]
se_smp_remote_key_exchange_info_handler
                        0x00012909   0x94  Code  Gb  smp_fsm_handlers.o [4]
se_smp_user_passkey_handler
                        0x000129a5   0x8c  Code  Gb  smp_fsm_handlers.o [4]
se_unknown_pdu_ind_handler
                        0x00012c25   0x18  Code  Gb  att_fsm_handlers.o [4]
sha1                    0x0000d765  0x2f6  Code  Gb  drbg.o [4]
smp_16byte_xor          0x0000ceb5   0x12  Code  Gb  smp_utils.o [4]
smp_access_state_handler
                        0x00012c41   0x14  Code  Gb  smp_fsm_engine.o [4]
smp_ah_eval_complete    0x0000cddd   0xc4  Code  Gb  smp_core.o [4]
smp_authentication_complete
                        0x0000a7f5   0x9e  Code  Gb  smp_core.o [4]
smp_bt_init             0x00003df1   0x6c  Code  Gb  smp_init.o [4]
smp_check_pairing_security_pl
                        0x000127fd   0x10  Code  Gb  smp_pl.o [4]
smp_clear_connection_entity
                        0x00012c59   0x4e  Code  Gb  smp_core.o [4]
smp_cmac_complete       0x00012cfd   0x24  Code  Lc  smp_api.o [4]
smp_cmac_context        0x200008bc   0x40  Data  Gb  smp_init.o [4]
smp_command_complete    0x0000c715   0x38  Code  Gb  smp_interface.o [4]
smp_context             0x2000119c   0x90  Data  Gb  smp_init.o [4]
smp_create_device_entity
                        0x00012d25   0x80  Code  Gb  smp_utils.o [4]
smp_devices             0x20000574  0x334  Data  Gb  smp_init.o [4]
smp_encryption_complete
                        0x0000c691   0x54  Code  Gb  smp_interface.o [4]
smp_encrytion_key_size_pl
                        0x20000288    0x1  Data  Lc  smp_pl.o [4]
smp_event_fp            0x00000658    0xc  Data  Gb  smp_interface.o [4]
smp_event_handler_table
                        0x000008c4  0x110  Data  Gb  smp_fsm_table.o [4]
smp_event_map           0x000092ae   0x22  Data  Gb  smp_utils.o [4]
smp_free_context        0x00004345   0x2c  Code  Gb  smp_utils.o [4]
smp_fsm_post_event      0x00005e45   0x38  Code  Gb  smp_fsm_engine.o [4]
smp_get_auth_info_from_req
                        0x00004ded   0x3e  Code  Gb  smp_core.o [4]
smp_get_auth_req_from_info
                        0x000123d1   0x46  Code  Gb  smp_core.o [4]
smp_get_context         0x00005de5   0x38  Code  Gb  smp_utils.o [4]
smp_get_fsm_event       0x00005e25   0x1c  Code  Gb  smp_utils.o [4]
smp_get_iocap_assoc_model
                        0x00012199   0x18  Code  Gb  smp_core.o [4]
smp_get_oob_tk_pl       0x000121b5   0x3e  Code  Gb  smp_pl.o [4]
smp_get_peer_oob_availability_pl
                        0x00012879   0x2c  Code  Gb  smp_pl.o [4]
smp_handle_enc_key_size
                        0x00012725   0x24  Code  Gb  smp_core.o [4]
smp_handle_secure_connection_only_mode
                        0x00012419   0x18  Code  Gb  smp_core.o [4]
smp_handle_security_request
                        0x0001282d   0x46  Code  Gb  smp_core.o [4]
smp_handle_security_requirements
                        0x00012439   0x4e  Code  Gb  smp_core.o [4]
smp_init                0x00003cb9   0x12  Code  Gb  smp_init.o [4]
smp_init_pl             0x000042bd   0x20  Code  Gb  smp_pl.o [4]
smp_io_capability_pl    0x20000284    0x1  Data  Gb  smp_pl.o [4]
smp_iocap_assoc_map     0x0000a282   0x19  Data  Gb  smp_core.o [4]
smp_key_distribution_pl
                        0x20000287    0x1  Data  Lc  smp_pl.o [4]
smp_l2cap_connection_complete
                        0x00012e0d   0x5e  Code  Lc  smp_interface.o [4]
smp_l2cap_data_read_ind
                        0x00012e89   0x9e  Code  Lc  smp_interface.o [4]
smp_l2cap_disconnection_complete
                        0x00013d3b   0x14  Code  Lc  smp_interface.o [4]
smp_l2cap_event_cb      0x00012f2d   0x18  Code  Gb  smp_interface.o [4]
smp_long_term_key_requested
                        0x0000c9c9   0x5e  Code  Gb  smp_interface.o [4]
smp_passkey_handler     0x00012a39  0x1d2  Code  Gb  smp_fsm_handlers.o [4]
smp_pl_device_list      0x2000140c   0x4b  Data  Lc  smp_pl.o [4]
smp_pl_local_oob_key    0x20000294   0x10  Data  Lc  smp_pl.o [4]
smp_procedure_timeout_cb
                        0x00012f49   0x1a  Code  Gb  smp_core.o [4]
smp_pstorage_cb         0x00013d4f   0x16  Code  Gb  smp_psstore.o [4]
smp_purge_device_list_pl
                        0x00012da9   0x5e  Code  Gb  smp_pl.o [4]
smp_pvt_addr            0x200008a8   0x14  Data  Gb  smp_init.o [4]
smp_pvt_addr_rand_complete
                        0x0000cd85   0x32  Code  Gb  smp_core.o [4]
smp_rank_count_pl       0x20000289    0x1  Data  Gb  smp_pl.o [4]
smp_remote_pairing_confirm_handler
                        0x00012049   0x3e  Code  Gb  smp_fsm_handlers.o [4]
smp_reset_device_entity
                        0x00012cb1   0x48  Code  Gb  smp_utils.o [4]
smp_resolution_addr     0x20000555    0x6  Data  Gb  smp_init.o [4]
smp_resolution_index    0x20000329    0x1  Data  Gb  smp_init.o [4]
smp_resolve_connection_address_pl
                        0x0000c8fd    0x8  Code  Gb  smp_pl.o [4]
smp_rpa_resolution_handler
                        0x200002e8    0x4  Data  Lc  smp_api.o [4]
smp_sc_get_iocap_assoc_model
                        0x00012811   0x18  Code  Gb  smp_core.o [4]
smp_sc_iocap_assoc_map  0x0000a29b   0x19  Data  Gb  smp_core.o [4]
smp_search_and_add_device
                        0x00012e71   0x18  Code  Gb  smp_utils.o [4]
smp_search_device       0x00004dad   0x3a  Code  Gb  smp_utils.o [4]
smp_send_command        0x0000a78d   0x5e  Code  Gb  smp_core.o [4]
smp_send_event          0x0000aa1d   0x2e  Code  Gb  smp_core.o [4]
smp_send_pairing_failed
                        0x0000a725   0x26  Code  Gb  smp_core.o [4]
smp_send_pairing_reqres
                        0x00012755   0xa4  Code  Gb  smp_core.o [4]
smp_set_device_validity
                        0x0000a955   0x24  Code  Gb  smp_utils.o [4]
smp_set_oob_local_tk_pl
                        0x0000cdbd   0x18  Code  Gb  smp_pl.o [4]
smp_state_event_table   0x00000810   0xb4  Data  Gb  smp_fsm_table.o [4]
smp_storage_read        0x00012f6d   0x68  Code  Gb  smp_psstore.o [4]
smp_storage_write       0x00012fdd   0x66  Code  Gb  smp_psstore.o [4]
smp_tbx_ah_eval         0x000077d9   0x30  Code  Gb  smp_tools.o [4]
smp_tbx_c1_eval         0x00012201   0xa2  Code  Gb  smp_tools.o [4]
smp_tbx_encryption_complete
                        0x0000cbfd   0x78  Code  Gb  smp_tools.o [4]
smp_tbx_rand_complete   0x0000cb95   0x5e  Code  Gb  smp_tools.o [4]
smp_tbx_s1_eval         0x00011fa9   0x3a  Code  Gb  smp_tools.o [4]
smp_timer_start         0x0000a901   0x2a  Code  Gb  smp_core.o [4]
smp_timer_stop          0x0000a935   0x1c  Code  Gb  smp_core.o [4]
smp_ui_notify           0x2000032c    0x4  Data  Gb  smp_init.o [4]
smp_update_device_attr_pl
                        0x0000a97d   0x98  Code  Gb  smp_pl.o [4]
smp_validate_pairing_params
                        0x00012381   0x4a  Code  Gb  smp_core.o [4]
smp_validate_security   0x000128a9   0x20  Code  Gb  smp_core.o [4]
ssign                   0x200002f4    0x4  Data  Lc  storage_pl.o [4]
stack_init_state        0x200003d4    0x1  Data  Gb  BT_common.o [4]
start_schedule_func_handler
                        0x200004d4    0x4  Data  Gb  mint_os_task.o [4]
status_bt_init          0x000033f9    0x8  Code  Gb  status.o [4]
status_flag             0x200002ec    0x4  Data  Lc  status.o [4]
status_init             0x0000315d    0x2  Code  Gb  status.o [4]
storage_bt_init         0x00003589    0xe  Code  Gb  storage.o [4]
storage_bt_init_pl      0x00003ea9   0x24  Code  Gb  storage_pl.o [4]
storage_close_pl        0x000044b9    0x4  Code  Gb  storage_pl.o [4]
storage_get_base_size_for_type
                        0x000042a1   0x14  Code  Lc  storage.o [4]
storage_init            0x00003145   0x14  Code  Gb  storage.o [4]
storage_open_pl         0x00004471   0x18  Code  Gb  storage_pl.o [4]
storage_persistent      0x20001670   0x10  Data  Lc  storage.o [4]
storage_read_pl         0x000045f5   0x1e  Code  Gb  storage_pl.o [4]
storage_read_signature_pl
                        0x0000448d   0x26  Code  Gb  storage_pl.o [4]
storage_register_flash_pointer
                        0x000016fd   0x18  Code  Gb  storage_pl.o [4]
storage_reset_storage_offset
                        0x000043a1    0xa  Code  Lc  storage_pl.o [4]
storage_write_pl        0x00007b0d   0x1c  Code  Gb  storage_pl.o [4]
storage_write_signature_pl
                        0x00007af9    0xe  Code  Gb  storage_pl.o [4]
task_mgr                0x200004c8    0x8  Data  Gb  mint_os_task.o [4]
tbx_context             0x20000328    0x1  Data  Gb  smp_init.o [4]
timer_active_entity     0x00007949   0x1e  Code  Gb  BT_timer.o [4]
timer_alloc_entity      0x0000792d   0x18  Code  Gb  BT_timer.o [4]
timer_allocated_entity  0x00007a69   0x2c  Code  Gb  BT_timer.o [4]
timer_bt_init           0x0000345d    0x2  Code  Gb  BT_timer.o [4]
timer_entity            0x2000156c   0x40  Data  Gb  BT_timer.o [4]
timer_init              0x00002011   0x22  Code  Gb  BT_timer.o [4]
timer_update_offsets    0x000079c5   0x28  Code  Lc  BT_timer.o [4]
totalCalculatedHeapReqSiz
                        0x200004ec    0x2  Data  Gb  CyBle.o [4]
wdtIsrMask              0x2000021c    0x4  Data  Lc  CyLFClk.o [1]
write_task_bt_init      0x00003405   0x18  Code  Gb  write_task.o [4]
write_task_enqueue      0x000035a5   0x80  Code  Gb  write_task.o [4]
write_task_init         0x0000316d   0x42  Code  Gb  write_task.o [4]
write_task_start_routine
                        0x00013049   0x36  Code  Gb  write_task.o [4]
wt_bh_counter           0x200003d0    0x4  Data  Gb  write_task.o [4]
wt_internal_queue       0x200013b4   0x24  Data  Lc  write_task.o [4]
wt_queues               0x200013fc   0x10  Data  Lc  write_task.o [4]
wt_service_queue        0x00013085   0x88  Code  Gb  write_task.o [4]
wt_state                0x200003cc    0x1  Data  Gb  write_task.o [4]
wt_user_api_queue       0x200013d8   0x24  Data  Lc  write_task.o [4]


[1] = C:\Users\Yehuda Ben Chaim\Google Drive\My Projects\WW\FW\WorkingCopy\WWV1_0\WW\BLE_Imp.cydsn\Debug\Obj
[2] = command line
[3] = dl6M_tln.a
[4] = gccCyBLEStack_BLE_SOC_PERIPHERAL.a
[5] = rt6M_tl.a
[6] = shb_l.a

  78 006 bytes of readonly  code memory
   5 001 bytes of readonly  data memory
  10 863 bytes of readwrite data memory

Errors: none
Warnings: none
