ARM GAS  C:\Users\YEHUDA~1\AppData\Local\Temp\cc7stEUZ.s 			page 1


   1              		.syntax unified
   2              		.cpu cortex-m0
   3              		.fpu softvfp
   4              		.eabi_attribute 20, 1
   5              		.eabi_attribute 21, 1
   6              		.eabi_attribute 23, 3
   7              		.eabi_attribute 24, 1
   8              		.eabi_attribute 25, 1
   9              		.eabi_attribute 26, 1
  10              		.eabi_attribute 30, 6
  11              		.eabi_attribute 34, 0
  12              		.eabi_attribute 18, 4
  13              		.thumb
  14              		.syntax unified
  15              		.file	"cyfitter_cfg.c"
  16              		.text
  17              	.Ltext0:
  18              		.cfi_sections	.debug_frame
  19              		.section	.text.CYMEMZERO,"ax",%progbits
  20              		.align	2
  21              		.code	16
  22              		.thumb_func
  23              		.type	CYMEMZERO, %function
  24              	CYMEMZERO:
  25              	.LFB2:
  26              		.file 1 "Generated_Source\\PSoC4\\cyfitter_cfg.c"
   1:Generated_Source\PSoC4/cyfitter_cfg.c **** 
   2:Generated_Source\PSoC4/cyfitter_cfg.c **** /*******************************************************************************
   3:Generated_Source\PSoC4/cyfitter_cfg.c **** * File Name: cyfitter_cfg.c
   4:Generated_Source\PSoC4/cyfitter_cfg.c **** * 
   5:Generated_Source\PSoC4/cyfitter_cfg.c **** * PSoC Creator  4.2
   6:Generated_Source\PSoC4/cyfitter_cfg.c **** *
   7:Generated_Source\PSoC4/cyfitter_cfg.c **** * Description:
   8:Generated_Source\PSoC4/cyfitter_cfg.c **** * This file contains device initialization code.
   9:Generated_Source\PSoC4/cyfitter_cfg.c **** * Except for the user defined sections in CyClockStartupError(), this file should not be modified.
  10:Generated_Source\PSoC4/cyfitter_cfg.c **** * This file is automatically generated by PSoC Creator.
  11:Generated_Source\PSoC4/cyfitter_cfg.c **** *
  12:Generated_Source\PSoC4/cyfitter_cfg.c **** ********************************************************************************
  13:Generated_Source\PSoC4/cyfitter_cfg.c **** * Copyright (c) 2007-2018 Cypress Semiconductor.  All rights reserved.
  14:Generated_Source\PSoC4/cyfitter_cfg.c **** * You may use this file only in accordance with the license, terms, conditions, 
  15:Generated_Source\PSoC4/cyfitter_cfg.c **** * disclaimers, and limitations in the end user license agreement accompanying 
  16:Generated_Source\PSoC4/cyfitter_cfg.c **** * the software package with which this file was provided.
  17:Generated_Source\PSoC4/cyfitter_cfg.c **** ********************************************************************************/
  18:Generated_Source\PSoC4/cyfitter_cfg.c **** 
  19:Generated_Source\PSoC4/cyfitter_cfg.c **** #include <string.h>
  20:Generated_Source\PSoC4/cyfitter_cfg.c **** #include "cytypes.h"
  21:Generated_Source\PSoC4/cyfitter_cfg.c **** #include "cydevice_trm.h"
  22:Generated_Source\PSoC4/cyfitter_cfg.c **** #include "cyfitter.h"
  23:Generated_Source\PSoC4/cyfitter_cfg.c **** #include "CyLib.h"
  24:Generated_Source\PSoC4/cyfitter_cfg.c **** #include "CyLFClk.h"
  25:Generated_Source\PSoC4/cyfitter_cfg.c **** #include "cyfitter_cfg.h"
  26:Generated_Source\PSoC4/cyfitter_cfg.c **** #include "cyapicallbacks.h"
  27:Generated_Source\PSoC4/cyfitter_cfg.c **** 
  28:Generated_Source\PSoC4/cyfitter_cfg.c **** 
  29:Generated_Source\PSoC4/cyfitter_cfg.c **** #if defined(__GNUC__) || defined(__ARMCC_VERSION)
  30:Generated_Source\PSoC4/cyfitter_cfg.c ****     #define CYPACKED 
  31:Generated_Source\PSoC4/cyfitter_cfg.c ****     #define CYPACKED_ATTR __attribute__ ((packed))
ARM GAS  C:\Users\YEHUDA~1\AppData\Local\Temp\cc7stEUZ.s 			page 2


  32:Generated_Source\PSoC4/cyfitter_cfg.c ****     #define CYALIGNED __attribute__ ((aligned))
  33:Generated_Source\PSoC4/cyfitter_cfg.c ****     #define CY_CFG_UNUSED __attribute__ ((unused))
  34:Generated_Source\PSoC4/cyfitter_cfg.c ****     #ifndef CY_CFG_SECTION
  35:Generated_Source\PSoC4/cyfitter_cfg.c ****         #define CY_CFG_SECTION __attribute__ ((section(".psocinit")))
  36:Generated_Source\PSoC4/cyfitter_cfg.c ****     #endif
  37:Generated_Source\PSoC4/cyfitter_cfg.c ****     
  38:Generated_Source\PSoC4/cyfitter_cfg.c ****     #if defined(__ARMCC_VERSION)
  39:Generated_Source\PSoC4/cyfitter_cfg.c ****         #define CY_CFG_MEMORY_BARRIER() __memory_changed()
  40:Generated_Source\PSoC4/cyfitter_cfg.c ****     #else
  41:Generated_Source\PSoC4/cyfitter_cfg.c ****         #define CY_CFG_MEMORY_BARRIER() __sync_synchronize()
  42:Generated_Source\PSoC4/cyfitter_cfg.c ****     #endif
  43:Generated_Source\PSoC4/cyfitter_cfg.c ****     
  44:Generated_Source\PSoC4/cyfitter_cfg.c **** #elif defined(__ICCARM__)
  45:Generated_Source\PSoC4/cyfitter_cfg.c ****     #include <intrinsics.h>
  46:Generated_Source\PSoC4/cyfitter_cfg.c **** 
  47:Generated_Source\PSoC4/cyfitter_cfg.c ****     #define CYPACKED __packed
  48:Generated_Source\PSoC4/cyfitter_cfg.c ****     #define CYPACKED_ATTR 
  49:Generated_Source\PSoC4/cyfitter_cfg.c ****     #define CYALIGNED _Pragma("data_alignment=4")
  50:Generated_Source\PSoC4/cyfitter_cfg.c ****     #define CY_CFG_UNUSED _Pragma("diag_suppress=Pe177")
  51:Generated_Source\PSoC4/cyfitter_cfg.c ****     #define CY_CFG_SECTION _Pragma("location=\".psocinit\"")
  52:Generated_Source\PSoC4/cyfitter_cfg.c ****     
  53:Generated_Source\PSoC4/cyfitter_cfg.c ****     #define CY_CFG_MEMORY_BARRIER() __DMB()
  54:Generated_Source\PSoC4/cyfitter_cfg.c ****     
  55:Generated_Source\PSoC4/cyfitter_cfg.c **** #else
  56:Generated_Source\PSoC4/cyfitter_cfg.c ****     #error Unsupported toolchain
  57:Generated_Source\PSoC4/cyfitter_cfg.c **** #endif
  58:Generated_Source\PSoC4/cyfitter_cfg.c **** 
  59:Generated_Source\PSoC4/cyfitter_cfg.c **** #ifndef CYCODE
  60:Generated_Source\PSoC4/cyfitter_cfg.c ****     #define CYCODE
  61:Generated_Source\PSoC4/cyfitter_cfg.c **** #endif
  62:Generated_Source\PSoC4/cyfitter_cfg.c **** #ifndef CYDATA
  63:Generated_Source\PSoC4/cyfitter_cfg.c ****     #define CYDATA
  64:Generated_Source\PSoC4/cyfitter_cfg.c **** #endif
  65:Generated_Source\PSoC4/cyfitter_cfg.c **** #ifndef CYFAR
  66:Generated_Source\PSoC4/cyfitter_cfg.c ****     #define CYFAR
  67:Generated_Source\PSoC4/cyfitter_cfg.c **** #endif
  68:Generated_Source\PSoC4/cyfitter_cfg.c **** #ifndef CYXDATA
  69:Generated_Source\PSoC4/cyfitter_cfg.c ****     #define CYXDATA
  70:Generated_Source\PSoC4/cyfitter_cfg.c **** #endif
  71:Generated_Source\PSoC4/cyfitter_cfg.c **** 
  72:Generated_Source\PSoC4/cyfitter_cfg.c **** 
  73:Generated_Source\PSoC4/cyfitter_cfg.c **** CY_CFG_UNUSED
  74:Generated_Source\PSoC4/cyfitter_cfg.c **** static void CYMEMZERO(void *s, size_t n);
  75:Generated_Source\PSoC4/cyfitter_cfg.c **** CY_CFG_UNUSED
  76:Generated_Source\PSoC4/cyfitter_cfg.c **** static void CYMEMZERO(void *s, size_t n)
  77:Generated_Source\PSoC4/cyfitter_cfg.c **** {
  27              		.loc 1 77 0
  28              		.cfi_startproc
  29              		@ args = 0, pretend = 0, frame = 8
  30              		@ frame_needed = 1, uses_anonymous_args = 0
  31 0000 80B5     		push	{r7, lr}
  32              		.cfi_def_cfa_offset 8
  33              		.cfi_offset 7, -8
  34              		.cfi_offset 14, -4
  35 0002 82B0     		sub	sp, sp, #8
  36              		.cfi_def_cfa_offset 16
  37 0004 00AF     		add	r7, sp, #0
ARM GAS  C:\Users\YEHUDA~1\AppData\Local\Temp\cc7stEUZ.s 			page 3


  38              		.cfi_def_cfa_register 7
  39 0006 7860     		str	r0, [r7, #4]
  40 0008 3960     		str	r1, [r7]
  78:Generated_Source\PSoC4/cyfitter_cfg.c **** 	(void)memset(s, 0, n);
  41              		.loc 1 78 0
  42 000a 3A68     		ldr	r2, [r7]
  43 000c 7B68     		ldr	r3, [r7, #4]
  44 000e 0021     		movs	r1, #0
  45 0010 1800     		movs	r0, r3
  46 0012 FFF7FEFF 		bl	memset
  79:Generated_Source\PSoC4/cyfitter_cfg.c **** }
  47              		.loc 1 79 0
  48 0016 C046     		nop
  49 0018 BD46     		mov	sp, r7
  50 001a 02B0     		add	sp, sp, #8
  51              		@ sp needed
  52 001c 80BD     		pop	{r7, pc}
  53              		.cfi_endproc
  54              	.LFE2:
  55              		.size	CYMEMZERO, .-CYMEMZERO
  56 001e C046     		.section	.text.CYCONFIGCPY,"ax",%progbits
  57              		.align	2
  58              		.code	16
  59              		.thumb_func
  60              		.type	CYCONFIGCPY, %function
  61              	CYCONFIGCPY:
  62              	.LFB3:
  80:Generated_Source\PSoC4/cyfitter_cfg.c **** CY_CFG_UNUSED
  81:Generated_Source\PSoC4/cyfitter_cfg.c **** static void CYCONFIGCPY(void *dest, const void *src, size_t n);
  82:Generated_Source\PSoC4/cyfitter_cfg.c **** CY_CFG_UNUSED
  83:Generated_Source\PSoC4/cyfitter_cfg.c **** static void CYCONFIGCPY(void *dest, const void *src, size_t n)
  84:Generated_Source\PSoC4/cyfitter_cfg.c **** {
  63              		.loc 1 84 0
  64              		.cfi_startproc
  65              		@ args = 0, pretend = 0, frame = 16
  66              		@ frame_needed = 1, uses_anonymous_args = 0
  67 0000 80B5     		push	{r7, lr}
  68              		.cfi_def_cfa_offset 8
  69              		.cfi_offset 7, -8
  70              		.cfi_offset 14, -4
  71 0002 84B0     		sub	sp, sp, #16
  72              		.cfi_def_cfa_offset 24
  73 0004 00AF     		add	r7, sp, #0
  74              		.cfi_def_cfa_register 7
  75 0006 F860     		str	r0, [r7, #12]
  76 0008 B960     		str	r1, [r7, #8]
  77 000a 7A60     		str	r2, [r7, #4]
  85:Generated_Source\PSoC4/cyfitter_cfg.c **** 	(void)memcpy(dest, src, n);
  78              		.loc 1 85 0
  79 000c 7A68     		ldr	r2, [r7, #4]
  80 000e B968     		ldr	r1, [r7, #8]
  81 0010 FB68     		ldr	r3, [r7, #12]
  82 0012 1800     		movs	r0, r3
  83 0014 FFF7FEFF 		bl	memcpy
  86:Generated_Source\PSoC4/cyfitter_cfg.c **** }
  84              		.loc 1 86 0
  85 0018 C046     		nop
ARM GAS  C:\Users\YEHUDA~1\AppData\Local\Temp\cc7stEUZ.s 			page 4


  86 001a BD46     		mov	sp, r7
  87 001c 04B0     		add	sp, sp, #16
  88              		@ sp needed
  89 001e 80BD     		pop	{r7, pc}
  90              		.cfi_endproc
  91              	.LFE3:
  92              		.size	CYCONFIGCPY, .-CYCONFIGCPY
  93              		.section	.text.CYCONFIGCPYCODE,"ax",%progbits
  94              		.align	2
  95              		.code	16
  96              		.thumb_func
  97              		.type	CYCONFIGCPYCODE, %function
  98              	CYCONFIGCPYCODE:
  99              	.LFB4:
  87:Generated_Source\PSoC4/cyfitter_cfg.c **** CY_CFG_UNUSED
  88:Generated_Source\PSoC4/cyfitter_cfg.c **** static void CYCONFIGCPYCODE(void *dest, const void *src, size_t n);
  89:Generated_Source\PSoC4/cyfitter_cfg.c **** CY_CFG_UNUSED
  90:Generated_Source\PSoC4/cyfitter_cfg.c **** static void CYCONFIGCPYCODE(void *dest, const void *src, size_t n)
  91:Generated_Source\PSoC4/cyfitter_cfg.c **** {
 100              		.loc 1 91 0
 101              		.cfi_startproc
 102              		@ args = 0, pretend = 0, frame = 16
 103              		@ frame_needed = 1, uses_anonymous_args = 0
 104 0000 80B5     		push	{r7, lr}
 105              		.cfi_def_cfa_offset 8
 106              		.cfi_offset 7, -8
 107              		.cfi_offset 14, -4
 108 0002 84B0     		sub	sp, sp, #16
 109              		.cfi_def_cfa_offset 24
 110 0004 00AF     		add	r7, sp, #0
 111              		.cfi_def_cfa_register 7
 112 0006 F860     		str	r0, [r7, #12]
 113 0008 B960     		str	r1, [r7, #8]
 114 000a 7A60     		str	r2, [r7, #4]
  92:Generated_Source\PSoC4/cyfitter_cfg.c **** 	(void)memcpy(dest, src, n);
 115              		.loc 1 92 0
 116 000c 7A68     		ldr	r2, [r7, #4]
 117 000e B968     		ldr	r1, [r7, #8]
 118 0010 FB68     		ldr	r3, [r7, #12]
 119 0012 1800     		movs	r0, r3
 120 0014 FFF7FEFF 		bl	memcpy
  93:Generated_Source\PSoC4/cyfitter_cfg.c **** }
 121              		.loc 1 93 0
 122 0018 C046     		nop
 123 001a BD46     		mov	sp, r7
 124 001c 04B0     		add	sp, sp, #16
 125              		@ sp needed
 126 001e 80BD     		pop	{r7, pc}
 127              		.cfi_endproc
 128              	.LFE4:
 129              		.size	CYCONFIGCPYCODE, .-CYCONFIGCPYCODE
 130              		.section	.psocinit,"ax",%progbits
 131              		.align	2
 132              		.code	16
 133              		.thumb_func
 134              		.type	ClockSetup, %function
 135              	ClockSetup:
ARM GAS  C:\Users\YEHUDA~1\AppData\Local\Temp\cc7stEUZ.s 			page 5


 136              	.LFB5:
  94:Generated_Source\PSoC4/cyfitter_cfg.c **** 
  95:Generated_Source\PSoC4/cyfitter_cfg.c **** 
  96:Generated_Source\PSoC4/cyfitter_cfg.c **** 
  97:Generated_Source\PSoC4/cyfitter_cfg.c **** 
  98:Generated_Source\PSoC4/cyfitter_cfg.c **** /* Clock startup error codes                                                   */
  99:Generated_Source\PSoC4/cyfitter_cfg.c **** #define CYCLOCKSTART_NO_ERROR    0u
 100:Generated_Source\PSoC4/cyfitter_cfg.c **** #define CYCLOCKSTART_XTAL_ERROR  1u
 101:Generated_Source\PSoC4/cyfitter_cfg.c **** #define CYCLOCKSTART_32KHZ_ERROR 2u
 102:Generated_Source\PSoC4/cyfitter_cfg.c **** #define CYCLOCKSTART_PLL_ERROR   3u
 103:Generated_Source\PSoC4/cyfitter_cfg.c **** #define CYCLOCKSTART_FLL_ERROR   4u
 104:Generated_Source\PSoC4/cyfitter_cfg.c **** #define CYCLOCKSTART_WCO_ERROR   5u
 105:Generated_Source\PSoC4/cyfitter_cfg.c **** 
 106:Generated_Source\PSoC4/cyfitter_cfg.c **** 
 107:Generated_Source\PSoC4/cyfitter_cfg.c **** #ifdef CY_NEED_CYCLOCKSTARTUPERROR
 108:Generated_Source\PSoC4/cyfitter_cfg.c **** /*******************************************************************************
 109:Generated_Source\PSoC4/cyfitter_cfg.c **** * Function Name: CyClockStartupError
 110:Generated_Source\PSoC4/cyfitter_cfg.c **** ********************************************************************************
 111:Generated_Source\PSoC4/cyfitter_cfg.c **** * Summary:
 112:Generated_Source\PSoC4/cyfitter_cfg.c **** *  If an error is encountered during clock configuration (crystal startup error,
 113:Generated_Source\PSoC4/cyfitter_cfg.c **** *  PLL lock error, etc.), the system will end up here.  Unless reimplemented by
 114:Generated_Source\PSoC4/cyfitter_cfg.c **** *  the customer, this function will stop in an infinite loop.
 115:Generated_Source\PSoC4/cyfitter_cfg.c **** *
 116:Generated_Source\PSoC4/cyfitter_cfg.c **** * Parameters:
 117:Generated_Source\PSoC4/cyfitter_cfg.c **** *   void
 118:Generated_Source\PSoC4/cyfitter_cfg.c **** *
 119:Generated_Source\PSoC4/cyfitter_cfg.c **** * Return:
 120:Generated_Source\PSoC4/cyfitter_cfg.c **** *   void
 121:Generated_Source\PSoC4/cyfitter_cfg.c **** *
 122:Generated_Source\PSoC4/cyfitter_cfg.c **** *******************************************************************************/
 123:Generated_Source\PSoC4/cyfitter_cfg.c **** CY_CFG_UNUSED
 124:Generated_Source\PSoC4/cyfitter_cfg.c **** static void CyClockStartupError(uint8 errorCode);
 125:Generated_Source\PSoC4/cyfitter_cfg.c **** CY_CFG_UNUSED
 126:Generated_Source\PSoC4/cyfitter_cfg.c **** static void CyClockStartupError(uint8 errorCode)
 127:Generated_Source\PSoC4/cyfitter_cfg.c **** {
 128:Generated_Source\PSoC4/cyfitter_cfg.c ****     /* To remove the compiler warning if errorCode not used.                */
 129:Generated_Source\PSoC4/cyfitter_cfg.c ****     errorCode = errorCode;
 130:Generated_Source\PSoC4/cyfitter_cfg.c **** 
 131:Generated_Source\PSoC4/cyfitter_cfg.c ****     /* If we have a clock startup error (bad MHz crystal, PLL lock, etc.),  */
 132:Generated_Source\PSoC4/cyfitter_cfg.c ****     /* we will end up here to allow the customer to implement something to  */
 133:Generated_Source\PSoC4/cyfitter_cfg.c ****     /* deal with the clock condition.                                       */
 134:Generated_Source\PSoC4/cyfitter_cfg.c **** 
 135:Generated_Source\PSoC4/cyfitter_cfg.c **** #ifdef CY_CFG_CLOCK_STARTUP_ERROR_CALLBACK
 136:Generated_Source\PSoC4/cyfitter_cfg.c ****     CY_CFG_Clock_Startup_ErrorCallback();
 137:Generated_Source\PSoC4/cyfitter_cfg.c **** #else
 138:Generated_Source\PSoC4/cyfitter_cfg.c ****     /*  If not using CY_CFG_CLOCK_STARTUP_ERROR_CALLBACK, place your clock startup code here. */
 139:Generated_Source\PSoC4/cyfitter_cfg.c ****     /* `#START CyClockStartupError` */
 140:Generated_Source\PSoC4/cyfitter_cfg.c **** 
 141:Generated_Source\PSoC4/cyfitter_cfg.c **** 
 142:Generated_Source\PSoC4/cyfitter_cfg.c **** 
 143:Generated_Source\PSoC4/cyfitter_cfg.c ****     /* `#END` */
 144:Generated_Source\PSoC4/cyfitter_cfg.c **** 
 145:Generated_Source\PSoC4/cyfitter_cfg.c ****     while(1) {}
 146:Generated_Source\PSoC4/cyfitter_cfg.c **** #endif /* CY_CFG_CLOCK_STARTUP_ERROR_CALLBACK */
 147:Generated_Source\PSoC4/cyfitter_cfg.c **** }
 148:Generated_Source\PSoC4/cyfitter_cfg.c **** #endif
 149:Generated_Source\PSoC4/cyfitter_cfg.c **** 
ARM GAS  C:\Users\YEHUDA~1\AppData\Local\Temp\cc7stEUZ.s 			page 6


 150:Generated_Source\PSoC4/cyfitter_cfg.c **** 
 151:Generated_Source\PSoC4/cyfitter_cfg.c **** 
 152:Generated_Source\PSoC4/cyfitter_cfg.c **** /*******************************************************************************
 153:Generated_Source\PSoC4/cyfitter_cfg.c **** * Function Name: ClockSetup
 154:Generated_Source\PSoC4/cyfitter_cfg.c **** ********************************************************************************
 155:Generated_Source\PSoC4/cyfitter_cfg.c **** *
 156:Generated_Source\PSoC4/cyfitter_cfg.c **** * Summary:
 157:Generated_Source\PSoC4/cyfitter_cfg.c **** *   Performs the initialization of all of the clocks in the device based on the
 158:Generated_Source\PSoC4/cyfitter_cfg.c **** *   settings in the Clock tab of the DWR.  This includes enabling the requested
 159:Generated_Source\PSoC4/cyfitter_cfg.c **** *   clocks and setting the necessary dividers to produce the desired frequency. 
 160:Generated_Source\PSoC4/cyfitter_cfg.c **** *
 161:Generated_Source\PSoC4/cyfitter_cfg.c **** * Parameters:
 162:Generated_Source\PSoC4/cyfitter_cfg.c **** *   void
 163:Generated_Source\PSoC4/cyfitter_cfg.c **** *
 164:Generated_Source\PSoC4/cyfitter_cfg.c **** * Return:
 165:Generated_Source\PSoC4/cyfitter_cfg.c **** *   void
 166:Generated_Source\PSoC4/cyfitter_cfg.c **** *
 167:Generated_Source\PSoC4/cyfitter_cfg.c **** *******************************************************************************/
 168:Generated_Source\PSoC4/cyfitter_cfg.c **** static void ClockSetup(void);
 169:Generated_Source\PSoC4/cyfitter_cfg.c **** CY_CFG_SECTION
 170:Generated_Source\PSoC4/cyfitter_cfg.c **** static void ClockSetup(void)
 171:Generated_Source\PSoC4/cyfitter_cfg.c **** {
 137              		.loc 1 171 0
 138              		.cfi_startproc
 139              		@ args = 0, pretend = 0, frame = 0
 140              		@ frame_needed = 1, uses_anonymous_args = 0
 141 0000 80B5     		push	{r7, lr}
 142              		.cfi_def_cfa_offset 8
 143              		.cfi_offset 7, -8
 144              		.cfi_offset 14, -4
 145 0002 00AF     		add	r7, sp, #0
 146              		.cfi_def_cfa_register 7
 172:Generated_Source\PSoC4/cyfitter_cfg.c **** 
 173:Generated_Source\PSoC4/cyfitter_cfg.c **** 	/* Set Flash Cycles based on max possible frequency in case a glitch occurs during ClockSetup(). *
 174:Generated_Source\PSoC4/cyfitter_cfg.c **** 	CY_SET_REG32((void CYXDATA *)(CYREG_CPUSS_FLASH_CTL), (0x0012u));
 147              		.loc 1 174 0
 148 0004 284B     		ldr	r3, .L5
 149 0006 1222     		movs	r2, #18
 150 0008 1A60     		str	r2, [r3]
 175:Generated_Source\PSoC4/cyfitter_cfg.c **** 
 176:Generated_Source\PSoC4/cyfitter_cfg.c **** 	/* Start the WCO */
 177:Generated_Source\PSoC4/cyfitter_cfg.c **** 	CySysClkWcoStart();
 151              		.loc 1 177 0
 152 000a FFF7FEFF 		bl	CySysClkWcoStart
 178:Generated_Source\PSoC4/cyfitter_cfg.c **** 	CyDelayCycles(12000000u); /* WCO may take up to 500ms to start */
 153              		.loc 1 178 0
 154 000e 274B     		ldr	r3, .L5+4
 155 0010 1800     		movs	r0, r3
 156 0012 FFF7FEFF 		bl	CyDelayCycles
 179:Generated_Source\PSoC4/cyfitter_cfg.c **** 	(void)CySysClkWcoSetPowerMode(CY_SYS_CLK_WCO_LPM);    /* Switch to the low power mode */
 157              		.loc 1 179 0
 158 0016 0120     		movs	r0, #1
 159 0018 FFF7FEFF 		bl	CySysClkWcoSetPowerMode
 180:Generated_Source\PSoC4/cyfitter_cfg.c **** 
 181:Generated_Source\PSoC4/cyfitter_cfg.c **** 	/* Setup and trim IMO based on desired frequency. */
 182:Generated_Source\PSoC4/cyfitter_cfg.c **** 	CySysClkWriteImoFreq(48u);
 160              		.loc 1 182 0
ARM GAS  C:\Users\YEHUDA~1\AppData\Local\Temp\cc7stEUZ.s 			page 7


 161 001c 3020     		movs	r0, #48
 162 001e FFF7FEFF 		bl	CySysClkWriteImoFreq
 183:Generated_Source\PSoC4/cyfitter_cfg.c **** 	/* CYDEV_CLK_ILO_CONFIG Starting address: CYDEV_CLK_ILO_CONFIG */
 184:Generated_Source\PSoC4/cyfitter_cfg.c **** 	CY_SET_REG32((void *)(CYREG_CLK_ILO_CONFIG), 0x80000006u);
 163              		.loc 1 184 0
 164 0022 234B     		ldr	r3, .L5+8
 165 0024 234A     		ldr	r2, .L5+12
 166 0026 1A60     		str	r2, [r3]
 185:Generated_Source\PSoC4/cyfitter_cfg.c **** 
 186:Generated_Source\PSoC4/cyfitter_cfg.c **** 	/* CYDEV_WDT_CONFIG Starting address: CYDEV_WDT_CONFIG */
 187:Generated_Source\PSoC4/cyfitter_cfg.c **** 	CY_SET_REG32((void *)(CYREG_WDT_CONFIG), 0x40000000u);
 167              		.loc 1 187 0
 168 0028 234B     		ldr	r3, .L5+16
 169 002a 8022     		movs	r2, #128
 170 002c D205     		lsls	r2, r2, #23
 171 002e 1A60     		str	r2, [r3]
 188:Generated_Source\PSoC4/cyfitter_cfg.c **** 
 189:Generated_Source\PSoC4/cyfitter_cfg.c **** 
 190:Generated_Source\PSoC4/cyfitter_cfg.c **** 	/* Enable fast start mode for XO */
 191:Generated_Source\PSoC4/cyfitter_cfg.c **** 	CY_SET_REG32((void*)CYREG_BLE_BLERD_BB_XO, CY_GET_REG32((void*)CYREG_BLE_BLERD_BB_XO) | (uint32)0x
 172              		.loc 1 191 0
 173 0030 224B     		ldr	r3, .L5+20
 174 0032 224A     		ldr	r2, .L5+20
 175 0034 1268     		ldr	r2, [r2]
 176 0036 0221     		movs	r1, #2
 177 0038 0A43     		orrs	r2, r1
 178 003a 1A60     		str	r2, [r3]
 192:Generated_Source\PSoC4/cyfitter_cfg.c **** 	CY_SET_REG32((void *)(CYREG_BLE_BLERD_BB_XO_CAPTRIM), 0x0000BCBCu);
 179              		.loc 1 192 0
 180 003c 204B     		ldr	r3, .L5+24
 181 003e 214A     		ldr	r2, .L5+28
 182 0040 1A60     		str	r2, [r3]
 193:Generated_Source\PSoC4/cyfitter_cfg.c **** 	/*Set XTAL(ECO) divider*/
 194:Generated_Source\PSoC4/cyfitter_cfg.c **** 	CY_SET_REG32((void *)(CYREG_BLE_BLESS_XTAL_CLK_DIV_CONFIG), 0x00000000u);
 183              		.loc 1 194 0
 184 0042 214B     		ldr	r3, .L5+32
 185 0044 0022     		movs	r2, #0
 186 0046 1A60     		str	r2, [r3]
 195:Generated_Source\PSoC4/cyfitter_cfg.c **** 	/* Disable Crystal Stable Interrupt before enabling ECO */
 196:Generated_Source\PSoC4/cyfitter_cfg.c **** 	CY_SET_REG32((void*)CYREG_BLE_BLESS_LL_DSM_CTRL, CY_GET_REG32((void*)CYREG_BLE_BLESS_LL_DSM_CTRL) 
 187              		.loc 1 196 0
 188 0048 204B     		ldr	r3, .L5+36
 189 004a 204A     		ldr	r2, .L5+36
 190 004c 1268     		ldr	r2, [r2]
 191 004e 0821     		movs	r1, #8
 192 0050 8A43     		bics	r2, r1
 193 0052 1A60     		str	r2, [r3]
 197:Generated_Source\PSoC4/cyfitter_cfg.c **** 	/* Start the ECO and do not check status since it is not needed for HFCLK */
 198:Generated_Source\PSoC4/cyfitter_cfg.c **** 	(void)CySysClkEcoStart(2000u);
 194              		.loc 1 198 0
 195 0054 FA23     		movs	r3, #250
 196 0056 DB00     		lsls	r3, r3, #3
 197 0058 1800     		movs	r0, r3
 198 005a FFF7FEFF 		bl	CySysClkEcoStart
 199:Generated_Source\PSoC4/cyfitter_cfg.c **** 	CyDelayUs(1500u); /* Wait to stabilize */
 199              		.loc 1 199 0
 200 005e 1C4B     		ldr	r3, .L5+40
ARM GAS  C:\Users\YEHUDA~1\AppData\Local\Temp\cc7stEUZ.s 			page 8


 201 0060 1800     		movs	r0, r3
 202 0062 FFF7FEFF 		bl	CyDelayUs
 200:Generated_Source\PSoC4/cyfitter_cfg.c **** 
 201:Generated_Source\PSoC4/cyfitter_cfg.c **** 	/* Setup phase aligned clocks */
 202:Generated_Source\PSoC4/cyfitter_cfg.c **** 	CY_SET_REG32((void *)CYREG_PERI_DIV_16_CTL0, 0x00004400u);
 203              		.loc 1 202 0
 204 0066 1B4B     		ldr	r3, .L5+44
 205 0068 8822     		movs	r2, #136
 206 006a D201     		lsls	r2, r2, #7
 207 006c 1A60     		str	r2, [r3]
 203:Generated_Source\PSoC4/cyfitter_cfg.c **** 	CY_SET_REG32((void *)CYREG_PERI_DIV_CMD, 0x8000FF40u);
 208              		.loc 1 203 0
 209 006e 1A4B     		ldr	r3, .L5+48
 210 0070 1A4A     		ldr	r2, .L5+52
 211 0072 1A60     		str	r2, [r3]
 204:Generated_Source\PSoC4/cyfitter_cfg.c **** 
 205:Generated_Source\PSoC4/cyfitter_cfg.c **** 	/* CYDEV_CLK_IMO_CONFIG Starting address: CYDEV_CLK_IMO_CONFIG */
 206:Generated_Source\PSoC4/cyfitter_cfg.c **** 	CY_SET_REG32((void *)(CYREG_CLK_IMO_CONFIG), 0x80000000u);
 212              		.loc 1 206 0
 213 0074 1A4B     		ldr	r3, .L5+56
 214 0076 8022     		movs	r2, #128
 215 0078 1206     		lsls	r2, r2, #24
 216 007a 1A60     		str	r2, [r3]
 207:Generated_Source\PSoC4/cyfitter_cfg.c **** 
 208:Generated_Source\PSoC4/cyfitter_cfg.c **** 	/* CYDEV_CLK_SELECT Starting address: CYDEV_CLK_SELECT */
 209:Generated_Source\PSoC4/cyfitter_cfg.c **** 	CY_SET_REG32((void *)(CYREG_CLK_SELECT), 0x00040000u);
 217              		.loc 1 209 0
 218 007c 194B     		ldr	r3, .L5+60
 219 007e 8022     		movs	r2, #128
 220 0080 D202     		lsls	r2, r2, #11
 221 0082 1A60     		str	r2, [r3]
 210:Generated_Source\PSoC4/cyfitter_cfg.c **** 
 211:Generated_Source\PSoC4/cyfitter_cfg.c **** 	/* CYDEV_PERI_PCLK_CTL1 Starting address: CYDEV_PERI_PCLK_CTL1 */
 212:Generated_Source\PSoC4/cyfitter_cfg.c **** 	CY_SET_REG32((void *)(CYREG_PERI_PCLK_CTL1), 0x00000040u);
 222              		.loc 1 212 0
 223 0084 184B     		ldr	r3, .L5+64
 224 0086 4022     		movs	r2, #64
 225 0088 1A60     		str	r2, [r3]
 213:Generated_Source\PSoC4/cyfitter_cfg.c **** 
 214:Generated_Source\PSoC4/cyfitter_cfg.c **** 	(void)CyIntSetVector(8u, &CySysWdtIsr);
 226              		.loc 1 214 0
 227 008a 184B     		ldr	r3, .L5+68
 228 008c 1900     		movs	r1, r3
 229 008e 0820     		movs	r0, #8
 230 0090 FFF7FEFF 		bl	CyIntSetVector
 215:Generated_Source\PSoC4/cyfitter_cfg.c **** 	CyIntEnable(8u);
 231              		.loc 1 215 0
 232 0094 0820     		movs	r0, #8
 233 0096 FFF7FEFF 		bl	CyIntEnable
 216:Generated_Source\PSoC4/cyfitter_cfg.c **** 	CY_SET_REG32((void *)(CYREG_WDT_CONFIG), 0x40000000u);
 234              		.loc 1 216 0
 235 009a 074B     		ldr	r3, .L5+16
 236 009c 8022     		movs	r2, #128
 237 009e D205     		lsls	r2, r2, #23
 238 00a0 1A60     		str	r2, [r3]
 217:Generated_Source\PSoC4/cyfitter_cfg.c **** }
 239              		.loc 1 217 0
ARM GAS  C:\Users\YEHUDA~1\AppData\Local\Temp\cc7stEUZ.s 			page 9


 240 00a2 C046     		nop
 241 00a4 BD46     		mov	sp, r7
 242              		@ sp needed
 243 00a6 80BD     		pop	{r7, pc}
 244              	.L6:
 245              		.align	2
 246              	.L5:
 247 00a8 30001040 		.word	1074790448
 248 00ac 001BB700 		.word	12000000
 249 00b0 04010B40 		.word	1074462980
 250 00b4 06000080 		.word	-2147483642
 251 00b8 0C020B40 		.word	1074463244
 252 00bc 78002E40 		.word	1076756600
 253 00c0 7C002E40 		.word	1076756604
 254 00c4 BCBC0000 		.word	48316
 255 00c8 64F02E40 		.word	1076818020
 256 00cc 6CF02E40 		.word	1076818028
 257 00d0 DC050000 		.word	1500
 258 00d4 00030140 		.word	1073808128
 259 00d8 00000140 		.word	1073807360
 260 00dc 40FF0080 		.word	-2147418304
 261 00e0 08010B40 		.word	1074462984
 262 00e4 00010B40 		.word	1074462976
 263 00e8 04010140 		.word	1073807620
 264 00ec 00000000 		.word	CySysWdtIsr
 265              		.cfi_endproc
 266              	.LFE5:
 267              		.size	ClockSetup, .-ClockSetup
 268              		.section	.text.AnalogSetDefault,"ax",%progbits
 269              		.align	2
 270              		.code	16
 271              		.thumb_func
 272              		.type	AnalogSetDefault, %function
 273              	AnalogSetDefault:
 274              	.LFB6:
 218:Generated_Source\PSoC4/cyfitter_cfg.c **** 
 219:Generated_Source\PSoC4/cyfitter_cfg.c **** 
 220:Generated_Source\PSoC4/cyfitter_cfg.c **** /* Analog API Functions */
 221:Generated_Source\PSoC4/cyfitter_cfg.c **** 
 222:Generated_Source\PSoC4/cyfitter_cfg.c **** 
 223:Generated_Source\PSoC4/cyfitter_cfg.c **** /*******************************************************************************
 224:Generated_Source\PSoC4/cyfitter_cfg.c **** * Function Name: AnalogSetDefault
 225:Generated_Source\PSoC4/cyfitter_cfg.c **** ********************************************************************************
 226:Generated_Source\PSoC4/cyfitter_cfg.c **** *
 227:Generated_Source\PSoC4/cyfitter_cfg.c **** * Summary:
 228:Generated_Source\PSoC4/cyfitter_cfg.c **** *  Sets up the analog portions of the chip to default values based on chip
 229:Generated_Source\PSoC4/cyfitter_cfg.c **** *  configuration options from the project.
 230:Generated_Source\PSoC4/cyfitter_cfg.c **** *
 231:Generated_Source\PSoC4/cyfitter_cfg.c **** * Parameters:
 232:Generated_Source\PSoC4/cyfitter_cfg.c **** *  void
 233:Generated_Source\PSoC4/cyfitter_cfg.c **** *
 234:Generated_Source\PSoC4/cyfitter_cfg.c **** * Return:
 235:Generated_Source\PSoC4/cyfitter_cfg.c **** *  void
 236:Generated_Source\PSoC4/cyfitter_cfg.c **** *
 237:Generated_Source\PSoC4/cyfitter_cfg.c **** *******************************************************************************/
 238:Generated_Source\PSoC4/cyfitter_cfg.c **** static void AnalogSetDefault(void);
 239:Generated_Source\PSoC4/cyfitter_cfg.c **** static void AnalogSetDefault(void)
ARM GAS  C:\Users\YEHUDA~1\AppData\Local\Temp\cc7stEUZ.s 			page 10


 240:Generated_Source\PSoC4/cyfitter_cfg.c **** {
 275              		.loc 1 240 0
 276              		.cfi_startproc
 277              		@ args = 0, pretend = 0, frame = 0
 278              		@ frame_needed = 1, uses_anonymous_args = 0
 279 0000 80B5     		push	{r7, lr}
 280              		.cfi_def_cfa_offset 8
 281              		.cfi_offset 7, -8
 282              		.cfi_offset 14, -4
 283 0002 00AF     		add	r7, sp, #0
 284              		.cfi_def_cfa_register 7
 241:Generated_Source\PSoC4/cyfitter_cfg.c **** 	CY_SET_XTND_REG32((void CYFAR *)CYREG_CTBM0_DFT_CTRL, 0x00000003u);
 285              		.loc 1 241 0
 286 0004 054B     		ldr	r3, .L8
 287 0006 0322     		movs	r2, #3
 288 0008 1A60     		str	r2, [r3]
 242:Generated_Source\PSoC4/cyfitter_cfg.c **** 	CY_SET_XTND_REG32((void CYFAR *)CYREG_CTBM1_DFT_CTRL, 0x00000003u);
 289              		.loc 1 242 0
 290 000a 054B     		ldr	r3, .L8+4
 291 000c 0322     		movs	r2, #3
 292 000e 1A60     		str	r2, [r3]
 243:Generated_Source\PSoC4/cyfitter_cfg.c **** 	CY_SET_XTND_REG32((void CYFAR *)CYREG_PASS_DSAB_DSAB_CTRL, 0x00000000u);
 293              		.loc 1 243 0
 294 0010 044B     		ldr	r3, .L8+8
 295 0012 0022     		movs	r2, #0
 296 0014 1A60     		str	r2, [r3]
 244:Generated_Source\PSoC4/cyfitter_cfg.c **** }
 297              		.loc 1 244 0
 298 0016 C046     		nop
 299 0018 BD46     		mov	sp, r7
 300              		@ sp needed
 301 001a 80BD     		pop	{r7, pc}
 302              	.L9:
 303              		.align	2
 304              	.L8:
 305 001c 30003040 		.word	1076887600
 306 0020 30003140 		.word	1076953136
 307 0024 000E3F40 		.word	1077874176
 308              		.cfi_endproc
 309              	.LFE6:
 310              		.size	AnalogSetDefault, .-AnalogSetDefault
 311              		.section	.psocinit
 312              		.align	2
 313              		.global	cyfitter_cfg
 314              		.code	16
 315              		.thumb_func
 316              		.type	cyfitter_cfg, %function
 317              	cyfitter_cfg:
 318              	.LFB7:
 245:Generated_Source\PSoC4/cyfitter_cfg.c **** 
 246:Generated_Source\PSoC4/cyfitter_cfg.c **** 
 247:Generated_Source\PSoC4/cyfitter_cfg.c **** 
 248:Generated_Source\PSoC4/cyfitter_cfg.c **** 
 249:Generated_Source\PSoC4/cyfitter_cfg.c **** /*******************************************************************************
 250:Generated_Source\PSoC4/cyfitter_cfg.c **** * Function Name: cyfitter_cfg
 251:Generated_Source\PSoC4/cyfitter_cfg.c **** ********************************************************************************
 252:Generated_Source\PSoC4/cyfitter_cfg.c **** * Summary:
ARM GAS  C:\Users\YEHUDA~1\AppData\Local\Temp\cc7stEUZ.s 			page 11


 253:Generated_Source\PSoC4/cyfitter_cfg.c **** *  This function is called by the start-up code for the selected device. It
 254:Generated_Source\PSoC4/cyfitter_cfg.c **** *  performs all of the necessary device configuration based on the design
 255:Generated_Source\PSoC4/cyfitter_cfg.c **** *  settings.  This includes settings from the Design Wide Resources (DWR) such
 256:Generated_Source\PSoC4/cyfitter_cfg.c **** *  as Clocks and Pins as well as any component configuration that is necessary.
 257:Generated_Source\PSoC4/cyfitter_cfg.c **** *
 258:Generated_Source\PSoC4/cyfitter_cfg.c **** * Parameters:
 259:Generated_Source\PSoC4/cyfitter_cfg.c **** *   void
 260:Generated_Source\PSoC4/cyfitter_cfg.c **** *
 261:Generated_Source\PSoC4/cyfitter_cfg.c **** * Return:
 262:Generated_Source\PSoC4/cyfitter_cfg.c **** *   void
 263:Generated_Source\PSoC4/cyfitter_cfg.c **** *
 264:Generated_Source\PSoC4/cyfitter_cfg.c **** *******************************************************************************/
 265:Generated_Source\PSoC4/cyfitter_cfg.c **** CY_CFG_SECTION
 266:Generated_Source\PSoC4/cyfitter_cfg.c **** void cyfitter_cfg(void)
 267:Generated_Source\PSoC4/cyfitter_cfg.c **** {
 319              		.loc 1 267 0
 320              		.cfi_startproc
 321              		@ args = 0, pretend = 0, frame = 8
 322              		@ frame_needed = 1, uses_anonymous_args = 0
 323 00f0 80B5     		push	{r7, lr}
 324              		.cfi_def_cfa_offset 8
 325              		.cfi_offset 7, -8
 326              		.cfi_offset 14, -4
 327 00f2 82B0     		sub	sp, sp, #8
 328              		.cfi_def_cfa_offset 16
 329 00f4 00AF     		add	r7, sp, #0
 330              		.cfi_def_cfa_register 7
 268:Generated_Source\PSoC4/cyfitter_cfg.c **** 	/* Disable interrupts by default. Let user enable if/when they want. */
 269:Generated_Source\PSoC4/cyfitter_cfg.c **** 	CyGlobalIntDisable;
 331              		.loc 1 269 0
 332              		.syntax divided
 333              	@ 269 "Generated_Source\PSoC4\cyfitter_cfg.c" 1
 334 00f6 72B6     		CPSID   i
 335              	@ 0 "" 2
 270:Generated_Source\PSoC4/cyfitter_cfg.c **** 
 271:Generated_Source\PSoC4/cyfitter_cfg.c **** 	CY_SET_REG32((void *)(CYREG_BLE_BLESS_LL_DSM_CTRL), 0x00000000u);
 336              		.loc 1 271 0
 337              		.thumb
 338              		.syntax unified
 339 00f8 3D4B     		ldr	r3, .L13
 340 00fa 0022     		movs	r2, #0
 341 00fc 1A60     		str	r2, [r3]
 342              	.LBB2:
 272:Generated_Source\PSoC4/cyfitter_cfg.c **** 
 273:Generated_Source\PSoC4/cyfitter_cfg.c **** 	{
 274:Generated_Source\PSoC4/cyfitter_cfg.c **** 
 275:Generated_Source\PSoC4/cyfitter_cfg.c **** 		CYPACKED typedef struct {
 276:Generated_Source\PSoC4/cyfitter_cfg.c **** 			void CYFAR *address;
 277:Generated_Source\PSoC4/cyfitter_cfg.c **** 			uint16 size;
 278:Generated_Source\PSoC4/cyfitter_cfg.c **** 		} CYPACKED_ATTR cfg_memset_t;
 279:Generated_Source\PSoC4/cyfitter_cfg.c **** 
 280:Generated_Source\PSoC4/cyfitter_cfg.c **** 		static const cfg_memset_t CYCODE cfg_memset_list[] = {
 281:Generated_Source\PSoC4/cyfitter_cfg.c **** 			/* address, size */
 282:Generated_Source\PSoC4/cyfitter_cfg.c **** 			{(void CYFAR *)(CYDEV_UDB_P0_U0_BASE), 1024u},
 283:Generated_Source\PSoC4/cyfitter_cfg.c **** 			{(void CYFAR *)(CYDEV_UDB_DSI0_BASE), 1024u},
 284:Generated_Source\PSoC4/cyfitter_cfg.c **** 		};
 285:Generated_Source\PSoC4/cyfitter_cfg.c **** 
ARM GAS  C:\Users\YEHUDA~1\AppData\Local\Temp\cc7stEUZ.s 			page 12


 286:Generated_Source\PSoC4/cyfitter_cfg.c **** 		uint8 CYDATA i;
 287:Generated_Source\PSoC4/cyfitter_cfg.c **** 
 288:Generated_Source\PSoC4/cyfitter_cfg.c **** 		/* Zero out critical memory blocks before beginning configuration */
 289:Generated_Source\PSoC4/cyfitter_cfg.c **** 		for (i = 0u; i < (sizeof(cfg_memset_list)/sizeof(cfg_memset_list[0])); i++)
 343              		.loc 1 289 0
 344 00fe FB1D     		adds	r3, r7, #7
 345 0100 0022     		movs	r2, #0
 346 0102 1A70     		strb	r2, [r3]
 347 0104 22E0     		b	.L11
 348              	.L12:
 349              	.LBB3:
 290:Generated_Source\PSoC4/cyfitter_cfg.c **** 		{
 291:Generated_Source\PSoC4/cyfitter_cfg.c **** 			const cfg_memset_t CYCODE * CYDATA ms = &cfg_memset_list[i];
 350              		.loc 1 291 0 discriminator 3
 351 0106 FB1D     		adds	r3, r7, #7
 352 0108 1A78     		ldrb	r2, [r3]
 353 010a 1300     		movs	r3, r2
 354 010c 5B00     		lsls	r3, r3, #1
 355 010e 9B18     		adds	r3, r3, r2
 356 0110 5B00     		lsls	r3, r3, #1
 357 0112 384A     		ldr	r2, .L13+4
 358 0114 9B18     		adds	r3, r3, r2
 359 0116 3B60     		str	r3, [r7]
 292:Generated_Source\PSoC4/cyfitter_cfg.c **** 			CYMEMZERO(ms->address, (size_t)(uint32)(ms->size));
 360              		.loc 1 292 0 discriminator 3
 361 0118 3B68     		ldr	r3, [r7]
 362 011a 1A78     		ldrb	r2, [r3]
 363 011c 5978     		ldrb	r1, [r3, #1]
 364 011e 0902     		lsls	r1, r1, #8
 365 0120 0A43     		orrs	r2, r1
 366 0122 9978     		ldrb	r1, [r3, #2]
 367 0124 0904     		lsls	r1, r1, #16
 368 0126 0A43     		orrs	r2, r1
 369 0128 DB78     		ldrb	r3, [r3, #3]
 370 012a 1B06     		lsls	r3, r3, #24
 371 012c 1343     		orrs	r3, r2
 372 012e 1800     		movs	r0, r3
 373 0130 3B68     		ldr	r3, [r7]
 374 0132 1A79     		ldrb	r2, [r3, #4]
 375 0134 5B79     		ldrb	r3, [r3, #5]
 376 0136 1B02     		lsls	r3, r3, #8
 377 0138 1343     		orrs	r3, r2
 378 013a 9BB2     		uxth	r3, r3
 379 013c 1900     		movs	r1, r3
 380 013e FFF7FEFF 		bl	CYMEMZERO
 381              	.LBE3:
 289:Generated_Source\PSoC4/cyfitter_cfg.c **** 		{
 382              		.loc 1 289 0 discriminator 3
 383 0142 FB1D     		adds	r3, r7, #7
 384 0144 1A78     		ldrb	r2, [r3]
 385 0146 FB1D     		adds	r3, r7, #7
 386 0148 0132     		adds	r2, r2, #1
 387 014a 1A70     		strb	r2, [r3]
 388              	.L11:
 289:Generated_Source\PSoC4/cyfitter_cfg.c **** 		{
 389              		.loc 1 289 0 is_stmt 0 discriminator 1
 390 014c FB1D     		adds	r3, r7, #7
ARM GAS  C:\Users\YEHUDA~1\AppData\Local\Temp\cc7stEUZ.s 			page 13


 391 014e 1B78     		ldrb	r3, [r3]
 392 0150 012B     		cmp	r3, #1
 393 0152 D8D9     		bls	.L12
 293:Generated_Source\PSoC4/cyfitter_cfg.c **** 		}
 294:Generated_Source\PSoC4/cyfitter_cfg.c **** 
 295:Generated_Source\PSoC4/cyfitter_cfg.c **** 		/* HSIOM Starting address: CYDEV_HSIOM_BASE */
 296:Generated_Source\PSoC4/cyfitter_cfg.c **** 		CY_SET_REG32((void *)(CYDEV_HSIOM_BASE), 0xEE900000u);
 394              		.loc 1 296 0 is_stmt 1
 395 0154 284B     		ldr	r3, .L13+8
 396 0156 294A     		ldr	r2, .L13+12
 397 0158 1A60     		str	r2, [r3]
 297:Generated_Source\PSoC4/cyfitter_cfg.c **** 		CY_SET_REG32((void *)(CYREG_HSIOM_PORT_SEL1), 0x00090000u);
 398              		.loc 1 297 0
 399 015a 294B     		ldr	r3, .L13+16
 400 015c 9022     		movs	r2, #144
 401 015e 1203     		lsls	r2, r2, #12
 402 0160 1A60     		str	r2, [r3]
 298:Generated_Source\PSoC4/cyfitter_cfg.c **** 
 299:Generated_Source\PSoC4/cyfitter_cfg.c **** 		/* UDB_PA_0 Starting address: CYDEV_UDB_PA0_BASE */
 300:Generated_Source\PSoC4/cyfitter_cfg.c **** 		CY_SET_REG32((void *)(CYDEV_UDB_PA0_BASE), 0x00990000u);
 403              		.loc 1 300 0
 404 0162 284B     		ldr	r3, .L13+20
 405 0164 9922     		movs	r2, #153
 406 0166 1204     		lsls	r2, r2, #16
 407 0168 1A60     		str	r2, [r3]
 301:Generated_Source\PSoC4/cyfitter_cfg.c **** 
 302:Generated_Source\PSoC4/cyfitter_cfg.c **** 		/* UDB_PA_1 Starting address: CYDEV_UDB_PA1_BASE */
 303:Generated_Source\PSoC4/cyfitter_cfg.c **** 		CY_SET_REG32((void *)(CYDEV_UDB_PA1_BASE), 0x00990000u);
 408              		.loc 1 303 0
 409 016a 274B     		ldr	r3, .L13+24
 410 016c 9922     		movs	r2, #153
 411 016e 1204     		lsls	r2, r2, #16
 412 0170 1A60     		str	r2, [r3]
 304:Generated_Source\PSoC4/cyfitter_cfg.c **** 
 305:Generated_Source\PSoC4/cyfitter_cfg.c **** 		/* UDB_PA_2 Starting address: CYDEV_UDB_PA2_BASE */
 306:Generated_Source\PSoC4/cyfitter_cfg.c **** 		CY_SET_REG32((void *)(CYDEV_UDB_PA2_BASE), 0x00990000u);
 413              		.loc 1 306 0
 414 0172 264B     		ldr	r3, .L13+28
 415 0174 9922     		movs	r2, #153
 416 0176 1204     		lsls	r2, r2, #16
 417 0178 1A60     		str	r2, [r3]
 307:Generated_Source\PSoC4/cyfitter_cfg.c **** 
 308:Generated_Source\PSoC4/cyfitter_cfg.c **** 		/* UDB_PA_3 Starting address: CYDEV_UDB_PA3_BASE */
 309:Generated_Source\PSoC4/cyfitter_cfg.c **** 		CY_SET_REG32((void *)(CYDEV_UDB_PA3_BASE), 0x00990000u);
 418              		.loc 1 309 0
 419 017a 254B     		ldr	r3, .L13+32
 420 017c 9922     		movs	r2, #153
 421 017e 1204     		lsls	r2, r2, #16
 422 0180 1A60     		str	r2, [r3]
 310:Generated_Source\PSoC4/cyfitter_cfg.c **** 
 311:Generated_Source\PSoC4/cyfitter_cfg.c **** 		/* Enable digital routing */
 312:Generated_Source\PSoC4/cyfitter_cfg.c **** 		CY_SET_XTND_REG8((void *)CYREG_UDB_UDBIF_BANK_CTL, (uint8)(CY_GET_XTND_REG8((void *)CYREG_UDB_UDB
 423              		.loc 1 312 0
 424 0182 244A     		ldr	r2, .L13+36
 425 0184 234B     		ldr	r3, .L13+36
 426 0186 1B78     		ldrb	r3, [r3]
 427 0188 DBB2     		uxtb	r3, r3
ARM GAS  C:\Users\YEHUDA~1\AppData\Local\Temp\cc7stEUZ.s 			page 14


 428 018a 0621     		movs	r1, #6
 429 018c 0B43     		orrs	r3, r1
 430 018e DBB2     		uxtb	r3, r3
 431 0190 1370     		strb	r3, [r2]
 432              	.LBE2:
 313:Generated_Source\PSoC4/cyfitter_cfg.c **** 	}
 314:Generated_Source\PSoC4/cyfitter_cfg.c **** 
 315:Generated_Source\PSoC4/cyfitter_cfg.c **** 	/* Perform second pass device configuration. These items must be configured in specific order afte
 316:Generated_Source\PSoC4/cyfitter_cfg.c **** 	/* IOPINS0_0 Starting address: CYDEV_GPIO_PRT0_BASE */
 317:Generated_Source\PSoC4/cyfitter_cfg.c **** 	CY_SET_REG32((void *)(CYDEV_GPIO_PRT0_BASE), 0x0000002Cu);
 433              		.loc 1 317 0
 434 0192 214B     		ldr	r3, .L13+40
 435 0194 2C22     		movs	r2, #44
 436 0196 1A60     		str	r2, [r3]
 318:Generated_Source\PSoC4/cyfitter_cfg.c **** 	CY_SET_REG32((void *)(CYREG_GPIO_PRT0_PC), 0x00DB64B0u);
 437              		.loc 1 318 0
 438 0198 204B     		ldr	r3, .L13+44
 439 019a 214A     		ldr	r2, .L13+48
 440 019c 1A60     		str	r2, [r3]
 319:Generated_Source\PSoC4/cyfitter_cfg.c **** 	CY_SET_REG32((void *)(CYREG_GPIO_PRT0_INTR_CFG), 0x000000A0u);
 441              		.loc 1 319 0
 442 019e 214B     		ldr	r3, .L13+52
 443 01a0 A022     		movs	r2, #160
 444 01a2 1A60     		str	r2, [r3]
 320:Generated_Source\PSoC4/cyfitter_cfg.c **** 	CY_SET_REG32((void *)(CYREG_GPIO_PRT0_PC2), 0x00000020u);
 445              		.loc 1 320 0
 446 01a4 204B     		ldr	r3, .L13+56
 447 01a6 2022     		movs	r2, #32
 448 01a8 1A60     		str	r2, [r3]
 321:Generated_Source\PSoC4/cyfitter_cfg.c **** 
 322:Generated_Source\PSoC4/cyfitter_cfg.c **** 	/* IOPINS0_1 Starting address: CYDEV_GPIO_PRT1_BASE */
 323:Generated_Source\PSoC4/cyfitter_cfg.c **** 	CY_SET_REG32((void *)(CYDEV_GPIO_PRT1_BASE), 0x00000020u);
 449              		.loc 1 323 0
 450 01aa 204B     		ldr	r3, .L13+60
 451 01ac 2022     		movs	r2, #32
 452 01ae 1A60     		str	r2, [r3]
 324:Generated_Source\PSoC4/cyfitter_cfg.c **** 	CY_SET_REG32((void *)(CYREG_GPIO_PRT1_PC), 0x00011DB6u);
 453              		.loc 1 324 0
 454 01b0 1F4B     		ldr	r3, .L13+64
 455 01b2 204A     		ldr	r2, .L13+68
 456 01b4 1A60     		str	r2, [r3]
 325:Generated_Source\PSoC4/cyfitter_cfg.c **** 	CY_SET_REG32((void *)(CYREG_GPIO_PRT1_INTR_CFG), 0x00000800u);
 457              		.loc 1 325 0
 458 01b6 204B     		ldr	r3, .L13+72
 459 01b8 8022     		movs	r2, #128
 460 01ba 1201     		lsls	r2, r2, #4
 461 01bc 1A60     		str	r2, [r3]
 326:Generated_Source\PSoC4/cyfitter_cfg.c **** 
 327:Generated_Source\PSoC4/cyfitter_cfg.c **** 	/* IOPINS0_2 Starting address: CYDEV_GPIO_PRT2_BASE */
 328:Generated_Source\PSoC4/cyfitter_cfg.c **** 	CY_SET_REG32((void *)(CYDEV_GPIO_PRT2_BASE), 0x00000002u);
 462              		.loc 1 328 0
 463 01be 1F4B     		ldr	r3, .L13+76
 464 01c0 0222     		movs	r2, #2
 465 01c2 1A60     		str	r2, [r3]
 329:Generated_Source\PSoC4/cyfitter_cfg.c **** 	CY_SET_REG32((void *)(CYREG_GPIO_PRT2_PC), 0x00000010u);
 466              		.loc 1 329 0
 467 01c4 1E4B     		ldr	r3, .L13+80
ARM GAS  C:\Users\YEHUDA~1\AppData\Local\Temp\cc7stEUZ.s 			page 15


 468 01c6 1022     		movs	r2, #16
 469 01c8 1A60     		str	r2, [r3]
 330:Generated_Source\PSoC4/cyfitter_cfg.c **** 	CY_SET_REG32((void *)(CYREG_GPIO_PRT2_INTR_CFG), 0x00000008u);
 470              		.loc 1 330 0
 471 01ca 1E4B     		ldr	r3, .L13+84
 472 01cc 0822     		movs	r2, #8
 473 01ce 1A60     		str	r2, [r3]
 331:Generated_Source\PSoC4/cyfitter_cfg.c **** 
 332:Generated_Source\PSoC4/cyfitter_cfg.c **** 	/* IOPINS0_3 Starting address: CYDEV_GPIO_PRT3_BASE */
 333:Generated_Source\PSoC4/cyfitter_cfg.c **** 	CY_SET_REG32((void *)(CYDEV_GPIO_PRT3_BASE), 0x00000040u);
 474              		.loc 1 333 0
 475 01d0 1D4B     		ldr	r3, .L13+88
 476 01d2 4022     		movs	r2, #64
 477 01d4 1A60     		str	r2, [r3]
 334:Generated_Source\PSoC4/cyfitter_cfg.c **** 	CY_SET_REG32((void *)(CYREG_GPIO_PRT3_PC), 0x00180000u);
 478              		.loc 1 334 0
 479 01d6 1D4B     		ldr	r3, .L13+92
 480 01d8 C022     		movs	r2, #192
 481 01da 5203     		lsls	r2, r2, #13
 482 01dc 1A60     		str	r2, [r3]
 335:Generated_Source\PSoC4/cyfitter_cfg.c **** 
 336:Generated_Source\PSoC4/cyfitter_cfg.c **** 
 337:Generated_Source\PSoC4/cyfitter_cfg.c **** 	/* Setup clocks based on selections from Clock DWR */
 338:Generated_Source\PSoC4/cyfitter_cfg.c **** 	ClockSetup();
 483              		.loc 1 338 0
 484 01de FFF70FFF 		bl	ClockSetup
 339:Generated_Source\PSoC4/cyfitter_cfg.c **** 
 340:Generated_Source\PSoC4/cyfitter_cfg.c **** 	/* Perform basic analog initialization to defaults */
 341:Generated_Source\PSoC4/cyfitter_cfg.c **** 	AnalogSetDefault();
 485              		.loc 1 341 0
 486 01e2 FFF7FEFF 		bl	AnalogSetDefault
 342:Generated_Source\PSoC4/cyfitter_cfg.c **** 
 343:Generated_Source\PSoC4/cyfitter_cfg.c **** }
 487              		.loc 1 343 0
 488 01e6 C046     		nop
 489 01e8 BD46     		mov	sp, r7
 490 01ea 02B0     		add	sp, sp, #8
 491              		@ sp needed
 492 01ec 80BD     		pop	{r7, pc}
 493              	.L14:
 494 01ee C046     		.align	2
 495              	.L13:
 496 01f0 6CF02E40 		.word	1076818028
 497 01f4 00000000 		.word	cfg_memset_list.4884
 498 01f8 00000240 		.word	1073872896
 499 01fc 000090EE 		.word	-292552704
 500 0200 00010240 		.word	1073873152
 501 0204 00500F40 		.word	1074745344
 502 0208 10500F40 		.word	1074745360
 503 020c 20500F40 		.word	1074745376
 504 0210 30500F40 		.word	1074745392
 505 0214 00700F40 		.word	1074753536
 506 0218 00000440 		.word	1074003968
 507 021c 08000440 		.word	1074003976
 508 0220 B064DB00 		.word	14378160
 509 0224 0C000440 		.word	1074003980
 510 0228 18000440 		.word	1074003992
ARM GAS  C:\Users\YEHUDA~1\AppData\Local\Temp\cc7stEUZ.s 			page 16


 511 022c 00010440 		.word	1074004224
 512 0230 08010440 		.word	1074004232
 513 0234 B61D0100 		.word	73142
 514 0238 0C010440 		.word	1074004236
 515 023c 00020440 		.word	1074004480
 516 0240 08020440 		.word	1074004488
 517 0244 0C020440 		.word	1074004492
 518 0248 00030440 		.word	1074004736
 519 024c 08030440 		.word	1074004744
 520              		.cfi_endproc
 521              	.LFE7:
 522              		.size	cyfitter_cfg, .-cyfitter_cfg
 523              		.section	.rodata
 524              		.align	2
 525              		.type	cfg_memset_list.4884, %object
 526              		.size	cfg_memset_list.4884, 12
 527              	cfg_memset_list.4884:
 528 0000 00300F40 		.word	1074737152
 529 0004 0004     		.short	1024
 530 0006 00400F40 		.4byte	1074741248
 531 000a 0004     		.short	1024
 532              		.text
 533              	.Letext0:
 534              		.file 2 "c:\\program files (x86)\\cypress\\psoc creator\\4.2\\psoc creator\\import\\gnu\\arm\\5.4.
 535              		.file 3 "Generated_Source\\PSoC4\\cytypes.h"
 536              		.section	.debug_info,"",%progbits
 537              	.Ldebug_info0:
 538 0000 55020000 		.4byte	0x255
 539 0004 0400     		.2byte	0x4
 540 0006 00000000 		.4byte	.Ldebug_abbrev0
 541 000a 04       		.byte	0x4
 542 000b 01       		.uleb128 0x1
 543 000c D7000000 		.4byte	.LASF30
 544 0010 0C       		.byte	0xc
 545 0011 1B020000 		.4byte	.LASF31
 546 0015 73000000 		.4byte	.LASF32
 547 0019 00000000 		.4byte	.Ldebug_ranges0+0
 548 001d 00000000 		.4byte	0
 549 0021 00000000 		.4byte	.Ldebug_line0
 550 0025 02       		.uleb128 0x2
 551 0026 04       		.byte	0x4
 552 0027 05       		.byte	0x5
 553 0028 696E7400 		.ascii	"int\000"
 554 002c 03       		.uleb128 0x3
 555 002d 06000000 		.4byte	.LASF12
 556 0031 02       		.byte	0x2
 557 0032 D8       		.byte	0xd8
 558 0033 37000000 		.4byte	0x37
 559 0037 04       		.uleb128 0x4
 560 0038 04       		.byte	0x4
 561 0039 07       		.byte	0x7
 562 003a 95010000 		.4byte	.LASF0
 563 003e 04       		.uleb128 0x4
 564 003f 08       		.byte	0x8
 565 0040 05       		.byte	0x5
 566 0041 D7010000 		.4byte	.LASF1
 567 0045 04       		.uleb128 0x4
ARM GAS  C:\Users\YEHUDA~1\AppData\Local\Temp\cc7stEUZ.s 			page 17


 568 0046 08       		.byte	0x8
 569 0047 04       		.byte	0x4
 570 0048 03020000 		.4byte	.LASF2
 571 004c 04       		.uleb128 0x4
 572 004d 01       		.byte	0x1
 573 004e 06       		.byte	0x6
 574 004f 0F020000 		.4byte	.LASF3
 575 0053 04       		.uleb128 0x4
 576 0054 01       		.byte	0x1
 577 0055 08       		.byte	0x8
 578 0056 65010000 		.4byte	.LASF4
 579 005a 04       		.uleb128 0x4
 580 005b 02       		.byte	0x2
 581 005c 05       		.byte	0x5
 582 005d EA010000 		.4byte	.LASF5
 583 0061 04       		.uleb128 0x4
 584 0062 02       		.byte	0x2
 585 0063 07       		.byte	0x7
 586 0064 39000000 		.4byte	.LASF6
 587 0068 04       		.uleb128 0x4
 588 0069 04       		.byte	0x4
 589 006a 05       		.byte	0x5
 590 006b FA010000 		.4byte	.LASF7
 591 006f 04       		.uleb128 0x4
 592 0070 04       		.byte	0x4
 593 0071 07       		.byte	0x7
 594 0072 61000000 		.4byte	.LASF8
 595 0076 04       		.uleb128 0x4
 596 0077 08       		.byte	0x8
 597 0078 07       		.byte	0x7
 598 0079 AA010000 		.4byte	.LASF9
 599 007d 04       		.uleb128 0x4
 600 007e 04       		.byte	0x4
 601 007f 07       		.byte	0x7
 602 0080 CE010000 		.4byte	.LASF10
 603 0084 05       		.uleb128 0x5
 604 0085 04       		.byte	0x4
 605 0086 04       		.uleb128 0x4
 606 0087 01       		.byte	0x1
 607 0088 08       		.byte	0x8
 608 0089 E5010000 		.4byte	.LASF11
 609 008d 06       		.uleb128 0x6
 610 008e F4010000 		.4byte	.LASF13
 611 0092 03       		.byte	0x3
 612 0093 E401     		.2byte	0x1e4
 613 0095 53000000 		.4byte	0x53
 614 0099 06       		.uleb128 0x6
 615 009a 87010000 		.4byte	.LASF14
 616 009e 03       		.byte	0x3
 617 009f E501     		.2byte	0x1e5
 618 00a1 61000000 		.4byte	0x61
 619 00a5 06       		.uleb128 0x6
 620 00a6 8E010000 		.4byte	.LASF15
 621 00aa 03       		.byte	0x3
 622 00ab E601     		.2byte	0x1e6
 623 00ad 6F000000 		.4byte	0x6f
 624 00b1 04       		.uleb128 0x4
ARM GAS  C:\Users\YEHUDA~1\AppData\Local\Temp\cc7stEUZ.s 			page 18


 625 00b2 04       		.byte	0x4
 626 00b3 04       		.byte	0x4
 627 00b4 4C000000 		.4byte	.LASF16
 628 00b8 04       		.uleb128 0x4
 629 00b9 08       		.byte	0x8
 630 00ba 04       		.byte	0x4
 631 00bb 73010000 		.4byte	.LASF17
 632 00bf 06       		.uleb128 0x6
 633 00c0 5C000000 		.4byte	.LASF18
 634 00c4 03       		.byte	0x3
 635 00c5 8E02     		.2byte	0x28e
 636 00c7 CB000000 		.4byte	0xcb
 637 00cb 07       		.uleb128 0x7
 638 00cc 8D000000 		.4byte	0x8d
 639 00d0 06       		.uleb128 0x6
 640 00d1 00000000 		.4byte	.LASF19
 641 00d5 03       		.byte	0x3
 642 00d6 9002     		.2byte	0x290
 643 00d8 DC000000 		.4byte	0xdc
 644 00dc 07       		.uleb128 0x7
 645 00dd A5000000 		.4byte	0xa5
 646 00e1 08       		.uleb128 0x8
 647 00e2 CD000000 		.4byte	.LASF20
 648 00e6 01       		.byte	0x1
 649 00e7 4C       		.byte	0x4c
 650 00e8 00000000 		.4byte	.LFB2
 651 00ec 1E000000 		.4byte	.LFE2-.LFB2
 652 00f0 01       		.uleb128 0x1
 653 00f1 9C       		.byte	0x9c
 654 00f2 0F010000 		.4byte	0x10f
 655 00f6 09       		.uleb128 0x9
 656 00f7 7300     		.ascii	"s\000"
 657 00f9 01       		.byte	0x1
 658 00fa 4C       		.byte	0x4c
 659 00fb 84000000 		.4byte	0x84
 660 00ff 02       		.uleb128 0x2
 661 0100 91       		.byte	0x91
 662 0101 74       		.sleb128 -12
 663 0102 09       		.uleb128 0x9
 664 0103 6E00     		.ascii	"n\000"
 665 0105 01       		.byte	0x1
 666 0106 4C       		.byte	0x4c
 667 0107 2C000000 		.4byte	0x2c
 668 010b 02       		.uleb128 0x2
 669 010c 91       		.byte	0x91
 670 010d 70       		.sleb128 -16
 671 010e 00       		.byte	0
 672 010f 08       		.uleb128 0x8
 673 0110 51020000 		.4byte	.LASF21
 674 0114 01       		.byte	0x1
 675 0115 53       		.byte	0x53
 676 0116 00000000 		.4byte	.LFB3
 677 011a 20000000 		.4byte	.LFE3-.LFB3
 678 011e 01       		.uleb128 0x1
 679 011f 9C       		.byte	0x9c
 680 0120 4D010000 		.4byte	0x14d
 681 0124 0A       		.uleb128 0xa
ARM GAS  C:\Users\YEHUDA~1\AppData\Local\Temp\cc7stEUZ.s 			page 19


 682 0125 52000000 		.4byte	.LASF22
 683 0129 01       		.byte	0x1
 684 012a 53       		.byte	0x53
 685 012b 84000000 		.4byte	0x84
 686 012f 02       		.uleb128 0x2
 687 0130 91       		.byte	0x91
 688 0131 74       		.sleb128 -12
 689 0132 09       		.uleb128 0x9
 690 0133 73726300 		.ascii	"src\000"
 691 0137 01       		.byte	0x1
 692 0138 53       		.byte	0x53
 693 0139 4D010000 		.4byte	0x14d
 694 013d 02       		.uleb128 0x2
 695 013e 91       		.byte	0x91
 696 013f 70       		.sleb128 -16
 697 0140 09       		.uleb128 0x9
 698 0141 6E00     		.ascii	"n\000"
 699 0143 01       		.byte	0x1
 700 0144 53       		.byte	0x53
 701 0145 2C000000 		.4byte	0x2c
 702 0149 02       		.uleb128 0x2
 703 014a 91       		.byte	0x91
 704 014b 6C       		.sleb128 -20
 705 014c 00       		.byte	0
 706 014d 0B       		.uleb128 0xb
 707 014e 04       		.byte	0x4
 708 014f 53010000 		.4byte	0x153
 709 0153 0C       		.uleb128 0xc
 710 0154 08       		.uleb128 0x8
 711 0155 41020000 		.4byte	.LASF23
 712 0159 01       		.byte	0x1
 713 015a 5A       		.byte	0x5a
 714 015b 00000000 		.4byte	.LFB4
 715 015f 20000000 		.4byte	.LFE4-.LFB4
 716 0163 01       		.uleb128 0x1
 717 0164 9C       		.byte	0x9c
 718 0165 92010000 		.4byte	0x192
 719 0169 0A       		.uleb128 0xa
 720 016a 52000000 		.4byte	.LASF22
 721 016e 01       		.byte	0x1
 722 016f 5A       		.byte	0x5a
 723 0170 84000000 		.4byte	0x84
 724 0174 02       		.uleb128 0x2
 725 0175 91       		.byte	0x91
 726 0176 74       		.sleb128 -12
 727 0177 09       		.uleb128 0x9
 728 0178 73726300 		.ascii	"src\000"
 729 017c 01       		.byte	0x1
 730 017d 5A       		.byte	0x5a
 731 017e 4D010000 		.4byte	0x14d
 732 0182 02       		.uleb128 0x2
 733 0183 91       		.byte	0x91
 734 0184 70       		.sleb128 -16
 735 0185 09       		.uleb128 0x9
 736 0186 6E00     		.ascii	"n\000"
 737 0188 01       		.byte	0x1
 738 0189 5A       		.byte	0x5a
ARM GAS  C:\Users\YEHUDA~1\AppData\Local\Temp\cc7stEUZ.s 			page 20


 739 018a 2C000000 		.4byte	0x2c
 740 018e 02       		.uleb128 0x2
 741 018f 91       		.byte	0x91
 742 0190 6C       		.sleb128 -20
 743 0191 00       		.byte	0
 744 0192 0D       		.uleb128 0xd
 745 0193 2E000000 		.4byte	.LASF24
 746 0197 01       		.byte	0x1
 747 0198 AA       		.byte	0xaa
 748 0199 00000000 		.4byte	.LFB5
 749 019d F0000000 		.4byte	.LFE5-.LFB5
 750 01a1 01       		.uleb128 0x1
 751 01a2 9C       		.byte	0x9c
 752 01a3 0E       		.uleb128 0xe
 753 01a4 0D000000 		.4byte	.LASF25
 754 01a8 01       		.byte	0x1
 755 01a9 EF       		.byte	0xef
 756 01aa 00000000 		.4byte	.LFB6
 757 01ae 28000000 		.4byte	.LFE6-.LFB6
 758 01b2 01       		.uleb128 0x1
 759 01b3 9C       		.byte	0x9c
 760 01b4 0F       		.uleb128 0xf
 761 01b5 7A010000 		.4byte	.LASF33
 762 01b9 01       		.byte	0x1
 763 01ba 0A01     		.2byte	0x10a
 764 01bc F0000000 		.4byte	.LFB7
 765 01c0 60010000 		.4byte	.LFE7-.LFB7
 766 01c4 01       		.uleb128 0x1
 767 01c5 9C       		.byte	0x9c
 768 01c6 10       		.uleb128 0x10
 769 01c7 FE000000 		.4byte	.LBB2
 770 01cb 94000000 		.4byte	.LBE2-.LBB2
 771 01cf 11       		.uleb128 0x11
 772 01d0 06       		.byte	0x6
 773 01d1 01       		.byte	0x1
 774 01d2 1301     		.2byte	0x113
 775 01d4 F3010000 		.4byte	0x1f3
 776 01d8 12       		.uleb128 0x12
 777 01d9 A2010000 		.4byte	.LASF26
 778 01dd 01       		.byte	0x1
 779 01de 1401     		.2byte	0x114
 780 01e0 84000000 		.4byte	0x84
 781 01e4 00       		.byte	0
 782 01e5 12       		.uleb128 0x12
 783 01e6 57000000 		.4byte	.LASF27
 784 01ea 01       		.byte	0x1
 785 01eb 1501     		.2byte	0x115
 786 01ed 99000000 		.4byte	0x99
 787 01f1 04       		.byte	0x4
 788 01f2 00       		.byte	0
 789 01f3 06       		.uleb128 0x6
 790 01f4 C1010000 		.4byte	.LASF28
 791 01f8 01       		.byte	0x1
 792 01f9 1601     		.2byte	0x116
 793 01fb CF010000 		.4byte	0x1cf
 794 01ff 13       		.uleb128 0x13
 795 0200 0F020000 		.4byte	0x20f
ARM GAS  C:\Users\YEHUDA~1\AppData\Local\Temp\cc7stEUZ.s 			page 21


 796 0204 0F020000 		.4byte	0x20f
 797 0208 14       		.uleb128 0x14
 798 0209 7D000000 		.4byte	0x7d
 799 020d 01       		.byte	0x1
 800 020e 00       		.byte	0
 801 020f 15       		.uleb128 0x15
 802 0210 F3010000 		.4byte	0x1f3
 803 0214 16       		.uleb128 0x16
 804 0215 1E000000 		.4byte	.LASF29
 805 0219 01       		.byte	0x1
 806 021a 1801     		.2byte	0x118
 807 021c 26020000 		.4byte	0x226
 808 0220 05       		.uleb128 0x5
 809 0221 03       		.byte	0x3
 810 0222 00000000 		.4byte	cfg_memset_list.4884
 811 0226 15       		.uleb128 0x15
 812 0227 FF010000 		.4byte	0x1ff
 813 022b 17       		.uleb128 0x17
 814 022c 6900     		.ascii	"i\000"
 815 022e 01       		.byte	0x1
 816 022f 1E01     		.2byte	0x11e
 817 0231 8D000000 		.4byte	0x8d
 818 0235 02       		.uleb128 0x2
 819 0236 91       		.byte	0x91
 820 0237 77       		.sleb128 -9
 821 0238 10       		.uleb128 0x10
 822 0239 06010000 		.4byte	.LBB3
 823 023d 3C000000 		.4byte	.LBE3-.LBB3
 824 0241 17       		.uleb128 0x17
 825 0242 6D7300   		.ascii	"ms\000"
 826 0245 01       		.byte	0x1
 827 0246 2301     		.2byte	0x123
 828 0248 4F020000 		.4byte	0x24f
 829 024c 02       		.uleb128 0x2
 830 024d 91       		.byte	0x91
 831 024e 70       		.sleb128 -16
 832 024f 0B       		.uleb128 0xb
 833 0250 04       		.byte	0x4
 834 0251 0F020000 		.4byte	0x20f
 835 0255 00       		.byte	0
 836 0256 00       		.byte	0
 837 0257 00       		.byte	0
 838 0258 00       		.byte	0
 839              		.section	.debug_abbrev,"",%progbits
 840              	.Ldebug_abbrev0:
 841 0000 01       		.uleb128 0x1
 842 0001 11       		.uleb128 0x11
 843 0002 01       		.byte	0x1
 844 0003 25       		.uleb128 0x25
 845 0004 0E       		.uleb128 0xe
 846 0005 13       		.uleb128 0x13
 847 0006 0B       		.uleb128 0xb
 848 0007 03       		.uleb128 0x3
 849 0008 0E       		.uleb128 0xe
 850 0009 1B       		.uleb128 0x1b
 851 000a 0E       		.uleb128 0xe
 852 000b 55       		.uleb128 0x55
ARM GAS  C:\Users\YEHUDA~1\AppData\Local\Temp\cc7stEUZ.s 			page 22


 853 000c 17       		.uleb128 0x17
 854 000d 11       		.uleb128 0x11
 855 000e 01       		.uleb128 0x1
 856 000f 10       		.uleb128 0x10
 857 0010 17       		.uleb128 0x17
 858 0011 00       		.byte	0
 859 0012 00       		.byte	0
 860 0013 02       		.uleb128 0x2
 861 0014 24       		.uleb128 0x24
 862 0015 00       		.byte	0
 863 0016 0B       		.uleb128 0xb
 864 0017 0B       		.uleb128 0xb
 865 0018 3E       		.uleb128 0x3e
 866 0019 0B       		.uleb128 0xb
 867 001a 03       		.uleb128 0x3
 868 001b 08       		.uleb128 0x8
 869 001c 00       		.byte	0
 870 001d 00       		.byte	0
 871 001e 03       		.uleb128 0x3
 872 001f 16       		.uleb128 0x16
 873 0020 00       		.byte	0
 874 0021 03       		.uleb128 0x3
 875 0022 0E       		.uleb128 0xe
 876 0023 3A       		.uleb128 0x3a
 877 0024 0B       		.uleb128 0xb
 878 0025 3B       		.uleb128 0x3b
 879 0026 0B       		.uleb128 0xb
 880 0027 49       		.uleb128 0x49
 881 0028 13       		.uleb128 0x13
 882 0029 00       		.byte	0
 883 002a 00       		.byte	0
 884 002b 04       		.uleb128 0x4
 885 002c 24       		.uleb128 0x24
 886 002d 00       		.byte	0
 887 002e 0B       		.uleb128 0xb
 888 002f 0B       		.uleb128 0xb
 889 0030 3E       		.uleb128 0x3e
 890 0031 0B       		.uleb128 0xb
 891 0032 03       		.uleb128 0x3
 892 0033 0E       		.uleb128 0xe
 893 0034 00       		.byte	0
 894 0035 00       		.byte	0
 895 0036 05       		.uleb128 0x5
 896 0037 0F       		.uleb128 0xf
 897 0038 00       		.byte	0
 898 0039 0B       		.uleb128 0xb
 899 003a 0B       		.uleb128 0xb
 900 003b 00       		.byte	0
 901 003c 00       		.byte	0
 902 003d 06       		.uleb128 0x6
 903 003e 16       		.uleb128 0x16
 904 003f 00       		.byte	0
 905 0040 03       		.uleb128 0x3
 906 0041 0E       		.uleb128 0xe
 907 0042 3A       		.uleb128 0x3a
 908 0043 0B       		.uleb128 0xb
 909 0044 3B       		.uleb128 0x3b
ARM GAS  C:\Users\YEHUDA~1\AppData\Local\Temp\cc7stEUZ.s 			page 23


 910 0045 05       		.uleb128 0x5
 911 0046 49       		.uleb128 0x49
 912 0047 13       		.uleb128 0x13
 913 0048 00       		.byte	0
 914 0049 00       		.byte	0
 915 004a 07       		.uleb128 0x7
 916 004b 35       		.uleb128 0x35
 917 004c 00       		.byte	0
 918 004d 49       		.uleb128 0x49
 919 004e 13       		.uleb128 0x13
 920 004f 00       		.byte	0
 921 0050 00       		.byte	0
 922 0051 08       		.uleb128 0x8
 923 0052 2E       		.uleb128 0x2e
 924 0053 01       		.byte	0x1
 925 0054 03       		.uleb128 0x3
 926 0055 0E       		.uleb128 0xe
 927 0056 3A       		.uleb128 0x3a
 928 0057 0B       		.uleb128 0xb
 929 0058 3B       		.uleb128 0x3b
 930 0059 0B       		.uleb128 0xb
 931 005a 27       		.uleb128 0x27
 932 005b 19       		.uleb128 0x19
 933 005c 11       		.uleb128 0x11
 934 005d 01       		.uleb128 0x1
 935 005e 12       		.uleb128 0x12
 936 005f 06       		.uleb128 0x6
 937 0060 40       		.uleb128 0x40
 938 0061 18       		.uleb128 0x18
 939 0062 9642     		.uleb128 0x2116
 940 0064 19       		.uleb128 0x19
 941 0065 01       		.uleb128 0x1
 942 0066 13       		.uleb128 0x13
 943 0067 00       		.byte	0
 944 0068 00       		.byte	0
 945 0069 09       		.uleb128 0x9
 946 006a 05       		.uleb128 0x5
 947 006b 00       		.byte	0
 948 006c 03       		.uleb128 0x3
 949 006d 08       		.uleb128 0x8
 950 006e 3A       		.uleb128 0x3a
 951 006f 0B       		.uleb128 0xb
 952 0070 3B       		.uleb128 0x3b
 953 0071 0B       		.uleb128 0xb
 954 0072 49       		.uleb128 0x49
 955 0073 13       		.uleb128 0x13
 956 0074 02       		.uleb128 0x2
 957 0075 18       		.uleb128 0x18
 958 0076 00       		.byte	0
 959 0077 00       		.byte	0
 960 0078 0A       		.uleb128 0xa
 961 0079 05       		.uleb128 0x5
 962 007a 00       		.byte	0
 963 007b 03       		.uleb128 0x3
 964 007c 0E       		.uleb128 0xe
 965 007d 3A       		.uleb128 0x3a
 966 007e 0B       		.uleb128 0xb
ARM GAS  C:\Users\YEHUDA~1\AppData\Local\Temp\cc7stEUZ.s 			page 24


 967 007f 3B       		.uleb128 0x3b
 968 0080 0B       		.uleb128 0xb
 969 0081 49       		.uleb128 0x49
 970 0082 13       		.uleb128 0x13
 971 0083 02       		.uleb128 0x2
 972 0084 18       		.uleb128 0x18
 973 0085 00       		.byte	0
 974 0086 00       		.byte	0
 975 0087 0B       		.uleb128 0xb
 976 0088 0F       		.uleb128 0xf
 977 0089 00       		.byte	0
 978 008a 0B       		.uleb128 0xb
 979 008b 0B       		.uleb128 0xb
 980 008c 49       		.uleb128 0x49
 981 008d 13       		.uleb128 0x13
 982 008e 00       		.byte	0
 983 008f 00       		.byte	0
 984 0090 0C       		.uleb128 0xc
 985 0091 26       		.uleb128 0x26
 986 0092 00       		.byte	0
 987 0093 00       		.byte	0
 988 0094 00       		.byte	0
 989 0095 0D       		.uleb128 0xd
 990 0096 2E       		.uleb128 0x2e
 991 0097 00       		.byte	0
 992 0098 03       		.uleb128 0x3
 993 0099 0E       		.uleb128 0xe
 994 009a 3A       		.uleb128 0x3a
 995 009b 0B       		.uleb128 0xb
 996 009c 3B       		.uleb128 0x3b
 997 009d 0B       		.uleb128 0xb
 998 009e 27       		.uleb128 0x27
 999 009f 19       		.uleb128 0x19
 1000 00a0 11       		.uleb128 0x11
 1001 00a1 01       		.uleb128 0x1
 1002 00a2 12       		.uleb128 0x12
 1003 00a3 06       		.uleb128 0x6
 1004 00a4 40       		.uleb128 0x40
 1005 00a5 18       		.uleb128 0x18
 1006 00a6 9642     		.uleb128 0x2116
 1007 00a8 19       		.uleb128 0x19
 1008 00a9 00       		.byte	0
 1009 00aa 00       		.byte	0
 1010 00ab 0E       		.uleb128 0xe
 1011 00ac 2E       		.uleb128 0x2e
 1012 00ad 00       		.byte	0
 1013 00ae 03       		.uleb128 0x3
 1014 00af 0E       		.uleb128 0xe
 1015 00b0 3A       		.uleb128 0x3a
 1016 00b1 0B       		.uleb128 0xb
 1017 00b2 3B       		.uleb128 0x3b
 1018 00b3 0B       		.uleb128 0xb
 1019 00b4 27       		.uleb128 0x27
 1020 00b5 19       		.uleb128 0x19
 1021 00b6 11       		.uleb128 0x11
 1022 00b7 01       		.uleb128 0x1
 1023 00b8 12       		.uleb128 0x12
ARM GAS  C:\Users\YEHUDA~1\AppData\Local\Temp\cc7stEUZ.s 			page 25


 1024 00b9 06       		.uleb128 0x6
 1025 00ba 40       		.uleb128 0x40
 1026 00bb 18       		.uleb128 0x18
 1027 00bc 9742     		.uleb128 0x2117
 1028 00be 19       		.uleb128 0x19
 1029 00bf 00       		.byte	0
 1030 00c0 00       		.byte	0
 1031 00c1 0F       		.uleb128 0xf
 1032 00c2 2E       		.uleb128 0x2e
 1033 00c3 01       		.byte	0x1
 1034 00c4 3F       		.uleb128 0x3f
 1035 00c5 19       		.uleb128 0x19
 1036 00c6 03       		.uleb128 0x3
 1037 00c7 0E       		.uleb128 0xe
 1038 00c8 3A       		.uleb128 0x3a
 1039 00c9 0B       		.uleb128 0xb
 1040 00ca 3B       		.uleb128 0x3b
 1041 00cb 05       		.uleb128 0x5
 1042 00cc 27       		.uleb128 0x27
 1043 00cd 19       		.uleb128 0x19
 1044 00ce 11       		.uleb128 0x11
 1045 00cf 01       		.uleb128 0x1
 1046 00d0 12       		.uleb128 0x12
 1047 00d1 06       		.uleb128 0x6
 1048 00d2 40       		.uleb128 0x40
 1049 00d3 18       		.uleb128 0x18
 1050 00d4 9642     		.uleb128 0x2116
 1051 00d6 19       		.uleb128 0x19
 1052 00d7 00       		.byte	0
 1053 00d8 00       		.byte	0
 1054 00d9 10       		.uleb128 0x10
 1055 00da 0B       		.uleb128 0xb
 1056 00db 01       		.byte	0x1
 1057 00dc 11       		.uleb128 0x11
 1058 00dd 01       		.uleb128 0x1
 1059 00de 12       		.uleb128 0x12
 1060 00df 06       		.uleb128 0x6
 1061 00e0 00       		.byte	0
 1062 00e1 00       		.byte	0
 1063 00e2 11       		.uleb128 0x11
 1064 00e3 13       		.uleb128 0x13
 1065 00e4 01       		.byte	0x1
 1066 00e5 0B       		.uleb128 0xb
 1067 00e6 0B       		.uleb128 0xb
 1068 00e7 3A       		.uleb128 0x3a
 1069 00e8 0B       		.uleb128 0xb
 1070 00e9 3B       		.uleb128 0x3b
 1071 00ea 05       		.uleb128 0x5
 1072 00eb 01       		.uleb128 0x1
 1073 00ec 13       		.uleb128 0x13
 1074 00ed 00       		.byte	0
 1075 00ee 00       		.byte	0
 1076 00ef 12       		.uleb128 0x12
 1077 00f0 0D       		.uleb128 0xd
 1078 00f1 00       		.byte	0
 1079 00f2 03       		.uleb128 0x3
 1080 00f3 0E       		.uleb128 0xe
ARM GAS  C:\Users\YEHUDA~1\AppData\Local\Temp\cc7stEUZ.s 			page 26


 1081 00f4 3A       		.uleb128 0x3a
 1082 00f5 0B       		.uleb128 0xb
 1083 00f6 3B       		.uleb128 0x3b
 1084 00f7 05       		.uleb128 0x5
 1085 00f8 49       		.uleb128 0x49
 1086 00f9 13       		.uleb128 0x13
 1087 00fa 38       		.uleb128 0x38
 1088 00fb 0B       		.uleb128 0xb
 1089 00fc 00       		.byte	0
 1090 00fd 00       		.byte	0
 1091 00fe 13       		.uleb128 0x13
 1092 00ff 01       		.uleb128 0x1
 1093 0100 01       		.byte	0x1
 1094 0101 49       		.uleb128 0x49
 1095 0102 13       		.uleb128 0x13
 1096 0103 01       		.uleb128 0x1
 1097 0104 13       		.uleb128 0x13
 1098 0105 00       		.byte	0
 1099 0106 00       		.byte	0
 1100 0107 14       		.uleb128 0x14
 1101 0108 21       		.uleb128 0x21
 1102 0109 00       		.byte	0
 1103 010a 49       		.uleb128 0x49
 1104 010b 13       		.uleb128 0x13
 1105 010c 2F       		.uleb128 0x2f
 1106 010d 0B       		.uleb128 0xb
 1107 010e 00       		.byte	0
 1108 010f 00       		.byte	0
 1109 0110 15       		.uleb128 0x15
 1110 0111 26       		.uleb128 0x26
 1111 0112 00       		.byte	0
 1112 0113 49       		.uleb128 0x49
 1113 0114 13       		.uleb128 0x13
 1114 0115 00       		.byte	0
 1115 0116 00       		.byte	0
 1116 0117 16       		.uleb128 0x16
 1117 0118 34       		.uleb128 0x34
 1118 0119 00       		.byte	0
 1119 011a 03       		.uleb128 0x3
 1120 011b 0E       		.uleb128 0xe
 1121 011c 3A       		.uleb128 0x3a
 1122 011d 0B       		.uleb128 0xb
 1123 011e 3B       		.uleb128 0x3b
 1124 011f 05       		.uleb128 0x5
 1125 0120 49       		.uleb128 0x49
 1126 0121 13       		.uleb128 0x13
 1127 0122 02       		.uleb128 0x2
 1128 0123 18       		.uleb128 0x18
 1129 0124 00       		.byte	0
 1130 0125 00       		.byte	0
 1131 0126 17       		.uleb128 0x17
 1132 0127 34       		.uleb128 0x34
 1133 0128 00       		.byte	0
 1134 0129 03       		.uleb128 0x3
 1135 012a 08       		.uleb128 0x8
 1136 012b 3A       		.uleb128 0x3a
 1137 012c 0B       		.uleb128 0xb
ARM GAS  C:\Users\YEHUDA~1\AppData\Local\Temp\cc7stEUZ.s 			page 27


 1138 012d 3B       		.uleb128 0x3b
 1139 012e 05       		.uleb128 0x5
 1140 012f 49       		.uleb128 0x49
 1141 0130 13       		.uleb128 0x13
 1142 0131 02       		.uleb128 0x2
 1143 0132 18       		.uleb128 0x18
 1144 0133 00       		.byte	0
 1145 0134 00       		.byte	0
 1146 0135 00       		.byte	0
 1147              		.section	.debug_aranges,"",%progbits
 1148 0000 44000000 		.4byte	0x44
 1149 0004 0200     		.2byte	0x2
 1150 0006 00000000 		.4byte	.Ldebug_info0
 1151 000a 04       		.byte	0x4
 1152 000b 00       		.byte	0
 1153 000c 0000     		.2byte	0
 1154 000e 0000     		.2byte	0
 1155 0010 00000000 		.4byte	.LFB2
 1156 0014 1E000000 		.4byte	.LFE2-.LFB2
 1157 0018 00000000 		.4byte	.LFB3
 1158 001c 20000000 		.4byte	.LFE3-.LFB3
 1159 0020 00000000 		.4byte	.LFB4
 1160 0024 20000000 		.4byte	.LFE4-.LFB4
 1161 0028 00000000 		.4byte	.LFB5
 1162 002c F0000000 		.4byte	.LFE5-.LFB5
 1163 0030 00000000 		.4byte	.LFB6
 1164 0034 28000000 		.4byte	.LFE6-.LFB6
 1165 0038 F0000000 		.4byte	.LFB7
 1166 003c 60010000 		.4byte	.LFE7-.LFB7
 1167 0040 00000000 		.4byte	0
 1168 0044 00000000 		.4byte	0
 1169              		.section	.debug_ranges,"",%progbits
 1170              	.Ldebug_ranges0:
 1171 0000 00000000 		.4byte	.LFB2
 1172 0004 1E000000 		.4byte	.LFE2
 1173 0008 00000000 		.4byte	.LFB3
 1174 000c 20000000 		.4byte	.LFE3
 1175 0010 00000000 		.4byte	.LFB4
 1176 0014 20000000 		.4byte	.LFE4
 1177 0018 00000000 		.4byte	.LFB5
 1178 001c F0000000 		.4byte	.LFE5
 1179 0020 00000000 		.4byte	.LFB6
 1180 0024 28000000 		.4byte	.LFE6
 1181 0028 F0000000 		.4byte	.LFB7
 1182 002c 50020000 		.4byte	.LFE7
 1183 0030 00000000 		.4byte	0
 1184 0034 00000000 		.4byte	0
 1185              		.section	.debug_line,"",%progbits
 1186              	.Ldebug_line0:
 1187 0000 78010000 		.section	.debug_str,"MS",%progbits,1
 1187      0200CB00 
 1187      00000201 
 1187      FB0E0D00 
 1187      01010101 
 1188              	.LASF19:
 1189 0000 72656733 		.ascii	"reg32\000"
 1189      3200
ARM GAS  C:\Users\YEHUDA~1\AppData\Local\Temp\cc7stEUZ.s 			page 28


 1190              	.LASF12:
 1191 0006 73697A65 		.ascii	"size_t\000"
 1191      5F7400
 1192              	.LASF25:
 1193 000d 416E616C 		.ascii	"AnalogSetDefault\000"
 1193      6F675365 
 1193      74446566 
 1193      61756C74 
 1193      00
 1194              	.LASF29:
 1195 001e 6366675F 		.ascii	"cfg_memset_list\000"
 1195      6D656D73 
 1195      65745F6C 
 1195      69737400 
 1196              	.LASF24:
 1197 002e 436C6F63 		.ascii	"ClockSetup\000"
 1197      6B536574 
 1197      757000
 1198              	.LASF6:
 1199 0039 73686F72 		.ascii	"short unsigned int\000"
 1199      7420756E 
 1199      7369676E 
 1199      65642069 
 1199      6E7400
 1200              	.LASF16:
 1201 004c 666C6F61 		.ascii	"float\000"
 1201      7400
 1202              	.LASF22:
 1203 0052 64657374 		.ascii	"dest\000"
 1203      00
 1204              	.LASF27:
 1205 0057 73697A65 		.ascii	"size\000"
 1205      00
 1206              	.LASF18:
 1207 005c 72656738 		.ascii	"reg8\000"
 1207      00
 1208              	.LASF8:
 1209 0061 6C6F6E67 		.ascii	"long unsigned int\000"
 1209      20756E73 
 1209      69676E65 
 1209      6420696E 
 1209      7400
 1210              	.LASF32:
 1211 0073 433A5C55 		.ascii	"C:\\Users\\Yehuda Ben Chaim\\Google Drive\\My Proje"
 1211      73657273 
 1211      5C596568 
 1211      75646120 
 1211      42656E20 
 1212 00a2 6374735C 		.ascii	"cts\\WW\\FW\\WorkingCopy\\WWV1_0\\WW_V1_1.cydsn\000"
 1212      57575C46 
 1212      575C576F 
 1212      726B696E 
 1212      67436F70 
 1213              	.LASF20:
 1214 00cd 43594D45 		.ascii	"CYMEMZERO\000"
 1214      4D5A4552 
 1214      4F00
ARM GAS  C:\Users\YEHUDA~1\AppData\Local\Temp\cc7stEUZ.s 			page 29


 1215              	.LASF30:
 1216 00d7 474E5520 		.ascii	"GNU C11 5.4.1 20160609 (release) [ARM/embedded-5-br"
 1216      43313120 
 1216      352E342E 
 1216      31203230 
 1216      31363036 
 1217 010a 616E6368 		.ascii	"anch revision 237715] -mcpu=cortex-m0 -mthumb -g -O"
 1217      20726576 
 1217      6973696F 
 1217      6E203233 
 1217      37373135 
 1218 013d 30202D66 		.ascii	"0 -ffunction-sections -ffat-lto-objects\000"
 1218      66756E63 
 1218      74696F6E 
 1218      2D736563 
 1218      74696F6E 
 1219              	.LASF4:
 1220 0165 756E7369 		.ascii	"unsigned char\000"
 1220      676E6564 
 1220      20636861 
 1220      7200
 1221              	.LASF17:
 1222 0173 646F7562 		.ascii	"double\000"
 1222      6C6500
 1223              	.LASF33:
 1224 017a 63796669 		.ascii	"cyfitter_cfg\000"
 1224      74746572 
 1224      5F636667 
 1224      00
 1225              	.LASF14:
 1226 0187 75696E74 		.ascii	"uint16\000"
 1226      313600
 1227              	.LASF15:
 1228 018e 75696E74 		.ascii	"uint32\000"
 1228      333200
 1229              	.LASF0:
 1230 0195 756E7369 		.ascii	"unsigned int\000"
 1230      676E6564 
 1230      20696E74 
 1230      00
 1231              	.LASF26:
 1232 01a2 61646472 		.ascii	"address\000"
 1232      65737300 
 1233              	.LASF9:
 1234 01aa 6C6F6E67 		.ascii	"long long unsigned int\000"
 1234      206C6F6E 
 1234      6720756E 
 1234      7369676E 
 1234      65642069 
 1235              	.LASF28:
 1236 01c1 6366675F 		.ascii	"cfg_memset_t\000"
 1236      6D656D73 
 1236      65745F74 
 1236      00
 1237              	.LASF10:
 1238 01ce 73697A65 		.ascii	"sizetype\000"
 1238      74797065 
ARM GAS  C:\Users\YEHUDA~1\AppData\Local\Temp\cc7stEUZ.s 			page 30


 1238      00
 1239              	.LASF1:
 1240 01d7 6C6F6E67 		.ascii	"long long int\000"
 1240      206C6F6E 
 1240      6720696E 
 1240      7400
 1241              	.LASF11:
 1242 01e5 63686172 		.ascii	"char\000"
 1242      00
 1243              	.LASF5:
 1244 01ea 73686F72 		.ascii	"short int\000"
 1244      7420696E 
 1244      7400
 1245              	.LASF13:
 1246 01f4 75696E74 		.ascii	"uint8\000"
 1246      3800
 1247              	.LASF7:
 1248 01fa 6C6F6E67 		.ascii	"long int\000"
 1248      20696E74 
 1248      00
 1249              	.LASF2:
 1250 0203 6C6F6E67 		.ascii	"long double\000"
 1250      20646F75 
 1250      626C6500 
 1251              	.LASF3:
 1252 020f 7369676E 		.ascii	"signed char\000"
 1252      65642063 
 1252      68617200 
 1253              	.LASF31:
 1254 021b 47656E65 		.ascii	"Generated_Source\\PSoC4\\cyfitter_cfg.c\000"
 1254      72617465 
 1254      645F536F 
 1254      75726365 
 1254      5C50536F 
 1255              	.LASF23:
 1256 0241 4359434F 		.ascii	"CYCONFIGCPYCODE\000"
 1256      4E464947 
 1256      43505943 
 1256      4F444500 
 1257              	.LASF21:
 1258 0251 4359434F 		.ascii	"CYCONFIGCPY\000"
 1258      4E464947 
 1258      43505900 
 1259              		.ident	"GCC: (GNU Tools for ARM Embedded Processors) 5.4.1 20160609 (release) [ARM/embedded-5-bran
