Archive member included to satisfy reference by file (symbol)

.\CortexM0\ARM_GCC_541\Debug\BLE_Imp.a(BLE.o)
                              .\CortexM0\ARM_GCC_541\Debug\main.o (CyBle_Start)
.\CortexM0\ARM_GCC_541\Debug\BLE_Imp.a(BLE_gatt.o)
                              .\CortexM0\ARM_GCC_541\Debug\main.o (cyBle_state)
.\CortexM0\ARM_GCC_541\Debug\BLE_Imp.a(BLE_eventHandler.o)
                              .\CortexM0\ARM_GCC_541\Debug\main.o (cyBle_connHandle)
.\CortexM0\ARM_GCC_541\Debug\BLE_Imp.a(BLE_custom.o)
                              .\CortexM0\ARM_GCC_541\Debug\BLE_Imp.a(BLE.o) (CyBle_CustomInit)
.\CortexM0\ARM_GCC_541\Debug\BLE_Imp.a(CyLib.o)
                              .\CortexM0\ARM_GCC_541\Debug\cyfitter_cfg.o (CyIntEnable)
.\CortexM0\ARM_GCC_541\Debug\BLE_Imp.a(CyLFClk.o)
                              .\CortexM0\ARM_GCC_541\Debug\cyfitter_cfg.o (CySysClkWcoStart)
.\CortexM0\ARM_GCC_541\Debug\BLE_Imp.a(UART.o)
                              .\CortexM0\ARM_GCC_541\Debug\main.o (UART_Start)
.\CortexM0\ARM_GCC_541\Debug\BLE_Imp.a(UART_SPI_UART.o)
                              .\CortexM0\ARM_GCC_541\Debug\main.o (UART_SpiUartWriteTxData)
.\CortexM0\ARM_GCC_541\Debug\BLE_Imp.a(UART_UART.o)
                              .\CortexM0\ARM_GCC_541\Debug\BLE_Imp.a(UART.o) (UART_UartInit)
.\CortexM0\ARM_GCC_541\Debug\BLE_Imp.a(CyBootAsmGnu.o)
                              .\CortexM0\ARM_GCC_541\Debug\cyfitter_cfg.o (CyDelayCycles)
..\..\..\..\..\..\..\..\Documents\PSoC Creator\4.2\Downloads ( 4.2).cylib\BLE_v3_52\Library\gccCyBLEStack_BLE_SOC_PERIPHERAL.a(CyBle.o)
                              .\CortexM0\ARM_GCC_541\Debug\BLE_Imp.a(BLE_eventHandler.o) (CyBle_EnableDefaultDevicePrivacy)
..\..\..\..\..\..\..\..\Documents\PSoC Creator\4.2\Downloads ( 4.2).cylib\BLE_v3_52\Library\gccCyBLEStack_BLE_SOC_PERIPHERAL.a(CyBleStackMgrIP_Interface.o)
                              ..\..\..\..\..\..\..\..\Documents\PSoC Creator\4.2\Downloads ( 4.2).cylib\BLE_v3_52\Library\gccCyBLEStack_BLE_SOC_PERIPHERAL.a(CyBle.o) (CyBleStackMgr_Init)
..\..\..\..\..\..\..\..\Documents\PSoC Creator\4.2\Downloads ( 4.2).cylib\BLE_v3_52\Library\gccCyBLEStack_BLE_SOC_PERIPHERAL.a(BT_os.o)
                              ..\..\..\..\..\..\..\..\Documents\PSoC Creator\4.2\Downloads ( 4.2).cylib\BLE_v3_52\Library\gccCyBLEStack_BLE_SOC_PERIPHERAL.a(CyBleStackMgrIP_Interface.o) (cyBleStackMemoryConfig)
..\..\..\..\..\..\..\..\Documents\PSoC Creator\4.2\Downloads ( 4.2).cylib\BLE_v3_52\Library\gccCyBLEStack_BLE_SOC_PERIPHERAL.a(BT_timer.o)
                              ..\..\..\..\..\..\..\..\Documents\PSoC Creator\4.2\Downloads ( 4.2).cylib\BLE_v3_52\Library\gccCyBLEStack_BLE_SOC_PERIPHERAL.a(CyBleStackMgrIP_Interface.o) (timer_init)
..\..\..\..\..\..\..\..\Documents\PSoC Creator\4.2\Downloads ( 4.2).cylib\BLE_v3_52\Library\gccCyBLEStack_BLE_SOC_PERIPHERAL.a(CyBleStackMgr_StackTaskHandler.o)
                              ..\..\..\..\..\..\..\..\Documents\PSoC Creator\4.2\Downloads ( 4.2).cylib\BLE_v3_52\Library\gccCyBLEStack_BLE_SOC_PERIPHERAL.a(BT_timer.o) (BLE_STACK_TASK_EVT)
..\..\..\..\..\..\..\..\Documents\PSoC Creator\4.2\Downloads ( 4.2).cylib\BLE_v3_52\Library\gccCyBLEStack_BLE_SOC_PERIPHERAL.a(transport_sf.o)
                              ..\..\..\..\..\..\..\..\Documents\PSoC Creator\4.2\Downloads ( 4.2).cylib\BLE_v3_52\Library\gccCyBLEStack_BLE_SOC_PERIPHERAL.a(CyBleStackMgr_StackTaskHandler.o) (hci_soft_transport_notify_data_received)
..\..\..\..\..\..\..\..\Documents\PSoC Creator\4.2\Downloads ( 4.2).cylib\BLE_v3_52\Library\gccCyBLEStack_BLE_SOC_PERIPHERAL.a(CyBleStackMgr_PSoCHal.o)
                              ..\..\..\..\..\..\..\..\Documents\PSoC Creator\4.2\Downloads ( 4.2).cylib\BLE_v3_52\Library\gccCyBLEStack_BLE_SOC_PERIPHERAL.a(BT_timer.o) (CyBleStackMgr_GetTime)
..\..\..\..\..\..\..\..\Documents\PSoC Creator\4.2\Downloads ( 4.2).cylib\BLE_v3_52\Library\gccCyBLEStack_BLE_SOC_PERIPHERAL.a(CyBleStackMgr_BleSSDriver.o)
                              ..\..\..\..\..\..\..\..\Documents\PSoC Creator\4.2\Downloads ( 4.2).cylib\BLE_v3_52\Library\gccCyBLEStack_BLE_SOC_PERIPHERAL.a(CyBleStackMgrIP_Interface.o) (CyBleStackMgr_BleSSInit)
..\..\..\..\..\..\..\..\Documents\PSoC Creator\4.2\Downloads ( 4.2).cylib\BLE_v3_52\Library\gccCyBLEStack_BLE_SOC_PERIPHERAL.a(config_bin.o)
                              ..\..\..\..\..\..\..\..\Documents\PSoC Creator\4.2\Downloads ( 4.2).cylib\BLE_v3_52\Library\gccCyBLEStack_BLE_SOC_PERIPHERAL.a(CyBleStackMgr_PSoCHal.o) (bt_cfg_pdata)
..\..\..\..\..\..\..\..\Documents\PSoC Creator\4.2\Downloads ( 4.2).cylib\BLE_v3_52\Library\gccCyBLEStack_BLE_SOC_PERIPHERAL.a(storage_pl.o)
                              ..\..\..\..\..\..\..\..\Documents\PSoC Creator\4.2\Downloads ( 4.2).cylib\BLE_v3_52\Library\gccCyBLEStack_BLE_SOC_PERIPHERAL.a(CyBle.o) (storage_register_flash_pointer)
..\..\..\..\..\..\..\..\Documents\PSoC Creator\4.2\Downloads ( 4.2).cylib\BLE_v3_52\Library\gccCyBLEStack_BLE_SOC_PERIPHERAL.a(mint_os.o)
[...]
Memory Configuration

Name             Origin             Length             Attributes
rom              0x00000000         0x00040000         xr
ram              0x20000000         0x00008000         xrw
*default*        0x00000000         0xffffffff

Linker script and memory map

LOAD c:/program files (x86)/cypress/psoc creator/4.2/psoc creator/import/gnu/arm/5.4.1/bin/../lib/gcc/arm-none-eabi/5.4.1/armv6-m/crti.o
LOAD c:/program files (x86)/cypress/psoc creator/4.2/psoc creator/import/gnu/arm/5.4.1/bin/../lib/gcc/arm-none-eabi/5.4.1/armv6-m/crtbegin.o
LOAD c:/program files (x86)/cypress/psoc creator/4.2/psoc creator/import/gnu/arm/5.4.1/bin/../lib/gcc/arm-none-eabi/5.4.1/../../../../arm-none-eabi/lib/armv6-m/crt0.o
START GROUP
LOAD .\CortexM0\ARM_GCC_541\Debug\main.o
LOAD .\CortexM0\ARM_GCC_541\Debug\cyfitter_cfg.o
LOAD .\CortexM0\ARM_GCC_541\Debug\cymetadata.o
LOAD .\CortexM0\ARM_GCC_541\Debug\Cm0Start.o
LOAD .\CortexM0\ARM_GCC_541\Debug\BLE_Imp.a
LOAD ..\..\..\..\..\..\..\..\Documents\PSoC Creator\4.2\Downloads ( 4.2).cylib\BLE_v3_52\Library\gccCyBLEStack_BLE_SOC_PERIPHERAL.a
END GROUP
START GROUP
LOAD c:/program files (x86)/cypress/psoc creator/4.2/psoc creator/import/gnu/arm/5.4.1/bin/../lib/gcc/arm-none-eabi/5.4.1/armv6-m\libgcc.a
LOAD c:/program files (x86)/cypress/psoc creator/4.2/psoc creator/import/gnu/arm/5.4.1/bin/../lib/gcc/arm-none-eabi/5.4.1/../../../../arm-none-eabi/lib/armv6-m\libg_nano.a
LOAD c:/program files (x86)/cypress/psoc creator/4.2/psoc creator/import/gnu/arm/5.4.1/bin/../lib/gcc/arm-none-eabi/5.4.1/../../../../arm-none-eabi/lib/armv6-m\libc_nano.a
END GROUP
START GROUP
LOAD c:/program files (x86)/cypress/psoc creator/4.2/psoc creator/import/gnu/arm/5.4.1/bin/../lib/gcc/arm-none-eabi/5.4.1/armv6-m\libgcc.a
LOAD c:/program files (x86)/cypress/psoc creator/4.2/psoc creator/import/gnu/arm/5.4.1/bin/../lib/gcc/arm-none-eabi/5.4.1/../../../../arm-none-eabi/lib/armv6-m\libc_nano.a
END GROUP
LOAD c:/program files (x86)/cypress/psoc creator/4.2/psoc creator/import/gnu/arm/5.4.1/bin/../lib/gcc/arm-none-eabi/5.4.1/armv6-m/crtend.o
LOAD c:/program files (x86)/cypress/psoc creator/4.2/psoc creator/import/gnu/arm/5.4.1/bin/../lib/gcc/arm-none-eabi/5.4.1/armv6-m/crtn.o
START GROUP
LOAD c:/program files (x86)/cypress/psoc creator/4.2/psoc creator/import/gnu/arm/5.4.1/bin/../lib/gcc/arm-none-eabi/5.4.1/armv6-m\libgcc.a
LOAD c:/program files (x86)/cypress/psoc creator/4.2/psoc creator/import/gnu/arm/5.4.1/bin/../lib/gcc/arm-none-eabi/5.4.1/../../../../arm-none-eabi/lib/armv6-m\libc.a
LOAD c:/program files (x86)/cypress/psoc creator/4.2/psoc creator/import/gnu/arm/5.4.1/bin/../lib/gcc/arm-none-eabi/5.4.1/../../../../arm-none-eabi/lib/armv6-m\libnosys.a
END GROUP
                0x00000000                CY_APPL_ORIGIN = 0x0
                0x00000100                CY_FLASH_ROW_SIZE = 0x100
                0x00000001                CY_APPL_NUM = 0x1
                0x00000001                CY_APPL_MAX = 0x1
                0x00000040                CY_METADATA_SIZE = 0x40
                0x00000000                CY_APPL_LOADABLE = 0x0
                0x00000000                CY_CHECKSUM_EXCLUDE_SIZE = ALIGN (0x0, CY_FLASH_ROW_SIZE)
                0x00000000                CY_APP_FOR_STACK_AND_COPIER = 0x0
                [!provide]                PROVIDE (__cy_heap_start, _end)
                0x00000001                PROVIDE (__cy_region_num, ((__cy_regions_end - __cy_regions) / 0x10))
                0x20008000                PROVIDE (__cy_stack, (ORIGIN (ram) + LENGTH (ram)))
                [!provide]                PROVIDE (__cy_heap_end, (__cy_stack - 0x800))

.cybootloader   0x00000000        0x0
 *(.cybootloader)
                0x00000000                appl1_start = CY_APPL_ORIGIN?CY_APPL_ORIGIN:ALIGN (CY_FLASH_ROW_SIZE)
                0x0001ff00                appl2_start = (appl1_start + ALIGN ((((LENGTH (rom) - appl1_start) - (0x2 * CY_FLASH_ROW_SIZE)) / 0x2), CY_FLASH_ROW_SIZE))
                0x00000000                appl_start = (CY_APPL_NUM == 0x1)?appl1_start:appl2_start
                0x00000001                cy_project_type_bootloader = (appl_start == 0x0)?0x1:0x0
                0x00000000                cy_project_type_app_for_stack_and_copier = (CY_APP_FOR_STACK_AND_COPIER == 0x1)?0x1:0x0

.text           0x00000000     0x145c
 CREATE_OBJECT_SYMBOLS
                0x00000000                PROVIDE (__cy_interrupt_vector, RomVectors)
 *(.romvectors)
 .romvectors    0x00000000       0x10 .\CortexM0\ARM_GCC_541\Debug\Cm0Start.o
                0x00000000                RomVectors
                0x00000001                ASSERT ((. != __cy_interrupt_vector), No interrupt vector)
                0x00000001                ASSERT (CY_APPL_ORIGIN?(SIZEOF (.cybootloader) <= CY_APPL_ORIGIN):0x1, Wrong image location)
                0x00000010                PROVIDE (__cy_reset, Reset)
 *(.text.Reset)
 .text.Reset    0x00000010        0x8 .\CortexM0\ARM_GCC_541\Debug\Cm0Start.o
                0x00000010                Reset
                0x00000001                ASSERT ((. != __cy_reset), No reset code)
 *(.psocinit)
 .psocinit      0x00000018      0x168 .\CortexM0\ARM_GCC_541\Debug\cyfitter_cfg.o
                0x000000f0                cyfitter_cfg
                0x00000180                . = MAX (., 0x100)
 *(.text .text.* .gnu.linkonce.t.*)
 .text          0x00000180       0x60 c:/program files (x86)/cypress/psoc creator/4.2/psoc creator/import/gnu/arm/5.4.1/bin/../lib/gcc/arm-none-eabi/5.4.1/armv6-m/crtbegin.o
 .text.CustomEventHandler
                0x000001e0       0xc8 .\CortexM0\ARM_GCC_541\Debug\main.o
                0x000001e0                CustomEventHandler
 .text.main     0x000002a8       0x28 .\CortexM0\ARM_GCC_541\Debug\main.o
                0x000002a8                main
 .text.AnalogSetDefault
                0x000002d0       0x20 .\CortexM0\ARM_GCC_541\Debug\cyfitter_cfg.o
 .text.CYMEMZERO
                0x000002f0        0xc .\CortexM0\ARM_GCC_541\Debug\cyfitter_cfg.o
 .text.IntDefaultHandler
                0x000002fc       0x10 .\CortexM0\ARM_GCC_541\Debug\Cm0Start.o
                0x000002fc                IntDefaultHandler
 .text.Start_c  0x0000030c       0x48 .\CortexM0\ARM_GCC_541\Debug\Cm0Start.o
                0x0000030c                Start_c
 .text.initialize_psoc
                0x00000354       0x4c .\CortexM0\ARM_GCC_541\Debug\Cm0Start.o
                0x00000354                initialize_psoc
 .text.CyBle_ServiceInit
                0x000003a0        0x8 .\CortexM0\ARM_GCC_541\Debug\BLE_Imp.a(BLE.o)
                0x000003a0                CyBle_ServiceInit
 .text.CyBle_Init
                0x000003a8       0x34 .\CortexM0\ARM_GCC_541\Debug\BLE_Imp.a(BLE.o)
                0x000003a8                CyBle_Init
 .text.CyBle_Start
                0x000003dc       0xac .\CortexM0\ARM_GCC_541\Debug\BLE_Imp.a(BLE.o)
                0x000003dc                CyBle_Start
 .text.CyBle_GappStartAdvertisement
                0x00000488       0x90 .\CortexM0\ARM_GCC_541\Debug\BLE_Imp.a(BLE.o)
                0x00000488                CyBle_GappStartAdvertisement
 .text.CyBle_ChangeAdDeviceAddress
                0x00000518        0x4 .\CortexM0\ARM_GCC_541\Debug\BLE_Imp.a(BLE.o)
                0x00000518                CyBle_ChangeAdDeviceAddress
 .text.CyBle_Get16ByPtr
                0x0000051c        0xc .\CortexM0\ARM_GCC_541\Debug\BLE_Imp.a(BLE.o)
                0x0000051c                CyBle_Get16ByPtr
 .text.CyBle_GattsWriteEventHandler
                0x00000528       0x58 .\CortexM0\ARM_GCC_541\Debug\BLE_Imp.a(BLE_gatt.o)
                0x00000528                CyBle_GattsWriteEventHandler
 .text.CyBle_GattDisconnectEventHandler
                0x00000580       0x10 .\CortexM0\ARM_GCC_541\Debug\BLE_Imp.a(BLE_eventHandler.o)
 .text.CyBle_WriteReqHandler
                0x00000590       0x38 .\CortexM0\ARM_GCC_541\Debug\BLE_Imp.a(BLE_eventHandler.o)
 .text.CyBle_IsDeviceAddressValid
                0x000005c8       0x24 .\CortexM0\ARM_GCC_541\Debug\BLE_Imp.a(BLE_eventHandler.o)
                0x000005c8                CyBle_IsDeviceAddressValid
 .text.CyBle_EventHandler
                0x000005ec      0x2d8 .\CortexM0\ARM_GCC_541\Debug\BLE_Imp.a(BLE_eventHandler.o)
                0x000005ec                CyBle_EventHandler
 .text.CyBle_CustomInit
                0x000008c4        0x4 .\CortexM0\ARM_GCC_541\Debug\BLE_Imp.a(BLE_custom.o)
                0x000008c4                CyBle_CustomInit
 .text.CySysClkEcoReadStatus
                0x000008c8       0x10 .\CortexM0\ARM_GCC_541\Debug\BLE_Imp.a(CyLib.o)
                0x000008c8                CySysClkEcoReadStatus
 .text.CyIntEnable
                0x000008d8       0x14 .\CortexM0\ARM_GCC_541\Debug\BLE_Imp.a(CyLib.o)
                0x000008d8                CyIntEnable
 .text.CyHalt   0x000008ec        0x4 .\CortexM0\ARM_GCC_541\Debug\BLE_Imp.a(CyLib.o)
                0x000008ec                CyHalt
 .text.CyIntSetVector
                0x000008f0       0x24 .\CortexM0\ARM_GCC_541\Debug\BLE_Imp.a(CyLib.o)
                0x000008f0                CyIntSetVector
 .text.CyDelay  0x00000914       0x30 .\CortexM0\ARM_GCC_541\Debug\BLE_Imp.a(CyLib.o)
                0x00000914                CyDelay
 .text.CyDelayUs
                0x00000944       0x14 .\CortexM0\ARM_GCC_541\Debug\BLE_Imp.a(CyLib.o)
                0x00000944                CyDelayUs
 .text.CySysClkWriteImoFreq
                0x00000958      0x164 .\CortexM0\ARM_GCC_541\Debug\BLE_Imp.a(CyLib.o)
                0x00000958                CySysClkWriteImoFreq
 .text.CySysClkEcoStart
                0x00000abc       0x54 .\CortexM0\ARM_GCC_541\Debug\BLE_Imp.a(CyLib.o)
                0x00000abc                CySysClkEcoStart
 .text.CySysWdtLocked
                0x00000b10       0x14 .\CortexM0\ARM_GCC_541\Debug\BLE_Imp.a(CyLFClk.o)
 .text.CySysClkWcoStart
                0x00000b24       0x40 .\CortexM0\ARM_GCC_541\Debug\BLE_Imp.a(CyLFClk.o)
                0x00000b24                CySysClkWcoStart
 .text.CySysClkWcoSetPowerMode
                0x00000b64       0x80 .\CortexM0\ARM_GCC_541\Debug\BLE_Imp.a(CyLFClk.o)
                0x00000b64                CySysClkWcoSetPowerMode
 .text.CySysWdtLock
                0x00000be4       0x1c .\CortexM0\ARM_GCC_541\Debug\BLE_Imp.a(CyLFClk.o)
                0x00000be4                CySysWdtLock
 .text.CySysWdtUnlock
                0x00000c00       0x30 .\CortexM0\ARM_GCC_541\Debug\BLE_Imp.a(CyLFClk.o)
                0x00000c00                CySysWdtUnlock
 .text.CySysWdtClearInterrupt
                0x00000c30       0x4c .\CortexM0\ARM_GCC_541\Debug\BLE_Imp.a(CyLFClk.o)
                0x00000c30                CySysWdtClearInterrupt
 .text.CySysWdtIsr
                0x00000c7c       0xa4 .\CortexM0\ARM_GCC_541\Debug\BLE_Imp.a(CyLFClk.o)
                0x00000c7c                CySysWdtIsr
 .text.UART_ScbModePostEnable
                0x00000d20        0x8 .\CortexM0\ARM_GCC_541\Debug\BLE_Imp.a(UART.o)
 .text.UART_Init
                0x00000d28        0x8 .\CortexM0\ARM_GCC_541\Debug\BLE_Imp.a(UART.o)
                0x00000d28                UART_Init
 .text.UART_Enable
                0x00000d30       0x18 .\CortexM0\ARM_GCC_541\Debug\BLE_Imp.a(UART.o)
                0x00000d30                UART_Enable
 .text.UART_Start
                0x00000d48       0x20 .\CortexM0\ARM_GCC_541\Debug\BLE_Imp.a(UART.o)
                0x00000d48                UART_Start
 .text.UART_SpiUartWriteTxData
                0x00000d68       0x1c .\CortexM0\ARM_GCC_541\Debug\BLE_Imp.a(UART_SPI_UART.o)
                0x00000d68                UART_SpiUartWriteTxData
 .text.UART_UartInit
                0x00000d84       0xa8 .\CortexM0\ARM_GCC_541\Debug\BLE_Imp.a(UART_UART.o)
                0x00000d84                UART_UartInit
 .text.UART_UartPostEnable
                0x00000e2c       0x2c .\CortexM0\ARM_GCC_541\Debug\BLE_Imp.a(UART_UART.o)
                0x00000e2c                UART_UartPostEnable
 .text.UART_UartPutString
                0x00000e58       0x18 .\CortexM0\ARM_GCC_541\Debug\BLE_Imp.a(UART_UART.o)
                0x00000e58                UART_UartPutString
 .text          0x00000e70       0x20 .\CortexM0\ARM_GCC_541\Debug\BLE_Imp.a(CyBootAsmGnu.o)
                0x00000e70                CyDelayCycles
                0x00000e82                CyEnterCriticalSection
                0x00000e8a                CyExitCriticalSection
 .text.CyBLE_Bless_LlRegWrite
                0x00000e90        0x4 .\CortexM0\ARM_GCC_541\Debug\BLE_Imp.a(BLE_HAL_PVT.o)
                0x00000e90                CyBLE_Bless_LlRegWrite
 .text.CyBLE_Bless_RfRegWrite
                0x00000e94        0x4 .\CortexM0\ARM_GCC_541\Debug\BLE_Imp.a(BLE_HAL_PVT.o)
                0x00000e94                CyBLE_Bless_RfRegWrite
 .text.CyBLE_BlessDeviceConfig
                0x00000e98      0x134 .\CortexM0\ARM_GCC_541\Debug\BLE_Imp.a(BLE_HAL_PVT.o)
                0x00000e98                CyBLE_BlessDeviceConfig
 .text.CyBleHal_DelayUs
                0x00000fcc        0x8 .\CortexM0\ARM_GCC_541\Debug\BLE_Imp.a(BLE_HAL_PVT.o)
                0x00000fcc                CyBleHal_DelayUs
 .text.CyBleHal_DelayMs
                0x00000fd4        0x8 .\CortexM0\ARM_GCC_541\Debug\BLE_Imp.a(BLE_HAL_PVT.o)
                0x00000fd4                CyBleHal_DelayMs
 .text.CyBleHal_EnableGlobalInterrupts
                0x00000fdc        0x8 .\CortexM0\ARM_GCC_541\Debug\BLE_Imp.a(BLE_HAL_PVT.o)
                0x00000fdc                CyBleHal_EnableGlobalInterrupts
 .text.CyBleHal_DisableGlobalInterrupts
                0x00000fe4        0x8 .\CortexM0\ARM_GCC_541\Debug\BLE_Imp.a(BLE_HAL_PVT.o)
                0x00000fe4                CyBleHal_DisableGlobalInterrupts
 .text.CyBle_HalInit
                0x00000fec       0x18 .\CortexM0\ARM_GCC_541\Debug\BLE_Imp.a(BLE_HAL_PVT.o)
                0x00000fec                CyBle_HalInit
 .text.CYBLE_BlessStart
                0x00001004       0x10 .\CortexM0\ARM_GCC_541\Debug\BLE_Imp.a(BLE_HAL_PVT.o)
                0x00001004                CYBLE_BlessStart
 .text.CyBLE_GetIpBlockVersion
                0x00001014        0x8 .\CortexM0\ARM_GCC_541\Debug\BLE_Imp.a(BLE_HAL_PVT.o)
                0x00001014                CyBLE_GetIpBlockVersion
 .text.CyBle_Hal_pairing_local_public_key_handler
                0x0000101c        0x4 .\CortexM0\ARM_GCC_541\Debug\BLE_Imp.a(BLE_HAL_PVT.o)
                0x0000101c                CyBle_Hal_pairing_local_public_key_handler
 .text.CyBle_Hal_pairing_remote_key_handler
                0x00001020        0x4 .\CortexM0\ARM_GCC_541\Debug\BLE_Imp.a(BLE_HAL_PVT.o)
                0x00001020                CyBle_Hal_pairing_remote_key_handler
 .text.CyBle_Hal_pairing_dhkey_handler
                0x00001024        0x4 .\CortexM0\ARM_GCC_541\Debug\BLE_Imp.a(BLE_HAL_PVT.o)
                0x00001024                CyBle_Hal_pairing_dhkey_handler
 .text.CyBle_Hal_pairing_dhkey_check_handler
                0x00001028        0x4 .\CortexM0\ARM_GCC_541\Debug\BLE_Imp.a(BLE_HAL_PVT.o)
                0x00001028                CyBle_Hal_pairing_dhkey_check_handler
 .text.CyBle_Hal_pairing_keypress_notification_handler
                0x0000102c        0x4 .\CortexM0\ARM_GCC_541\Debug\BLE_Imp.a(BLE_HAL_PVT.o)
                0x0000102c                CyBle_Hal_pairing_keypress_notification_handler
 .text.CyBle_Hal_pairing_rand_handler
                0x00001030        0x4 .\CortexM0\ARM_GCC_541\Debug\BLE_Imp.a(BLE_HAL_PVT.o)
                0x00001030                CyBle_Hal_pairing_rand_handler
 .text.CyBle_Hal_pairing_confirm_handler
                0x00001034        0x4 .\CortexM0\ARM_GCC_541\Debug\BLE_Imp.a(BLE_HAL_PVT.o)
                0x00001034                CyBle_Hal_pairing_confirm_handler
 .text.CyBle_Hal_pairing_lr_confirming_handler
                0x00001038        0x4 .\CortexM0\ARM_GCC_541\Debug\BLE_Imp.a(BLE_HAL_PVT.o)
                0x00001038                CyBle_Hal_pairing_lr_confirming_handler
 .text.CyBle_Hal_pairing_sc_tbx_local_pubkey_generate_complete
                0x0000103c        0x4 .\CortexM0\ARM_GCC_541\Debug\BLE_Imp.a(BLE_HAL_PVT.o)
                0x0000103c                CyBle_Hal_pairing_sc_tbx_local_pubkey_generate_complete
 .text.CyBle_Hal_pairing_sc_tbx_generate_local_P256_public_key
                0x00001040        0x4 .\CortexM0\ARM_GCC_541\Debug\BLE_Imp.a(BLE_HAL_PVT.o)
                0x00001040                CyBle_Hal_pairing_sc_tbx_generate_local_P256_public_key
 .text.CyBle_Hal_se_smp_sc_user_passkey_handler
                0x00001044        0x4 .\CortexM0\ARM_GCC_541\Debug\BLE_Imp.a(BLE_HAL_PVT.o)
                0x00001044                CyBle_Hal_se_smp_sc_user_passkey_handler
 .text.CyBle_Hal_EccPointMult
                0x00001048        0x4 .\CortexM0\ARM_GCC_541\Debug\BLE_Imp.a(BLE_HAL_PVT.o)
                0x00001048                CyBle_Hal_EccPointMult
 .text.BLE_bless_isr_SetVector
                0x0000104c        0xc .\CortexM0\ARM_GCC_541\Debug\BLE_Imp.a(BLE_bless_isr.o)
                0x0000104c                BLE_bless_isr_SetVector
 .text.BLE_bless_isr_SetPriority
                0x00001058       0x20 .\CortexM0\ARM_GCC_541\Debug\BLE_Imp.a(BLE_bless_isr.o)
                0x00001058                BLE_bless_isr_SetPriority
 .text.BLE_bless_isr_Enable
                0x00001078       0x10 .\CortexM0\ARM_GCC_541\Debug\BLE_Imp.a(BLE_bless_isr.o)
                0x00001078                BLE_bless_isr_Enable
 .text.BLE_bless_isr_Disable
                0x00001088       0x10 .\CortexM0\ARM_GCC_541\Debug\BLE_Imp.a(BLE_bless_isr.o)
                0x00001088                BLE_bless_isr_Disable
 .text.BLE_bless_isr_StartEx
                0x00001098       0x1c .\CortexM0\ARM_GCC_541\Debug\BLE_Imp.a(BLE_bless_isr.o)
                0x00001098                BLE_bless_isr_StartEx
 .text.CySysPmSleep
                0x000010b4       0x1c .\CortexM0\ARM_GCC_541\Debug\BLE_Imp.a(cyPm.o)
                0x000010b4                CySysPmSleep
 .text.CyBLE_Bless_Interrupt
                0x000010d0        0x8 .\CortexM0\ARM_GCC_541\Debug\BLE_Imp.a(BLE_HAL_INT.o)
                0x000010d0                CyBLE_Bless_Interrupt
 .text          0x000010d8      0x114 c:/program files (x86)/cypress/psoc creator/4.2/psoc creator/import/gnu/arm/5.4.1/bin/../lib/gcc/arm-none-eabi/5.4.1/armv6-m\libgcc.a(_udivsi3.o)
                0x000010d8                __aeabi_uidiv
                0x000010d8                __udivsi3
                0x000011e4                __aeabi_uidivmod
 .text          0x000011ec      0x1d4 c:/program files (x86)/cypress/psoc creator/4.2/psoc creator/import/gnu/arm/5.4.1/bin/../lib/gcc/arm-none-eabi/5.4.1/armv6-m\libgcc.a(_divsi3.o)
                0x000011ec                __divsi3
                0x000011ec                __aeabi_idiv
                0x000013b8                __aeabi_idivmod
 .text          0x000013c0        0x4 c:/program files (x86)/cypress/psoc creator/4.2/psoc creator/import/gnu/arm/5.4.1/bin/../lib/gcc/arm-none-eabi/5.4.1/armv6-m\libgcc.a(_dvmd_tls.o)
                0x000013c0                __aeabi_idiv0
                0x000013c0                __aeabi_ldiv0
 .text.__errno  0x000013c4        0xc c:/program files (x86)/cypress/psoc creator/4.2/psoc creator/import/gnu/arm/5.4.1/bin/../lib/gcc/arm-none-eabi/5.4.1/../../../../arm-none-eabi/lib/armv6-m\libg_nano.a(lib_a-errno.o)
                0x000013c4                __errno
 .text.__libc_init_array
                0x000013d0       0x4c c:/program files (x86)/cypress/psoc creator/4.2/psoc creator/import/gnu/arm/5.4.1/bin/../lib/gcc/arm-none-eabi/5.4.1/../../../../arm-none-eabi/lib/armv6-m\libg_nano.a(lib_a-init.o)
                0x000013d0                __libc_init_array
 .text.memcmp   0x0000141c       0x1e c:/program files (x86)/cypress/psoc creator/4.2/psoc creator/import/gnu/arm/5.4.1/bin/../lib/gcc/arm-none-eabi/5.4.1/../../../../arm-none-eabi/lib/armv6-m\libg_nano.a(lib_a-memcmp.o)
                0x0000141c                memcmp
 .text.memcpy   0x0000143a       0x12 c:/program files (x86)/cypress/psoc creator/4.2/psoc creator/import/gnu/arm/5.4.1/bin/../lib/gcc/arm-none-eabi/5.4.1/../../../../arm-none-eabi/lib/armv6-m\libg_nano.a(lib_a-memcpy-stub.o)
                0x0000143a                memcpy
 .text.memset   0x0000144c       0x10 c:/program files (x86)/cypress/psoc creator/4.2/psoc creator/import/gnu/arm/5.4.1/bin/../lib/gcc/arm-none-eabi/5.4.1/../../../../arm-none-eabi/lib/armv6-m\libg_nano.a(lib_a-memset.o)
                0x0000144c                memset
 *(.plt)
 *(.gnu.warning)
 *(.glue_7t)
 .glue_7t       0x0000145c        0x0 linker stubs
 *(.glue_7)
 .glue_7        0x0000145c        0x0 linker stubs
 *(.vfp11_veneer)
 .vfp11_veneer  0x0000145c        0x0 linker stubs
 *(.bootloader)
 *(.ARM.extab* .gnu.linkonce.armextab.*)
 *(.gcc_except_table)

.v4_bx          0x0000145c        0x0
 .v4_bx         0x0000145c        0x0 linker stubs

.iplt           0x0000145c        0x0
 .iplt          0x0000145c        0x0 c:/program files (x86)/cypress/psoc creator/4.2/psoc creator/import/gnu/arm/5.4.1/bin/../lib/gcc/arm-none-eabi/5.4.1/armv6-m/crtbegin.o

i.CyBle_ControllerGetFeatureHeapReq
                0x0000145c       0x58
 i.CyBle_ControllerGetFeatureHeapReq
                0x0000145c       0x58 ..\..\..\..\..\..\..\..\Documents\PSoC Creator\4.2\Downloads ( 4.2).cylib\BLE_v3_52\Library\gccCyBLEStack_BLE_SOC_PERIPHERAL.a(CyBle.o)
                0x0000145c                CyBle_ControllerGetFeatureHeapReq

i.CyBle_EnableDefaultDevicePrivacy
                0x000014b4        0x8
 i.CyBle_EnableDefaultDevicePrivacy
                0x000014b4        0x8 ..\..\..\..\..\..\..\..\Documents\PSoC Creator\4.2\Downloads ( 4.2).cylib\BLE_v3_52\Library\gccCyBLEStack_BLE_SOC_PERIPHERAL.a(CyBle.o)
                0x000014b4                CyBle_EnableDefaultDevicePrivacy

i.CyBle_ExitLPM
                0x000014bc        0x8
 i.CyBle_ExitLPM
                0x000014bc        0x8 ..\..\..\..\..\..\..\..\Documents\PSoC Creator\4.2\Downloads ( 4.2).cylib\BLE_v3_52\Library\gccCyBLEStack_BLE_SOC_PERIPHERAL.a(CyBle.o)
                0x000014bc                CyBle_ExitLPM

i.CyBle_ProcessEvents
                0x000014c4        0x8
 i.CyBle_ProcessEvents
                0x000014c4        0x8 ..\..\..\..\..\..\..\..\Documents\PSoC Creator\4.2\Downloads ( 4.2).cylib\BLE_v3_52\Library\gccCyBLEStack_BLE_SOC_PERIPHERAL.a(CyBle.o)
                0x000014c4                CyBle_ProcessEvents

i.CyBle_SetDeviceAddress
                0x000014cc       0x24
 i.CyBle_SetDeviceAddress
                0x000014cc       0x24 ..\..\..\..\..\..\..\..\Documents\PSoC Creator\4.2\Downloads ( 4.2).cylib\BLE_v3_52\Library\gccCyBLEStack_BLE_SOC_PERIPHERAL.a(CyBle.o)
                0x000014cc                CyBle_SetDeviceAddress

i.CyBle_StackGetFeatureConfig
                0x000014f0       0x38
 i.CyBle_StackGetFeatureConfig
                0x000014f0       0x38 ..\..\..\..\..\..\..\..\Documents\PSoC Creator\4.2\Downloads ( 4.2).cylib\BLE_v3_52\Library\gccCyBLEStack_BLE_SOC_PERIPHERAL.a(CyBle.o)
                0x000014f0                CyBle_StackGetFeatureConfig

i.CyBle_StackInit
                0x00001528      0x154
 i.CyBle_StackInit
                0x00001528      0x154 ..\..\..\..\..\..\..\..\Documents\PSoC Creator\4.2\Downloads ( 4.2).cylib\BLE_v3_52\Library\gccCyBLEStack_BLE_SOC_PERIPHERAL.a(CyBle.o)
                0x00001528                CyBle_StackInit

i.CyBle_StackSetFeatureConfig
                0x0000167c       0xe8
 i.CyBle_StackSetFeatureConfig
                0x0000167c       0xe8 ..\..\..\..\..\..\..\..\Documents\PSoC Creator\4.2\Downloads ( 4.2).cylib\BLE_v3_52\Library\gccCyBLEStack_BLE_SOC_PERIPHERAL.a(CyBle.o)
                0x0000167c                CyBle_StackSetFeatureConfig

i.CyBle_StackValidateInputParams
                0x00001764       0xf4
 i.CyBle_StackValidateInputParams
                0x00001764       0xf4 ..\..\..\..\..\..\..\..\Documents\PSoC Creator\4.2\Downloads ( 4.2).cylib\BLE_v3_52\Library\gccCyBLEStack_BLE_SOC_PERIPHERAL.a(CyBle.o)

i.__ARM_common_switch8
                0x00001858       0x1a
 i.__ARM_common_switch8
                0x00001858       0x1a ..\..\..\..\..\..\..\..\Documents\PSoC Creator\4.2\Downloads ( 4.2).cylib\BLE_v3_52\Library\gccCyBLEStack_BLE_SOC_PERIPHERAL.a(CyBle.o)
                0x00001858                __ARM_common_switch8

i.CyBleStackMgr_Init
                0x00001874      0x10c
 i.CyBleStackMgr_Init
                0x00001874      0x10c ..\..\..\..\..\..\..\..\Documents\PSoC Creator\4.2\Downloads ( 4.2).cylib\BLE_v3_52\Library\gccCyBLEStack_BLE_SOC_PERIPHERAL.a(CyBleStackMgrIP_Interface.o)
                0x00001874                CyBleStackMgr_Init

i.CyBleStackMgr_ProcessBleEvents
                0x00001980       0x14
 i.CyBleStackMgr_ProcessBleEvents
                0x00001980       0x14 ..\..\..\..\..\..\..\..\Documents\PSoC Creator\4.2\Downloads ( 4.2).cylib\BLE_v3_52\Library\gccCyBLEStack_BLE_SOC_PERIPHERAL.a(CyBleStackMgrIP_Interface.o)
                0x00001980                CyBleStackMgr_ProcessBleEvents

i.CyBle_GetHeapMemory
                0x00001994       0x28
 i.CyBle_GetHeapMemory
                0x00001994       0x28 ..\..\..\..\..\..\..\..\Documents\PSoC Creator\4.2\Downloads ( 4.2).cylib\BLE_v3_52\Library\gccCyBLEStack_BLE_SOC_PERIPHERAL.a(CyBleStackMgrIP_Interface.o)
                0x00001994                CyBle_GetHeapMemory

i.CyBle_GetNumAppBufferPools
                0x000019bc        0xc
 i.CyBle_GetNumAppBufferPools
                0x000019bc        0xc ..\..\..\..\..\..\..\..\Documents\PSoC Creator\4.2\Downloads ( 4.2).cylib\BLE_v3_52\Library\gccCyBLEStack_BLE_SOC_PERIPHERAL.a(CyBleStackMgrIP_Interface.o)
                0x000019bc                CyBle_GetNumAppBufferPools

i.CyBle_HostStackBufferPoolInit
                0x000019c8       0xec
 i.CyBle_HostStackBufferPoolInit
                0x000019c8       0xec ..\..\..\..\..\..\..\..\Documents\PSoC Creator\4.2\Downloads ( 4.2).cylib\BLE_v3_52\Library\gccCyBLEStack_BLE_SOC_PERIPHERAL.a(CyBleStackMgrIP_Interface.o)

i.ble_stack_idle_task_callback
                0x00001ab4        0x2
 i.ble_stack_idle_task_callback
                0x00001ab4        0x2 ..\..\..\..\..\..\..\..\Documents\PSoC Creator\4.2\Downloads ( 4.2).cylib\BLE_v3_52\Library\gccCyBLEStack_BLE_SOC_PERIPHERAL.a(CyBleStackMgrIP_Interface.o)
                0x00001ab4                ble_stack_idle_task_callback

i.BT_OSFreeBuf  0x00001ab8       0x20
 i.BT_OSFreeBuf
                0x00001ab8       0x20 ..\..\..\..\..\..\..\..\Documents\PSoC Creator\4.2\Downloads ( 4.2).cylib\BLE_v3_52\Library\gccCyBLEStack_BLE_SOC_PERIPHERAL.a(BT_os.o)
                0x00001ab8                BT_OSFreeBuf

i.BT_OSGetBuF   0x00001ad8       0x34
 i.BT_OSGetBuF  0x00001ad8       0x34 ..\..\..\..\..\..\..\..\Documents\PSoC Creator\4.2\Downloads ( 4.2).cylib\BLE_v3_52\Library\gccCyBLEStack_BLE_SOC_PERIPHERAL.a(BT_os.o)
                0x00001ad8                BT_OSGetBuF

i.BT_OSMemCreate
                0x00001b0c       0x3c
 i.BT_OSMemCreate
                0x00001b0c       0x3c ..\..\..\..\..\..\..\..\Documents\PSoC Creator\4.2\Downloads ( 4.2).cylib\BLE_v3_52\Library\gccCyBLEStack_BLE_SOC_PERIPHERAL.a(BT_os.o)
                0x00001b0c                BT_OSMemCreate

i.BT_alloc_mem_ext
                0x00001b48       0x3c
 i.BT_alloc_mem_ext
                0x00001b48       0x3c ..\..\..\..\..\..\..\..\Documents\PSoC Creator\4.2\Downloads ( 4.2).cylib\BLE_v3_52\Library\gccCyBLEStack_BLE_SOC_PERIPHERAL.a(BT_os.o)
                0x00001b48                BT_alloc_mem_ext

i.BT_free_mem   0x00001b84        0xc
 i.BT_free_mem  0x00001b84        0xc ..\..\..\..\..\..\..\..\Documents\PSoC Creator\4.2\Downloads ( 4.2).cylib\BLE_v3_52\Library\gccCyBLEStack_BLE_SOC_PERIPHERAL.a(BT_os.o)
                0x00001b84                BT_free_mem

i.bt_stack_create_buffer_pool
                0x00001b90       0x30
 i.bt_stack_create_buffer_pool
                0x00001b90       0x30 ..\..\..\..\..\..\..\..\Documents\PSoC Creator\4.2\Downloads ( 4.2).cylib\BLE_v3_52\Library\gccCyBLEStack_BLE_SOC_PERIPHERAL.a(BT_os.o)
                0x00001b90                bt_stack_create_buffer_pool

i.BT_start_timer
                0x00001bc0       0xa8
 i.BT_start_timer
                0x00001bc0       0xa8 ..\..\..\..\..\..\..\..\Documents\PSoC Creator\4.2\Downloads ( 4.2).cylib\BLE_v3_52\Library\gccCyBLEStack_BLE_SOC_PERIPHERAL.a(BT_timer.o)
                0x00001bc0                BT_start_timer

i.BT_stop_timer
                0x00001c68       0x64
 i.BT_stop_timer
                0x00001c68       0x64 ..\..\..\..\..\..\..\..\Documents\PSoC Creator\4.2\Downloads ( 4.2).cylib\BLE_v3_52\Library\gccCyBLEStack_BLE_SOC_PERIPHERAL.a(BT_timer.o)
                0x00001c68                BT_stop_timer

i.BT_timer_process_signals
                0x00001ccc       0xa4
 i.BT_timer_process_signals
                0x00001ccc       0xa4 ..\..\..\..\..\..\..\..\Documents\PSoC Creator\4.2\Downloads ( 4.2).cylib\BLE_v3_52\Library\gccCyBLEStack_BLE_SOC_PERIPHERAL.a(BT_timer.o)
                0x00001ccc                BT_timer_process_signals

i.pf_timer_handle_callback
                0x00001d70       0x20
 i.pf_timer_handle_callback
                0x00001d70       0x20 ..\..\..\..\..\..\..\..\Documents\PSoC Creator\4.2\Downloads ( 4.2).cylib\BLE_v3_52\Library\gccCyBLEStack_BLE_SOC_PERIPHERAL.a(BT_timer.o)
                0x00001d70                pf_timer_handle_callback

i.timer_active_entity
                0x00001d90       0x24
 i.timer_active_entity
                0x00001d90       0x24 ..\..\..\..\..\..\..\..\Documents\PSoC Creator\4.2\Downloads ( 4.2).cylib\BLE_v3_52\Library\gccCyBLEStack_BLE_SOC_PERIPHERAL.a(BT_timer.o)
                0x00001d90                timer_active_entity

i.timer_alloc_entity
                0x00001db4       0x1c
 i.timer_alloc_entity
                0x00001db4       0x1c ..\..\..\..\..\..\..\..\Documents\PSoC Creator\4.2\Downloads ( 4.2).cylib\BLE_v3_52\Library\gccCyBLEStack_BLE_SOC_PERIPHERAL.a(BT_timer.o)
                0x00001db4                timer_alloc_entity

i.timer_allocated_entity
                0x00001dd0       0x34
 i.timer_allocated_entity
                0x00001dd0       0x34 ..\..\..\..\..\..\..\..\Documents\PSoC Creator\4.2\Downloads ( 4.2).cylib\BLE_v3_52\Library\gccCyBLEStack_BLE_SOC_PERIPHERAL.a(BT_timer.o)
                0x00001dd0                timer_allocated_entity

i.timer_bt_init
                0x00001e04        0x2
 i.timer_bt_init
                0x00001e04        0x2 ..\..\..\..\..\..\..\..\Documents\PSoC Creator\4.2\Downloads ( 4.2).cylib\BLE_v3_52\Library\gccCyBLEStack_BLE_SOC_PERIPHERAL.a(BT_timer.o)
                0x00001e04                timer_bt_init

i.timer_init    0x00001e08       0x28
 i.timer_init   0x00001e08       0x28 ..\..\..\..\..\..\..\..\Documents\PSoC Creator\4.2\Downloads ( 4.2).cylib\BLE_v3_52\Library\gccCyBLEStack_BLE_SOC_PERIPHERAL.a(BT_timer.o)
                0x00001e08                timer_init

i.timer_update_offsets
                0x00001e30       0x2c
 i.timer_update_offsets
                0x00001e30       0x2c ..\..\..\..\..\..\..\..\Documents\PSoC Creator\4.2\Downloads ( 4.2).cylib\BLE_v3_52\Library\gccCyBLEStack_BLE_SOC_PERIPHERAL.a(BT_timer.o)

i.CyBle_CheckBleStackTaskStatus
                0x00001e5c        0x4
 i.CyBle_CheckBleStackTaskStatus
                0x00001e5c        0x4 ..\..\..\..\..\..\..\..\Documents\PSoC Creator\4.2\Downloads ( 4.2).cylib\BLE_v3_52\Library\gccCyBLEStack_BLE_SOC_PERIPHERAL.a(CyBleStackMgr_StackTaskHandler.o)
                0x00001e5c                CyBle_CheckBleStackTaskStatus

i.CyBle_CreateBleStackTask
                0x00001e60       0x2c
 i.CyBle_CreateBleStackTask
                0x00001e60       0x2c ..\..\..\..\..\..\..\..\Documents\PSoC Creator\4.2\Downloads ( 4.2).cylib\BLE_v3_52\Library\gccCyBLEStack_BLE_SOC_PERIPHERAL.a(CyBleStackMgr_StackTaskHandler.o)
                0x00001e60                CyBle_CreateBleStackTask

i.CyBle_SignalBleStackTask
                0x00001e8c       0x50
 i.CyBle_SignalBleStackTask
                0x00001e8c       0x50 ..\..\..\..\..\..\..\..\Documents\PSoC Creator\4.2\Downloads ( 4.2).cylib\BLE_v3_52\Library\gccCyBLEStack_BLE_SOC_PERIPHERAL.a(CyBleStackMgr_StackTaskHandler.o)
                0x00001e8c                CyBle_SignalBleStackTask

i.CyBle_StackTaskHandler
                0x00001edc       0x64
 i.CyBle_StackTaskHandler
                0x00001edc       0x64 ..\..\..\..\..\..\..\..\Documents\PSoC Creator\4.2\Downloads ( 4.2).cylib\BLE_v3_52\Library\gccCyBLEStack_BLE_SOC_PERIPHERAL.a(CyBleStackMgr_StackTaskHandler.o)
                0x00001edc                CyBle_StackTaskHandler

i.hci_soft_transport_notify_data_received
                0x00001f40        0xc
 i.hci_soft_transport_notify_data_received
                0x00001f40        0xc ..\..\..\..\..\..\..\..\Documents\PSoC Creator\4.2\Downloads ( 4.2).cylib\BLE_v3_52\Library\gccCyBLEStack_BLE_SOC_PERIPHERAL.a(transport_sf.o)
                0x00001f40                hci_soft_transport_notify_data_received

i.hci_soft_transport_rx_data
                0x00001f4c       0x40
 i.hci_soft_transport_rx_data
                0x00001f4c       0x40 ..\..\..\..\..\..\..\..\Documents\PSoC Creator\4.2\Downloads ( 4.2).cylib\BLE_v3_52\Library\gccCyBLEStack_BLE_SOC_PERIPHERAL.a(transport_sf.o)
                0x00001f4c                hci_soft_transport_rx_data

i.hci_transport_bt_init
                0x00001f8c        0x2
 i.hci_transport_bt_init
                0x00001f8c        0x2 ..\..\..\..\..\..\..\..\Documents\PSoC Creator\4.2\Downloads ( 4.2).cylib\BLE_v3_52\Library\gccCyBLEStack_BLE_SOC_PERIPHERAL.a(transport_sf.o)
                0x00001f8c                hci_transport_bt_init

i.hci_transport_init
                0x00001f90       0x10
 i.hci_transport_init
                0x00001f90       0x10 ..\..\..\..\..\..\..\..\Documents\PSoC Creator\4.2\Downloads ( 4.2).cylib\BLE_v3_52\Library\gccCyBLEStack_BLE_SOC_PERIPHERAL.a(transport_sf.o)
                0x00001f90                hci_transport_init

i.hci_transport_write_data
                0x00001fa0       0xd4
 i.hci_transport_write_data
                0x00001fa0       0xd4 ..\..\..\..\..\..\..\..\Documents\PSoC Creator\4.2\Downloads ( 4.2).cylib\BLE_v3_52\Library\gccCyBLEStack_BLE_SOC_PERIPHERAL.a(transport_sf.o)
                0x00001fa0                hci_transport_write_data

i.pf_hci_soft_transport_write
                0x00002074       0x44
 i.pf_hci_soft_transport_write
                0x00002074       0x44 ..\..\..\..\..\..\..\..\Documents\PSoC Creator\4.2\Downloads ( 4.2).cylib\BLE_v3_52\Library\gccCyBLEStack_BLE_SOC_PERIPHERAL.a(transport_sf.o)
                0x00002074                pf_hci_soft_transport_write

i.pf_soft_hci_transport_init
                0x000020b8        0xc
 i.pf_soft_hci_transport_init
                0x000020b8        0xc ..\..\..\..\..\..\..\..\Documents\PSoC Creator\4.2\Downloads ( 4.2).cylib\BLE_v3_52\Library\gccCyBLEStack_BLE_SOC_PERIPHERAL.a(transport_sf.o)
                0x000020b8                pf_soft_hci_transport_init

i.CyBleStackMgr_GetTime
                0x000020c4       0x14
 i.CyBleStackMgr_GetTime
                0x000020c4       0x14 ..\..\..\..\..\..\..\..\Documents\PSoC Creator\4.2\Downloads ( 4.2).cylib\BLE_v3_52\Library\gccCyBLEStack_BLE_SOC_PERIPHERAL.a(CyBleStackMgr_PSoCHal.o)
                0x000020c4                CyBleStackMgr_GetTime

i.CyBleStackMgr_HalInit
                0x000020d8       0x24
 i.CyBleStackMgr_HalInit
                0x000020d8       0x24 ..\..\..\..\..\..\..\..\Documents\PSoC Creator\4.2\Downloads ( 4.2).cylib\BLE_v3_52\Library\gccCyBLEStack_BLE_SOC_PERIPHERAL.a(CyBleStackMgr_PSoCHal.o)
                0x000020d8                CyBleStackMgr_HalInit

i.CyBleStackMgr_HalIntrEnable
                0x000020fc        0x8
 i.CyBleStackMgr_HalIntrEnable
                0x000020fc        0x8 ..\..\..\..\..\..\..\..\Documents\PSoC Creator\4.2\Downloads ( 4.2).cylib\BLE_v3_52\Library\gccCyBLEStack_BLE_SOC_PERIPHERAL.a(CyBleStackMgr_PSoCHal.o)
                0x000020fc                CyBleStackMgr_HalIntrEnable

i.CyBleStackMgr_HandleLinkLayerTick
                0x00002104       0x5c
 i.CyBleStackMgr_HandleLinkLayerTick
                0x00002104       0x5c ..\..\..\..\..\..\..\..\Documents\PSoC Creator\4.2\Downloads ( 4.2).cylib\BLE_v3_52\Library\gccCyBLEStack_BLE_SOC_PERIPHERAL.a(CyBleStackMgr_PSoCHal.o)
                0x00002104                CyBleStackMgr_HandleLinkLayerTick

i.CyBleStackMgr_HciPortInit
                0x00002160        0xc
 i.CyBleStackMgr_HciPortInit
                0x00002160        0xc ..\..\..\..\..\..\..\..\Documents\PSoC Creator\4.2\Downloads ( 4.2).cylib\BLE_v3_52\Library\gccCyBLEStack_BLE_SOC_PERIPHERAL.a(CyBleStackMgr_PSoCHal.o)
                0x00002160                CyBleStackMgr_HciPortInit

i.CyBleStackMgr_HciPortReset
                0x0000216c        0x2
 i.CyBleStackMgr_HciPortReset
                0x0000216c        0x2 ..\..\..\..\..\..\..\..\Documents\PSoC Creator\4.2\Downloads ( 4.2).cylib\BLE_v3_52\Library\gccCyBLEStack_BLE_SOC_PERIPHERAL.a(CyBleStackMgr_PSoCHal.o)
                0x0000216c                CyBleStackMgr_HciPortReset

i.CyBleStackMgr_HciPortWrite
                0x0000216e        0x8
 i.CyBleStackMgr_HciPortWrite
                0x0000216e        0x8 ..\..\..\..\..\..\..\..\Documents\PSoC Creator\4.2\Downloads ( 4.2).cylib\BLE_v3_52\Library\gccCyBLEStack_BLE_SOC_PERIPHERAL.a(CyBleStackMgr_PSoCHal.o)
                0x0000216e                CyBleStackMgr_HciPortWrite

i.CyBleStackMgr_ResetLinkLayerTimerEntity
                0x00002178       0x14
 i.CyBleStackMgr_ResetLinkLayerTimerEntity
                0x00002178       0x14 ..\..\..\..\..\..\..\..\Documents\PSoC Creator\4.2\Downloads ( 4.2).cylib\BLE_v3_52\Library\gccCyBLEStack_BLE_SOC_PERIPHERAL.a(CyBleStackMgr_PSoCHal.o)
                0x00002178                CyBleStackMgr_ResetLinkLayerTimerEntity

i.CyBleStackMgr_TimerStart
                0x0000218c       0x2c
 i.CyBleStackMgr_TimerStart
                0x0000218c       0x2c ..\..\..\..\..\..\..\..\Documents\PSoC Creator\4.2\Downloads ( 4.2).cylib\BLE_v3_52\Library\gccCyBLEStack_BLE_SOC_PERIPHERAL.a(CyBleStackMgr_PSoCHal.o)
                0x0000218c                CyBleStackMgr_TimerStart

i.CyBleStackMgr_TimerStop
                0x000021b8       0x18
 i.CyBleStackMgr_TimerStop
                0x000021b8       0x18 ..\..\..\..\..\..\..\..\Documents\PSoC Creator\4.2\Downloads ( 4.2).cylib\BLE_v3_52\Library\gccCyBLEStack_BLE_SOC_PERIPHERAL.a(CyBleStackMgr_PSoCHal.o)
                0x000021b8                CyBleStackMgr_TimerStop

i.CyBleStackMgr_isTimerRunning
                0x000021d0       0x10
 i.CyBleStackMgr_isTimerRunning
                0x000021d0       0x10 ..\..\..\..\..\..\..\..\Documents\PSoC Creator\4.2\Downloads ( 4.2).cylib\BLE_v3_52\Library\gccCyBLEStack_BLE_SOC_PERIPHERAL.a(CyBleStackMgr_PSoCHal.o)
                0x000021d0                CyBleStackMgr_isTimerRunning

i.CyBleAtlantisRadioInit
                0x000021e0      0x168
 i.CyBleAtlantisRadioInit
                0x000021e0      0x168 ..\..\..\..\..\..\..\..\Documents\PSoC Creator\4.2\Downloads ( 4.2).cylib\BLE_v3_52\Library\gccCyBLEStack_BLE_SOC_PERIPHERAL.a(CyBleStackMgr_BleSSDriver.o)

i.CyBleStackMgr_BleSSFifoRead
                0x00002348       0x38
 i.CyBleStackMgr_BleSSFifoRead
                0x00002348       0x38 ..\..\..\..\..\..\..\..\Documents\PSoC Creator\4.2\Downloads ( 4.2).cylib\BLE_v3_52\Library\gccCyBLEStack_BLE_SOC_PERIPHERAL.a(CyBleStackMgr_BleSSDriver.o)
                0x00002348                CyBleStackMgr_BleSSFifoRead

i.CyBleStackMgr_BleSSFifoWrite
                0x00002380       0x30
 i.CyBleStackMgr_BleSSFifoWrite
                0x00002380       0x30 ..\..\..\..\..\..\..\..\Documents\PSoC Creator\4.2\Downloads ( 4.2).cylib\BLE_v3_52\Library\gccCyBLEStack_BLE_SOC_PERIPHERAL.a(CyBleStackMgr_BleSSDriver.o)
                0x00002380                CyBleStackMgr_BleSSFifoWrite

i.CyBleStackMgr_BleSSInit
                0x000023b0       0x50
 i.CyBleStackMgr_BleSSInit
                0x000023b0       0x50 ..\..\..\..\..\..\..\..\Documents\PSoC Creator\4.2\Downloads ( 4.2).cylib\BLE_v3_52\Library\gccCyBLEStack_BLE_SOC_PERIPHERAL.a(CyBleStackMgr_BleSSDriver.o)
                0x000023b0                CyBleStackMgr_BleSSInit

i.CyBleStackMgr_BleSSMemRead
                0x00002400       0x32
 i.CyBleStackMgr_BleSSMemRead
                0x00002400       0x32 ..\..\..\..\..\..\..\..\Documents\PSoC Creator\4.2\Downloads ( 4.2).cylib\BLE_v3_52\Library\gccCyBLEStack_BLE_SOC_PERIPHERAL.a(CyBleStackMgr_BleSSDriver.o)
                0x00002400                CyBleStackMgr_BleSSMemRead

i.CyBleStackMgr_BleSSMemWrite
                0x00002434       0x34
 i.CyBleStackMgr_BleSSMemWrite
                0x00002434       0x34 ..\..\..\..\..\..\..\..\Documents\PSoC Creator\4.2\Downloads ( 4.2).cylib\BLE_v3_52\Library\gccCyBLEStack_BLE_SOC_PERIPHERAL.a(CyBleStackMgr_BleSSDriver.o)
                0x00002434                CyBleStackMgr_BleSSMemWrite

i.CyBleStackMgr_BleSSMemWriteFields
                0x00002468       0x78
 i.CyBleStackMgr_BleSSMemWriteFields
                0x00002468       0x78 ..\..\..\..\..\..\..\..\Documents\PSoC Creator\4.2\Downloads ( 4.2).cylib\BLE_v3_52\Library\gccCyBLEStack_BLE_SOC_PERIPHERAL.a(CyBleStackMgr_BleSSDriver.o)
                0x00002468                CyBleStackMgr_BleSSMemWriteFields

i.CyBleStackMgr_BleSSRegRead
                0x000024e0        0xc
 i.CyBleStackMgr_BleSSRegRead
                0x000024e0        0xc ..\..\..\..\..\..\..\..\Documents\PSoC Creator\4.2\Downloads ( 4.2).cylib\BLE_v3_52\Library\gccCyBLEStack_BLE_SOC_PERIPHERAL.a(CyBleStackMgr_BleSSDriver.o)
                0x000024e0                CyBleStackMgr_BleSSRegRead

i.CyBleStackMgr_BleSSReset
                0x000024ec       0x38
 i.CyBleStackMgr_BleSSReset
                0x000024ec       0x38 ..\..\..\..\..\..\..\..\Documents\PSoC Creator\4.2\Downloads ( 4.2).cylib\BLE_v3_52\Library\gccCyBLEStack_BLE_SOC_PERIPHERAL.a(CyBleStackMgr_BleSSDriver.o)
                0x000024ec                CyBleStackMgr_BleSSReset

i.CyBleStackMgr_GenericIface
                0x00002524       0x3c
 i.CyBleStackMgr_GenericIface
                0x00002524       0x3c ..\..\..\..\..\..\..\..\Documents\PSoC Creator\4.2\Downloads ( 4.2).cylib\BLE_v3_52\Library\gccCyBLEStack_BLE_SOC_PERIPHERAL.a(CyBleStackMgr_BleSSDriver.o)
                0x00002524                CyBleStackMgr_GenericIface

i.CyBleStackMgr_HandleBleSSIntr
                0x00002560       0xa0
 i.CyBleStackMgr_HandleBleSSIntr
                0x00002560       0xa0 ..\..\..\..\..\..\..\..\Documents\PSoC Creator\4.2\Downloads ( 4.2).cylib\BLE_v3_52\Library\gccCyBLEStack_BLE_SOC_PERIPHERAL.a(CyBleStackMgr_BleSSDriver.o)
                0x00002560                CyBleStackMgr_HandleBleSSIntr

i.CyBleStackMgr_SetClockParam
                0x00002600       0xb4
 i.CyBleStackMgr_SetClockParam
                0x00002600       0xb4 ..\..\..\..\..\..\..\..\Documents\PSoC Creator\4.2\Downloads ( 4.2).cylib\BLE_v3_52\Library\gccCyBLEStack_BLE_SOC_PERIPHERAL.a(CyBleStackMgr_BleSSDriver.o)

i.CyBle_ExitDsmMode
                0x000026b4       0x2c
 i.CyBle_ExitDsmMode
                0x000026b4       0x2c ..\..\..\..\..\..\..\..\Documents\PSoC Creator\4.2\Downloads ( 4.2).cylib\BLE_v3_52\Library\gccCyBLEStack_BLE_SOC_PERIPHERAL.a(CyBleStackMgr_BleSSDriver.o)
                0x000026b4                CyBle_ExitDsmMode

i.CyBle_GetBleSsOperationalMode
                0x000026e0        0xc
 i.CyBle_GetBleSsOperationalMode
                0x000026e0        0xc ..\..\..\..\..\..\..\..\Documents\PSoC Creator\4.2\Downloads ( 4.2).cylib\BLE_v3_52\Library\gccCyBLEStack_BLE_SOC_PERIPHERAL.a(CyBleStackMgr_BleSSDriver.o)
                0x000026e0                CyBle_GetBleSsOperationalMode

i.CyBle_GetLpMode
                0x000026ec       0x26
 i.CyBle_GetLpMode
                0x000026ec       0x26 ..\..\..\..\..\..\..\..\Documents\PSoC Creator\4.2\Downloads ( 4.2).cylib\BLE_v3_52\Library\gccCyBLEStack_BLE_SOC_PERIPHERAL.a(CyBleStackMgr_BleSSDriver.o)
                0x000026ec                CyBle_GetLpMode

i.CyBle_GetTxGainMode
                0x00002714       0x2c
 i.CyBle_GetTxGainMode
                0x00002714       0x2c ..\..\..\..\..\..\..\..\Documents\PSoC Creator\4.2\Downloads ( 4.2).cylib\BLE_v3_52\Library\gccCyBLEStack_BLE_SOC_PERIPHERAL.a(CyBleStackMgr_BleSSDriver.o)
                0x00002714                CyBle_GetTxGainMode

i.CyBle_SetBleSsOperationalMode
                0x00002740       0x20
 i.CyBle_SetBleSsOperationalMode
                0x00002740       0x20 ..\..\..\..\..\..\..\..\Documents\PSoC Creator\4.2\Downloads ( 4.2).cylib\BLE_v3_52\Library\gccCyBLEStack_BLE_SOC_PERIPHERAL.a(CyBleStackMgr_BleSSDriver.o)
                0x00002740                CyBle_SetBleSsOperationalMode

i.CyBle_SetEventCloseState
                0x00002760        0xc
 i.CyBle_SetEventCloseState
                0x00002760        0xc ..\..\..\..\..\..\..\..\Documents\PSoC Creator\4.2\Downloads ( 4.2).cylib\BLE_v3_52\Library\gccCyBLEStack_BLE_SOC_PERIPHERAL.a(CyBleStackMgr_BleSSDriver.o)
                0x00002760                CyBle_SetEventCloseState

i.CyBle_SetRxGainMode
                0x0000276c       0x20
 i.CyBle_SetRxGainMode
                0x0000276c       0x20 ..\..\..\..\..\..\..\..\Documents\PSoC Creator\4.2\Downloads ( 4.2).cylib\BLE_v3_52\Library\gccCyBLEStack_BLE_SOC_PERIPHERAL.a(CyBleStackMgr_BleSSDriver.o)
                0x0000276c                CyBle_SetRxGainMode

i.CyBle_SetTxGainMode
                0x0000278c       0x38
 i.CyBle_SetTxGainMode
                0x0000278c       0x38 ..\..\..\..\..\..\..\..\Documents\PSoC Creator\4.2\Downloads ( 4.2).cylib\BLE_v3_52\Library\gccCyBLEStack_BLE_SOC_PERIPHERAL.a(CyBleStackMgr_BleSSDriver.o)
                0x0000278c                CyBle_SetTxGainMode

i.pf_rf_get_abs_rssi
                0x000027c4       0x50
 i.pf_rf_get_abs_rssi
                0x000027c4       0x50 ..\..\..\..\..\..\..\..\Documents\PSoC Creator\4.2\Downloads ( 4.2).cylib\BLE_v3_52\Library\gccCyBLEStack_BLE_SOC_PERIPHERAL.a(CyBleStackMgr_BleSSDriver.o)
                0x000027c4                pf_rf_get_abs_rssi

i.BleStackFlashStorageInit
                0x00002814       0x84
 i.BleStackFlashStorageInit
                0x00002814       0x84 ..\..\..\..\..\..\..\..\Documents\PSoC Creator\4.2\Downloads ( 4.2).cylib\BLE_v3_52\Library\gccCyBLEStack_BLE_SOC_PERIPHERAL.a(storage_pl.o)
                0x00002814                BleStackFlashStorageInit

i.BleStackIsFlashCorrupted
                0x00002898       0x3c
 i.BleStackIsFlashCorrupted
                0x00002898       0x3c ..\..\..\..\..\..\..\..\Documents\PSoC Creator\4.2\Downloads ( 4.2).cylib\BLE_v3_52\Library\gccCyBLEStack_BLE_SOC_PERIPHERAL.a(storage_pl.o)
                0x00002898                BleStackIsFlashCorrupted

i.BleStackWriteToFlashPending
                0x000028d4       0x24
 i.BleStackWriteToFlashPending
                0x000028d4       0x24 ..\..\..\..\..\..\..\..\Documents\PSoC Creator\4.2\Downloads ( 4.2).cylib\BLE_v3_52\Library\gccCyBLEStack_BLE_SOC_PERIPHERAL.a(storage_pl.o)
                0x000028d4                BleStackWriteToFlashPending

i.BleStackWriteToFlashRam
                0x000028f8       0x78
 i.BleStackWriteToFlashRam
                0x000028f8       0x78 ..\..\..\..\..\..\..\..\Documents\PSoC Creator\4.2\Downloads ( 4.2).cylib\BLE_v3_52\Library\gccCyBLEStack_BLE_SOC_PERIPHERAL.a(storage_pl.o)
                0x000028f8                BleStackWriteToFlashRam

i.calc_checksum
                0x00002970       0x1a
 i.calc_checksum
                0x00002970       0x1a ..\..\..\..\..\..\..\..\Documents\PSoC Creator\4.2\Downloads ( 4.2).cylib\BLE_v3_52\Library\gccCyBLEStack_BLE_SOC_PERIPHERAL.a(storage_pl.o)
                0x00002970                calc_checksum

i.storage_bt_init_pl
                0x0000298c       0x30
 i.storage_bt_init_pl
                0x0000298c       0x30 ..\..\..\..\..\..\..\..\Documents\PSoC Creator\4.2\Downloads ( 4.2).cylib\BLE_v3_52\Library\gccCyBLEStack_BLE_SOC_PERIPHERAL.a(storage_pl.o)
                0x0000298c                storage_bt_init_pl

i.storage_close_pl
                0x000029bc        0x4
 i.storage_close_pl
                0x000029bc        0x4 ..\..\..\..\..\..\..\..\Documents\PSoC Creator\4.2\Downloads ( 4.2).cylib\BLE_v3_52\Library\gccCyBLEStack_BLE_SOC_PERIPHERAL.a(storage_pl.o)
                0x000029bc                storage_close_pl

i.storage_open_pl
                0x000029c0       0x1c
 i.storage_open_pl
                0x000029c0       0x1c ..\..\..\..\..\..\..\..\Documents\PSoC Creator\4.2\Downloads ( 4.2).cylib\BLE_v3_52\Library\gccCyBLEStack_BLE_SOC_PERIPHERAL.a(storage_pl.o)
                0x000029c0                storage_open_pl

i.storage_read_pl
                0x000029dc       0x28
 i.storage_read_pl
                0x000029dc       0x28 ..\..\..\..\..\..\..\..\Documents\PSoC Creator\4.2\Downloads ( 4.2).cylib\BLE_v3_52\Library\gccCyBLEStack_BLE_SOC_PERIPHERAL.a(storage_pl.o)
                0x000029dc                storage_read_pl

i.storage_read_signature_pl
                0x00002a04       0x2c
 i.storage_read_signature_pl
                0x00002a04       0x2c ..\..\..\..\..\..\..\..\Documents\PSoC Creator\4.2\Downloads ( 4.2).cylib\BLE_v3_52\Library\gccCyBLEStack_BLE_SOC_PERIPHERAL.a(storage_pl.o)
                0x00002a04                storage_read_signature_pl

i.storage_register_flash_pointer
                0x00002a30       0x20
 i.storage_register_flash_pointer
                0x00002a30       0x20 ..\..\..\..\..\..\..\..\Documents\PSoC Creator\4.2\Downloads ( 4.2).cylib\BLE_v3_52\Library\gccCyBLEStack_BLE_SOC_PERIPHERAL.a(storage_pl.o)
                0x00002a30                storage_register_flash_pointer

i.storage_reset_storage_offset
                0x00002a50       0x10
 i.storage_reset_storage_offset
                0x00002a50       0x10 ..\..\..\..\..\..\..\..\Documents\PSoC Creator\4.2\Downloads ( 4.2).cylib\BLE_v3_52\Library\gccCyBLEStack_BLE_SOC_PERIPHERAL.a(storage_pl.o)

i.storage_write_pl
                0x00002a60       0x24
 i.storage_write_pl
                0x00002a60       0x24 ..\..\..\..\..\..\..\..\Documents\PSoC Creator\4.2\Downloads ( 4.2).cylib\BLE_v3_52\Library\gccCyBLEStack_BLE_SOC_PERIPHERAL.a(storage_pl.o)
                0x00002a60                storage_write_pl

i.storage_write_signature_pl
                0x00002a84       0x14
 i.storage_write_signature_pl
                0x00002a84       0x14 ..\..\..\..\..\..\..\..\Documents\PSoC Creator\4.2\Downloads ( 4.2).cylib\BLE_v3_52\Library\gccCyBLEStack_BLE_SOC_PERIPHERAL.a(storage_pl.o)
                0x00002a84                storage_write_signature_pl

i.OS_init       0x00002a98       0x64
 i.OS_init      0x00002a98       0x64 ..\..\..\..\..\..\..\..\Documents\PSoC Creator\4.2\Downloads ( 4.2).cylib\BLE_v3_52\Library\gccCyBLEStack_BLE_SOC_PERIPHERAL.a(mint_os.o)
                0x00002a98                OS_init

i.mintos_malloc
                0x00002afc       0x34
 i.mintos_malloc
                0x00002afc       0x34 ..\..\..\..\..\..\..\..\Documents\PSoC Creator\4.2\Downloads ( 4.2).cylib\BLE_v3_52\Library\gccCyBLEStack_BLE_SOC_PERIPHERAL.a(mint_os.o)
                0x00002afc                mintos_malloc

i.OS_create_queue
                0x00002b30       0x64
 i.OS_create_queue
                0x00002b30       0x64 ..\..\..\..\..\..\..\..\Documents\PSoC Creator\4.2\Downloads ( 4.2).cylib\BLE_v3_52\Library\gccCyBLEStack_BLE_SOC_PERIPHERAL.a(mint_os_queue.o)
                0x00002b30                OS_create_queue

i.OS_enqueue_item
                0x00002b94       0x8c
 i.OS_enqueue_item
                0x00002b94       0x8c ..\..\..\..\..\..\..\..\Documents\PSoC Creator\4.2\Downloads ( 4.2).cylib\BLE_v3_52\Library\gccCyBLEStack_BLE_SOC_PERIPHERAL.a(mint_os_queue.o)
                0x00002b94                OS_enqueue_item

i.OS_queue_get_num_of_items
                0x00002c20       0x28
 i.OS_queue_get_num_of_items
                0x00002c20       0x28 ..\..\..\..\..\..\..\..\Documents\PSoC Creator\4.2\Downloads ( 4.2).cylib\BLE_v3_52\Library\gccCyBLEStack_BLE_SOC_PERIPHERAL.a(mint_os_queue.o)
                0x00002c20                OS_queue_get_num_of_items

i.OS_queue_mgmt_init
                0x00002c48       0x40
 i.OS_queue_mgmt_init
                0x00002c48       0x40 ..\..\..\..\..\..\..\..\Documents\PSoC Creator\4.2\Downloads ( 4.2).cylib\BLE_v3_52\Library\gccCyBLEStack_BLE_SOC_PERIPHERAL.a(mint_os_queue.o)
                0x00002c48                OS_queue_mgmt_init

i.OS_remove_item
                0x00002c88       0xa0
 i.OS_remove_item
                0x00002c88       0xa0 ..\..\..\..\..\..\..\..\Documents\PSoC Creator\4.2\Downloads ( 4.2).cylib\BLE_v3_52\Library\gccCyBLEStack_BLE_SOC_PERIPHERAL.a(mint_os_queue.o)
                0x00002c88                OS_remove_item

i.OS_create_task
                0x00002d28       0x88
 i.OS_create_task
                0x00002d28       0x88 ..\..\..\..\..\..\..\..\Documents\PSoC Creator\4.2\Downloads ( 4.2).cylib\BLE_v3_52\Library\gccCyBLEStack_BLE_SOC_PERIPHERAL.a(mint_os_task.o)
                0x00002d28                OS_create_task

i.OS_isr_send_signal_to_task
                0x00002db0        0xc
 i.OS_isr_send_signal_to_task
                0x00002db0        0xc ..\..\..\..\..\..\..\..\Documents\PSoC Creator\4.2\Downloads ( 4.2).cylib\BLE_v3_52\Library\gccCyBLEStack_BLE_SOC_PERIPHERAL.a(mint_os_task.o)
                0x00002db0                OS_isr_send_signal_to_task

i.OS_scheduler  0x00002dbc       0x64
 i.OS_scheduler
                0x00002dbc       0x64 ..\..\..\..\..\..\..\..\Documents\PSoC Creator\4.2\Downloads ( 4.2).cylib\BLE_v3_52\Library\gccCyBLEStack_BLE_SOC_PERIPHERAL.a(mint_os_task.o)
                0x00002dbc                OS_scheduler

i.OS_send_signal_to_task
                0x00002e20        0xc
 i.OS_send_signal_to_task
                0x00002e20        0xc ..\..\..\..\..\..\..\..\Documents\PSoC Creator\4.2\Downloads ( 4.2).cylib\BLE_v3_52\Library\gccCyBLEStack_BLE_SOC_PERIPHERAL.a(mint_os_task.o)
                0x00002e20                OS_send_signal_to_task

i.OS_send_signal_to_task_context
                0x00002e2c       0x3c
 i.OS_send_signal_to_task_context
                0x00002e2c       0x3c ..\..\..\..\..\..\..\..\Documents\PSoC Creator\4.2\Downloads ( 4.2).cylib\BLE_v3_52\Library\gccCyBLEStack_BLE_SOC_PERIPHERAL.a(mint_os_task.o)

i.OS_task_mgmt_init
                0x00002e68       0x50
 i.OS_task_mgmt_init
                0x00002e68       0x50 ..\..\..\..\..\..\..\..\Documents\PSoC Creator\4.2\Downloads ( 4.2).cylib\BLE_v3_52\Library\gccCyBLEStack_BLE_SOC_PERIPHERAL.a(mint_os_task.o)
                0x00002e68                OS_task_mgmt_init

i.mint_buf_mgmt_allocate_buffer
                0x00002eb8       0x4c
 i.mint_buf_mgmt_allocate_buffer
                0x00002eb8       0x4c ..\..\..\..\..\..\..\..\Documents\PSoC Creator\4.2\Downloads ( 4.2).cylib\BLE_v3_52\Library\gccCyBLEStack_BLE_SOC_PERIPHERAL.a(mint_buf_mgmt.o)
                0x00002eb8                mint_buf_mgmt_allocate_buffer

i.mint_buf_mgmt_create_pool
                0x00002f04       0xd0
 i.mint_buf_mgmt_create_pool
                0x00002f04       0xd0 ..\..\..\..\..\..\..\..\Documents\PSoC Creator\4.2\Downloads ( 4.2).cylib\BLE_v3_52\Library\gccCyBLEStack_BLE_SOC_PERIPHERAL.a(mint_buf_mgmt.o)
                0x00002f04                mint_buf_mgmt_create_pool

i.mint_buf_mgmt_free_buffer
                0x00002fd4       0xa4
 i.mint_buf_mgmt_free_buffer
                0x00002fd4       0xa4 ..\..\..\..\..\..\..\..\Documents\PSoC Creator\4.2\Downloads ( 4.2).cylib\BLE_v3_52\Library\gccCyBLEStack_BLE_SOC_PERIPHERAL.a(mint_buf_mgmt.o)
                0x00002fd4                mint_buf_mgmt_free_buffer

i.mint_buf_mgmt_init
                0x00003078       0x44
 i.mint_buf_mgmt_init
                0x00003078       0x44 ..\..\..\..\..\..\..\..\Documents\PSoC Creator\4.2\Downloads ( 4.2).cylib\BLE_v3_52\Library\gccCyBLEStack_BLE_SOC_PERIPHERAL.a(mint_buf_mgmt.o)
                0x00003078                mint_buf_mgmt_init

i.mint_buf_mgmt_malloc
                0x000030bc       0x28
 i.mint_buf_mgmt_malloc
                0x000030bc       0x28 ..\..\..\..\..\..\..\..\Documents\PSoC Creator\4.2\Downloads ( 4.2).cylib\BLE_v3_52\Library\gccCyBLEStack_BLE_SOC_PERIPHERAL.a(mint_buf_mgmt.o)
                0x000030bc                mint_buf_mgmt_malloc

i.mint_buf_mgmt_pl_init
                0x000030e4       0x48
 i.mint_buf_mgmt_pl_init
                0x000030e4       0x48 ..\..\..\..\..\..\..\..\Documents\PSoC Creator\4.2\Downloads ( 4.2).cylib\BLE_v3_52\Library\gccCyBLEStack_BLE_SOC_PERIPHERAL.a(mint_buf_mgmt.o)
                0x000030e4                mint_buf_mgmt_pl_init

i.mint_buf_mgmt_reset_pool
                0x0000312c       0x70
 i.mint_buf_mgmt_reset_pool
                0x0000312c       0x70 ..\..\..\..\..\..\..\..\Documents\PSoC Creator\4.2\Downloads ( 4.2).cylib\BLE_v3_52\Library\gccCyBLEStack_BLE_SOC_PERIPHERAL.a(mint_buf_mgmt.o)
                0x0000312c                mint_buf_mgmt_reset_pool

i.mint_buf_mgmt_stack_init
                0x0000319c       0x24
 i.mint_buf_mgmt_stack_init
                0x0000319c       0x24 ..\..\..\..\..\..\..\..\Documents\PSoC Creator\4.2\Downloads ( 4.2).cylib\BLE_v3_52\Library\gccCyBLEStack_BLE_SOC_PERIPHERAL.a(mint_buf_mgmt.o)
                0x0000319c                mint_buf_mgmt_stack_init

i.mint_buf_mgmt_stack_pop
                0x000031c0       0x36
 i.mint_buf_mgmt_stack_pop
                0x000031c0       0x36 ..\..\..\..\..\..\..\..\Documents\PSoC Creator\4.2\Downloads ( 4.2).cylib\BLE_v3_52\Library\gccCyBLEStack_BLE_SOC_PERIPHERAL.a(mint_buf_mgmt.o)
                0x000031c0                mint_buf_mgmt_stack_pop

i.mint_buf_mgmt_stack_push
                0x000031f6       0x36
 i.mint_buf_mgmt_stack_push
                0x000031f6       0x36 ..\..\..\..\..\..\..\..\Documents\PSoC Creator\4.2\Downloads ( 4.2).cylib\BLE_v3_52\Library\gccCyBLEStack_BLE_SOC_PERIPHERAL.a(mint_buf_mgmt.o)
                0x000031f6                mint_buf_mgmt_stack_push

i.mint_buf_mgmt_stack_reset
                0x0000322c       0x1e
 i.mint_buf_mgmt_stack_reset
                0x0000322c       0x1e ..\..\..\..\..\..\..\..\Documents\PSoC Creator\4.2\Downloads ( 4.2).cylib\BLE_v3_52\Library\gccCyBLEStack_BLE_SOC_PERIPHERAL.a(mint_buf_mgmt.o)
                0x0000322c                mint_buf_mgmt_stack_reset

i.mint_buf_mgmt_stack_search_item
                0x0000324a       0x30
 i.mint_buf_mgmt_stack_search_item
                0x0000324a       0x30 ..\..\..\..\..\..\..\..\Documents\PSoC Creator\4.2\Downloads ( 4.2).cylib\BLE_v3_52\Library\gccCyBLEStack_BLE_SOC_PERIPHERAL.a(mint_buf_mgmt.o)
                0x0000324a                mint_buf_mgmt_stack_search_item

i.CyBleControllerIP_GetPingState
                0x0000327c        0xc
 i.CyBleControllerIP_GetPingState
                0x0000327c        0xc ..\..\..\..\..\..\..\..\Documents\PSoC Creator\4.2\Downloads ( 4.2).cylib\BLE_v3_52\Library\gccCyBLEStack_BLE_SOC_PERIPHERAL.a(CyBleControllerIP_Interface.o)
                0x0000327c                CyBleControllerIP_GetPingState

i.CyBleController_AddDeviceToWhiteList
                0x00003288       0x48
 i.CyBleController_AddDeviceToWhiteList
                0x00003288       0x48 ..\..\..\..\..\..\..\..\Documents\PSoC Creator\4.2\Downloads ( 4.2).cylib\BLE_v3_52\Library\gccCyBLEStack_BLE_SOC_PERIPHERAL.a(CyBleControllerIP_Interface.o)
                0x00003288                CyBleController_AddDeviceToWhiteList

i.CyBleController_EnableDefaultDevicePrivacy
                0x000032d0        0xc
 i.CyBleController_EnableDefaultDevicePrivacy
                0x000032d0        0xc ..\..\..\..\..\..\..\..\Documents\PSoC Creator\4.2\Downloads ( 4.2).cylib\BLE_v3_52\Library\gccCyBLEStack_BLE_SOC_PERIPHERAL.a(CyBleControllerIP_Interface.o)
                0x000032d0                CyBleController_EnableDefaultDevicePrivacy

i.CyBleController_ExitLowPowerMode
                0x000032dc       0x10
 i.CyBleController_ExitLowPowerMode
                0x000032dc       0x10 ..\..\..\..\..\..\..\..\Documents\PSoC Creator\4.2\Downloads ( 4.2).cylib\BLE_v3_52\Library\gccCyBLEStack_BLE_SOC_PERIPHERAL.a(CyBleControllerIP_Interface.o)
                0x000032dc                CyBleController_ExitLowPowerMode

i.CyBleController_GetDeviceAddress
                0x000032ec       0x22
 i.CyBleController_GetDeviceAddress
                0x000032ec       0x22 ..\..\..\..\..\..\..\..\Documents\PSoC Creator\4.2\Downloads ( 4.2).cylib\BLE_v3_52\Library\gccCyBLEStack_BLE_SOC_PERIPHERAL.a(CyBleControllerIP_Interface.o)
                0x000032ec                CyBleController_GetDeviceAddress

i.CyBleController_GetDleHeapMemory
                0x0000330e       0x10
 i.CyBleController_GetDleHeapMemory
                0x0000330e       0x10 ..\..\..\..\..\..\..\..\Documents\PSoC Creator\4.2\Downloads ( 4.2).cylib\BLE_v3_52\Library\gccCyBLEStack_BLE_SOC_PERIPHERAL.a(CyBleControllerIP_Interface.o)
                0x0000330e                CyBleController_GetDleHeapMemory

i.CyBleController_GetPrivacyHeapMemory
                0x00003320       0x1c
 i.CyBleController_GetPrivacyHeapMemory
                0x00003320       0x1c ..\..\..\..\..\..\..\..\Documents\PSoC Creator\4.2\Downloads ( 4.2).cylib\BLE_v3_52\Library\gccCyBLEStack_BLE_SOC_PERIPHERAL.a(CyBleControllerIP_Interface.o)
                0x00003320                CyBleController_GetPrivacyHeapMemory

i.CyBleController_Init
                0x0000333c       0x40
 i.CyBleController_Init
                0x0000333c       0x40 ..\..\..\..\..\..\..\..\Documents\PSoC Creator\4.2\Downloads ( 4.2).cylib\BLE_v3_52\Library\gccCyBLEStack_BLE_SOC_PERIPHERAL.a(CyBleControllerIP_Interface.o)
                0x0000333c                CyBleController_Init

i.CyBleController_SetDeviceAddress
                0x0000337c       0x2e
 i.CyBleController_SetDeviceAddress
                0x0000337c       0x2e ..\..\..\..\..\..\..\..\Documents\PSoC Creator\4.2\Downloads ( 4.2).cylib\BLE_v3_52\Library\gccCyBLEStack_BLE_SOC_PERIPHERAL.a(CyBleControllerIP_Interface.o)
                0x0000337c                CyBleController_SetDeviceAddress

i.CyBleController_SetDleParams
                0x000033ac       0x1c
 i.CyBleController_SetDleParams
                0x000033ac       0x1c ..\..\..\..\..\..\..\..\Documents\PSoC Creator\4.2\Downloads ( 4.2).cylib\BLE_v3_52\Library\gccCyBLEStack_BLE_SOC_PERIPHERAL.a(CyBleControllerIP_Interface.o)
                0x000033ac                CyBleController_SetDleParams

i.CyBleController_SetLePrivacyParams
                0x000033c8       0x18
 i.CyBleController_SetLePrivacyParams
                0x000033c8       0x18 ..\..\..\..\..\..\..\..\Documents\PSoC Creator\4.2\Downloads ( 4.2).cylib\BLE_v3_52\Library\gccCyBLEStack_BLE_SOC_PERIPHERAL.a(CyBleControllerIP_Interface.o)
                0x000033c8                CyBleController_SetLePrivacyParams

i.CyBle_GetFirmwareProgrammedDSM
                0x000033e0        0xc
 i.CyBle_GetFirmwareProgrammedDSM
                0x000033e0        0xc ..\..\..\..\..\..\..\..\Documents\PSoC Creator\4.2\Downloads ( 4.2).cylib\BLE_v3_52\Library\gccCyBLEStack_BLE_SOC_PERIPHERAL.a(CyBleControllerIP_Interface.o)
                0x000033e0                CyBle_GetFirmwareProgrammedDSM

i.CyBle_GetTxPowerLevel
                0x000033ec       0x54
 i.CyBle_GetTxPowerLevel
                0x000033ec       0x54 ..\..\..\..\..\..\..\..\Documents\PSoC Creator\4.2\Downloads ( 4.2).cylib\BLE_v3_52\Library\gccCyBLEStack_BLE_SOC_PERIPHERAL.a(CyBleControllerIP_Interface.o)
                0x000033ec                CyBle_GetTxPowerLevel

i.CyBle_SendBlessEvtoAPP
                0x00003440        0xc
 i.CyBle_SendBlessEvtoAPP
                0x00003440        0xc ..\..\..\..\..\..\..\..\Documents\PSoC Creator\4.2\Downloads ( 4.2).cylib\BLE_v3_52\Library\gccCyBLEStack_BLE_SOC_PERIPHERAL.a(CyBleControllerIP_Interface.o)
                0x00003440                CyBle_SendBlessEvtoAPP

i.CyBle_SendEventToApp
                0x0000344c       0x38
 i.CyBle_SendEventToApp
                0x0000344c       0x38 ..\..\..\..\..\..\..\..\Documents\PSoC Creator\4.2\Downloads ( 4.2).cylib\BLE_v3_52\Library\gccCyBLEStack_BLE_SOC_PERIPHERAL.a(CyBleControllerIP_Interface.o)
                0x0000344c                CyBle_SendEventToApp

i.CyBle_SetFirmwareProgrammedDSM
                0x00003484        0xc
 i.CyBle_SetFirmwareProgrammedDSM
                0x00003484        0xc ..\..\..\..\..\..\..\..\Documents\PSoC Creator\4.2\Downloads ( 4.2).cylib\BLE_v3_52\Library\gccCyBLEStack_BLE_SOC_PERIPHERAL.a(CyBleControllerIP_Interface.o)
                0x00003484                CyBle_SetFirmwareProgrammedDSM

i.CyBle_SetTxPowerLevel
                0x00003490       0x88
 i.CyBle_SetTxPowerLevel
                0x00003490       0x88 ..\..\..\..\..\..\..\..\Documents\PSoC Creator\4.2\Downloads ( 4.2).cylib\BLE_v3_52\Library\gccCyBLEStack_BLE_SOC_PERIPHERAL.a(CyBleControllerIP_Interface.o)
                0x00003490                CyBle_SetTxPowerLevel

i.ll_check_and_mark_packet_ready_for_transmission
                0x00003518       0x44
 i.ll_check_and_mark_packet_ready_for_transmission
                0x00003518       0x44 ..\..\..\..\..\..\..\..\Documents\PSoC Creator\4.2\Downloads ( 4.2).cylib\BLE_v3_52\Library\gccCyBLEStack_BLE_SOC_PERIPHERAL.a(ll.o)
                0x00003518                ll_check_and_mark_packet_ready_for_transmission

i.ll_cleanup_pending_data_pdu
                0x0000355c       0x44
 i.ll_cleanup_pending_data_pdu
                0x0000355c       0x44 ..\..\..\..\..\..\..\..\Documents\PSoC Creator\4.2\Downloads ( 4.2).cylib\BLE_v3_52\Library\gccCyBLEStack_BLE_SOC_PERIPHERAL.a(ll.o)
                0x0000355c                ll_cleanup_pending_data_pdu

i.ll_exit_low_power_mode
                0x000035a0       0x84
 i.ll_exit_low_power_mode
                0x000035a0       0x84 ..\..\..\..\..\..\..\..\Documents\PSoC Creator\4.2\Downloads ( 4.2).cylib\BLE_v3_52\Library\gccCyBLEStack_BLE_SOC_PERIPHERAL.a(ll.o)
                0x000035a0                ll_exit_low_power_mode

i.ll_get_ack_status
                0x00003624       0x44
 i.ll_get_ack_status
                0x00003624       0x44 ..\..\..\..\..\..\..\..\Documents\PSoC Creator\4.2\Downloads ( 4.2).cylib\BLE_v3_52\Library\gccCyBLEStack_BLE_SOC_PERIPHERAL.a(ll.o)
                0x00003624                ll_get_ack_status

i.ll_get_adv_ch_tx_power
                0x00003668       0x20
 i.ll_get_adv_ch_tx_power
                0x00003668       0x20 ..\..\..\..\..\..\..\..\Documents\PSoC Creator\4.2\Downloads ( 4.2).cylib\BLE_v3_52\Library\gccCyBLEStack_BLE_SOC_PERIPHERAL.a(ll.o)
                0x00003668                ll_get_adv_ch_tx_power

i.ll_get_data_channel_map
                0x00003688       0x28
 i.ll_get_data_channel_map
                0x00003688       0x28 ..\..\..\..\..\..\..\..\Documents\PSoC Creator\4.2\Downloads ( 4.2).cylib\BLE_v3_52\Library\gccCyBLEStack_BLE_SOC_PERIPHERAL.a(ll.o)
                0x00003688                ll_get_data_channel_map

i.ll_get_max_white_list_size
                0x000036b0        0xc
 i.ll_get_max_white_list_size
                0x000036b0        0xc ..\..\..\..\..\..\..\..\Documents\PSoC Creator\4.2\Downloads ( 4.2).cylib\BLE_v3_52\Library\gccCyBLEStack_BLE_SOC_PERIPHERAL.a(ll.o)
                0x000036b0                ll_get_max_white_list_size

i.ll_get_my_role
                0x000036bc        0xc
 i.ll_get_my_role
                0x000036bc        0xc ..\..\..\..\..\..\..\..\Documents\PSoC Creator\4.2\Downloads ( 4.2).cylib\BLE_v3_52\Library\gccCyBLEStack_BLE_SOC_PERIPHERAL.a(ll.o)
                0x000036bc                ll_get_my_role

i.ll_get_next_available_fifo_for_data_pdu
                0x000036c8        0x8
 i.ll_get_next_available_fifo_for_data_pdu
                0x000036c8        0x8 ..\..\..\..\..\..\..\..\Documents\PSoC Creator\4.2\Downloads ( 4.2).cylib\BLE_v3_52\Library\gccCyBLEStack_BLE_SOC_PERIPHERAL.a(ll.o)
                0x000036c8                ll_get_next_available_fifo_for_data_pdu

i.ll_get_next_available_fifo_for_ll_pdu
                0x000036d0       0x2c
 i.ll_get_next_available_fifo_for_ll_pdu
                0x000036d0       0x2c ..\..\..\..\..\..\..\..\Documents\PSoC Creator\4.2\Downloads ( 4.2).cylib\BLE_v3_52\Library\gccCyBLEStack_BLE_SOC_PERIPHERAL.a(ll.o)
                0x000036d0                ll_get_next_available_fifo_for_ll_pdu

i.ll_get_rssi_value
                0x000036fc       0x26
 i.ll_get_rssi_value
                0x000036fc       0x26 ..\..\..\..\..\..\..\..\Documents\PSoC Creator\4.2\Downloads ( 4.2).cylib\BLE_v3_52\Library\gccCyBLEStack_BLE_SOC_PERIPHERAL.a(ll.o)
                0x000036fc                ll_get_rssi_value

i.ll_get_transmit_power_level
                0x00003724       0x2c
 i.ll_get_transmit_power_level
                0x00003724       0x2c ..\..\..\..\..\..\..\..\Documents\PSoC Creator\4.2\Downloads ( 4.2).cylib\BLE_v3_52\Library\gccCyBLEStack_BLE_SOC_PERIPHERAL.a(ll.o)
                0x00003724                ll_get_transmit_power_level

i.ll_handle_ack_received
                0x00003750       0x74
 i.ll_handle_ack_received
                0x00003750       0x74 ..\..\..\..\..\..\..\..\Documents\PSoC Creator\4.2\Downloads ( 4.2).cylib\BLE_v3_52\Library\gccCyBLEStack_BLE_SOC_PERIPHERAL.a(ll.o)
                0x00003750                ll_handle_ack_received

i.ll_handle_add_device_in_whitelist
                0x000037c4       0x50
 i.ll_handle_add_device_in_whitelist
                0x000037c4       0x50 ..\..\..\..\..\..\..\..\Documents\PSoC Creator\4.2\Downloads ( 4.2).cylib\BLE_v3_52\Library\gccCyBLEStack_BLE_SOC_PERIPHERAL.a(ll.o)
                0x000037c4                ll_handle_add_device_in_whitelist

i.ll_handle_clear_whitelist
                0x00003814       0x24
 i.ll_handle_clear_whitelist
                0x00003814       0x24 ..\..\..\..\..\..\..\..\Documents\PSoC Creator\4.2\Downloads ( 4.2).cylib\BLE_v3_52\Library\gccCyBLEStack_BLE_SOC_PERIPHERAL.a(ll.o)
                0x00003814                ll_handle_clear_whitelist

i.ll_handle_encrypt_host_data
                0x00003838       0x36
 i.ll_handle_encrypt_host_data
                0x00003838       0x36 ..\..\..\..\..\..\..\..\Documents\PSoC Creator\4.2\Downloads ( 4.2).cylib\BLE_v3_52\Library\gccCyBLEStack_BLE_SOC_PERIPHERAL.a(ll.o)
                0x00003838                ll_handle_encrypt_host_data

i.ll_handle_host_data_packet
                0x00003870       0x9c
 i.ll_handle_host_data_packet
                0x00003870       0x9c ..\..\..\..\..\..\..\..\Documents\PSoC Creator\4.2\Downloads ( 4.2).cylib\BLE_v3_52\Library\gccCyBLEStack_BLE_SOC_PERIPHERAL.a(ll.o)
                0x00003870                ll_handle_host_data_packet

i.ll_handle_read_host_channel_map
                0x0000390c        0x4
 i.ll_handle_read_host_channel_map
                0x0000390c        0x4 ..\..\..\..\..\..\..\..\Documents\PSoC Creator\4.2\Downloads ( 4.2).cylib\BLE_v3_52\Library\gccCyBLEStack_BLE_SOC_PERIPHERAL.a(ll.o)
                0x0000390c                ll_handle_read_host_channel_map

i.ll_handle_remove_device_in_whitelist
                0x00003910       0x38
 i.ll_handle_remove_device_in_whitelist
                0x00003910       0x38 ..\..\..\..\..\..\..\..\Documents\PSoC Creator\4.2\Downloads ( 4.2).cylib\BLE_v3_52\Library\gccCyBLEStack_BLE_SOC_PERIPHERAL.a(ll.o)
                0x00003910                ll_handle_remove_device_in_whitelist

i.ll_handle_reset
                0x00003948        0xe
 i.ll_handle_reset
                0x00003948        0xe ..\..\..\..\..\..\..\..\Documents\PSoC Creator\4.2\Downloads ( 4.2).cylib\BLE_v3_52\Library\gccCyBLEStack_BLE_SOC_PERIPHERAL.a(ll.o)
                0x00003948                ll_handle_reset

i.ll_handle_set_random_address
                0x00003956       0x36
 i.ll_handle_set_random_address
                0x00003956       0x36 ..\..\..\..\..\..\..\..\Documents\PSoC Creator\4.2\Downloads ( 4.2).cylib\BLE_v3_52\Library\gccCyBLEStack_BLE_SOC_PERIPHERAL.a(ll.o)
                0x00003956                ll_handle_set_random_address

i.ll_init       0x0000398c       0x20
 i.ll_init      0x0000398c       0x20 ..\..\..\..\..\..\..\..\Documents\PSoC Creator\4.2\Downloads ( 4.2).cylib\BLE_v3_52\Library\gccCyBLEStack_BLE_SOC_PERIPHERAL.a(ll.o)
                0x0000398c                ll_init

i.ll_initialize_device_attributes
                0x000039ac       0xc0
 i.ll_initialize_device_attributes
                0x000039ac       0xc0 ..\..\..\..\..\..\..\..\Documents\PSoC Creator\4.2\Downloads ( 4.2).cylib\BLE_v3_52\Library\gccCyBLEStack_BLE_SOC_PERIPHERAL.a(ll.o)
                0x000039ac                ll_initialize_device_attributes

i.ll_is_pkt_pending
                0x00003a6c       0x2a
 i.ll_is_pkt_pending
                0x00003a6c       0x2a ..\..\..\..\..\..\..\..\Documents\PSoC Creator\4.2\Downloads ( 4.2).cylib\BLE_v3_52\Library\gccCyBLEStack_BLE_SOC_PERIPHERAL.a(ll.o)
                0x00003a6c                ll_is_pkt_pending

i.ll_is_sent_pkt_pending
                0x00003a96       0x1a
 i.ll_is_sent_pkt_pending
                0x00003a96       0x1a ..\..\..\..\..\..\..\..\Documents\PSoC Creator\4.2\Downloads ( 4.2).cylib\BLE_v3_52\Library\gccCyBLEStack_BLE_SOC_PERIPHERAL.a(ll.o)
                0x00003a96                ll_is_sent_pkt_pending

i.ll_isr_exit_low_power_mode
                0x00003ab0       0x16
 i.ll_isr_exit_low_power_mode
                0x00003ab0       0x16 ..\..\..\..\..\..\..\..\Documents\PSoC Creator\4.2\Downloads ( 4.2).cylib\BLE_v3_52\Library\gccCyBLEStack_BLE_SOC_PERIPHERAL.a(ll.o)
                0x00003ab0                ll_isr_exit_low_power_mode

i.ll_load_host_data_packet
                0x00003ac6       0x3c
 i.ll_load_host_data_packet
                0x00003ac6       0x3c ..\..\..\..\..\..\..\..\Documents\PSoC Creator\4.2\Downloads ( 4.2).cylib\BLE_v3_52\Library\gccCyBLEStack_BLE_SOC_PERIPHERAL.a(ll.o)
                0x00003ac6                ll_load_host_data_packet

i.ll_load_packet_to_fifo
                0x00003b04       0xc0
 i.ll_load_packet_to_fifo
                0x00003b04       0xc0 ..\..\..\..\..\..\..\..\Documents\PSoC Creator\4.2\Downloads ( 4.2).cylib\BLE_v3_52\Library\gccCyBLEStack_BLE_SOC_PERIPHERAL.a(ll.o)
                0x00003b04                ll_load_packet_to_fifo

i.ll_process_acks
                0x00003bc4       0x60
 i.ll_process_acks
                0x00003bc4       0x60 ..\..\..\..\..\..\..\..\Documents\PSoC Creator\4.2\Downloads ( 4.2).cylib\BLE_v3_52\Library\gccCyBLEStack_BLE_SOC_PERIPHERAL.a(ll.o)
                0x00003bc4                ll_process_acks

i.ll_reset      0x00003c24       0x14
 i.ll_reset     0x00003c24       0x14 ..\..\..\..\..\..\..\..\Documents\PSoC Creator\4.2\Downloads ( 4.2).cylib\BLE_v3_52\Library\gccCyBLEStack_BLE_SOC_PERIPHERAL.a(ll.o)
                0x00003c24                ll_reset

i.ll_update_active_features
                0x00003c38       0x58
 i.ll_update_active_features
                0x00003c38       0x58 ..\..\..\..\..\..\..\..\Documents\PSoC Creator\4.2\Downloads ( 4.2).cylib\BLE_v3_52\Library\gccCyBLEStack_BLE_SOC_PERIPHERAL.a(ll.o)
                0x00003c38                ll_update_active_features

i.ll_update_device_fsm
                0x00003c90        0x8
 i.ll_update_device_fsm
                0x00003c90        0x8 ..\..\..\..\..\..\..\..\Documents\PSoC Creator\4.2\Downloads ( 4.2).cylib\BLE_v3_52\Library\gccCyBLEStack_BLE_SOC_PERIPHERAL.a(ll.o)
                0x00003c90                ll_update_device_fsm

i.ll_validate_add_device_to_whitelist_params
                0x00003c98       0x14
 i.ll_validate_add_device_to_whitelist_params
                0x00003c98       0x14 ..\..\..\..\..\..\..\..\Documents\PSoC Creator\4.2\Downloads ( 4.2).cylib\BLE_v3_52\Library\gccCyBLEStack_BLE_SOC_PERIPHERAL.a(ll.o)
                0x00003c98                ll_validate_add_device_to_whitelist_params

i.ll_validate_bd_addr
                0x00003cac       0x1a
 i.ll_validate_bd_addr
                0x00003cac       0x1a ..\..\..\..\..\..\..\..\Documents\PSoC Creator\4.2\Downloads ( 4.2).cylib\BLE_v3_52\Library\gccCyBLEStack_BLE_SOC_PERIPHERAL.a(ll.o)
                0x00003cac                ll_validate_bd_addr

i.ll_wait_to_exit_dsm
                0x00003cc6       0x2c
 i.ll_wait_to_exit_dsm
                0x00003cc6       0x2c ..\..\..\..\..\..\..\..\Documents\PSoC Creator\4.2\Downloads ( 4.2).cylib\BLE_v3_52\Library\gccCyBLEStack_BLE_SOC_PERIPHERAL.a(ll.o)

i.pf_le_start_timer
                0x00003cf2       0x16
 i.pf_le_start_timer
                0x00003cf2       0x16 ..\..\..\..\..\..\..\..\Documents\PSoC Creator\4.2\Downloads ( 4.2).cylib\BLE_v3_52\Library\gccCyBLEStack_BLE_SOC_PERIPHERAL.a(ll.o)
                0x00003cf2                pf_le_start_timer

i.pf_le_stop_timer
                0x00003d08       0x12
 i.pf_le_stop_timer
                0x00003d08       0x12 ..\..\..\..\..\..\..\..\Documents\PSoC Creator\4.2\Downloads ( 4.2).cylib\BLE_v3_52\Library\gccCyBLEStack_BLE_SOC_PERIPHERAL.a(ll.o)
                0x00003d08                pf_le_stop_timer

i.CyBleControllerIP_TuneAdvEventInterPktSlots
                0x00003d1c       0x3c
 i.CyBleControllerIP_TuneAdvEventInterPktSlots
                0x00003d1c       0x3c ..\..\..\..\..\..\..\..\Documents\PSoC Creator\4.2\Downloads ( 4.2).cylib\BLE_v3_52\Library\gccCyBLEStack_BLE_SOC_PERIPHERAL.a(ll_advertiser.o)
                0x00003d1c                CyBleControllerIP_TuneAdvEventInterPktSlots

i.ll_adv_is_configured_connection_adv
                0x00003d58       0x1e
 i.ll_adv_is_configured_connection_adv
                0x00003d58       0x1e ..\..\..\..\..\..\..\..\Documents\PSoC Creator\4.2\Downloads ( 4.2).cylib\BLE_v3_52\Library\gccCyBLEStack_BLE_SOC_PERIPHERAL.a(ll_advertiser.o)
                0x00003d58                ll_adv_is_configured_connection_adv

i.ll_check_random_address_in_use_by_advertiser
                0x00003d76       0x10
 i.ll_check_random_address_in_use_by_advertiser
                0x00003d76       0x10 ..\..\..\..\..\..\..\..\Documents\PSoC Creator\4.2\Downloads ( 4.2).cylib\BLE_v3_52\Library\gccCyBLEStack_BLE_SOC_PERIPHERAL.a(ll_advertiser.o)
                0x00003d76                ll_check_random_address_in_use_by_advertiser

i.ll_check_whitelist_in_use_by_advertiser
                0x00003d86       0x10
 i.ll_check_whitelist_in_use_by_advertiser
                0x00003d86       0x10 ..\..\..\..\..\..\..\..\Documents\PSoC Creator\4.2\Downloads ( 4.2).cylib\BLE_v3_52\Library\gccCyBLEStack_BLE_SOC_PERIPHERAL.a(ll_advertiser.o)
                0x00003d86                ll_check_whitelist_in_use_by_advertiser

i.ll_get_adv_data
                0x00003d98        0xc
 i.ll_get_adv_data
                0x00003d98        0xc ..\..\..\..\..\..\..\..\Documents\PSoC Creator\4.2\Downloads ( 4.2).cylib\BLE_v3_52\Library\gccCyBLEStack_BLE_SOC_PERIPHERAL.a(ll_advertiser.o)
                0x00003d98                ll_get_adv_data

i.ll_get_adv_status
                0x00003da4        0xc
 i.ll_get_adv_status
                0x00003da4        0xc ..\..\..\..\..\..\..\..\Documents\PSoC Creator\4.2\Downloads ( 4.2).cylib\BLE_v3_52\Library\gccCyBLEStack_BLE_SOC_PERIPHERAL.a(ll_advertiser.o)
                0x00003da4                ll_get_adv_status

i.ll_get_adv_type
                0x00003db0       0x18
 i.ll_get_adv_type
                0x00003db0       0x18 ..\..\..\..\..\..\..\..\Documents\PSoC Creator\4.2\Downloads ( 4.2).cylib\BLE_v3_52\Library\gccCyBLEStack_BLE_SOC_PERIPHERAL.a(ll_advertiser.o)
                0x00003db0                ll_get_adv_type

i.ll_get_scan_rsp_data
                0x00003dc8        0xc
 i.ll_get_scan_rsp_data
                0x00003dc8        0xc ..\..\..\..\..\..\..\..\Documents\PSoC Creator\4.2\Downloads ( 4.2).cylib\BLE_v3_52\Library\gccCyBLEStack_BLE_SOC_PERIPHERAL.a(ll_advertiser.o)
                0x00003dc8                ll_get_scan_rsp_data

i.ll_handle_adv_intr
                0x00003dd4       0x54
 i.ll_handle_adv_intr
                0x00003dd4       0x54 ..\..\..\..\..\..\..\..\Documents\PSoC Creator\4.2\Downloads ( 4.2).cylib\BLE_v3_52\Library\gccCyBLEStack_BLE_SOC_PERIPHERAL.a(ll_advertiser.o)
                0x00003dd4                ll_handle_adv_intr

i.ll_handle_set_adv_data
                0x00003e28       0x38
 i.ll_handle_set_adv_data
                0x00003e28       0x38 ..\..\..\..\..\..\..\..\Documents\PSoC Creator\4.2\Downloads ( 4.2).cylib\BLE_v3_52\Library\gccCyBLEStack_BLE_SOC_PERIPHERAL.a(ll_advertiser.o)
                0x00003e28                ll_handle_set_adv_data

i.ll_handle_set_adv_parameters
                0x00003e60       0xa4
 i.ll_handle_set_adv_parameters
                0x00003e60       0xa4 ..\..\..\..\..\..\..\..\Documents\PSoC Creator\4.2\Downloads ( 4.2).cylib\BLE_v3_52\Library\gccCyBLEStack_BLE_SOC_PERIPHERAL.a(ll_advertiser.o)
                0x00003e60                ll_handle_set_adv_parameters

i.ll_handle_set_advertise_enable
                0x00003f04       0x6a
 i.ll_handle_set_advertise_enable
                0x00003f04       0x6a ..\..\..\..\..\..\..\..\Documents\PSoC Creator\4.2\Downloads ( 4.2).cylib\BLE_v3_52\Library\gccCyBLEStack_BLE_SOC_PERIPHERAL.a(ll_advertiser.o)
                0x00003f04                ll_handle_set_advertise_enable

i.ll_handle_set_scan_resp_data
                0x00003f70       0x38
 i.ll_handle_set_scan_resp_data
                0x00003f70       0x38 ..\..\..\..\..\..\..\..\Documents\PSoC Creator\4.2\Downloads ( 4.2).cylib\BLE_v3_52\Library\gccCyBLEStack_BLE_SOC_PERIPHERAL.a(ll_advertiser.o)
                0x00003f70                ll_handle_set_scan_resp_data

i.ll_init_advertiser
                0x00003fa8       0x70
 i.ll_init_advertiser
                0x00003fa8       0x70 ..\..\..\..\..\..\..\..\Documents\PSoC Creator\4.2\Downloads ( 4.2).cylib\BLE_v3_52\Library\gccCyBLEStack_BLE_SOC_PERIPHERAL.a(ll_advertiser.o)
                0x00003fa8                ll_init_advertiser

i.ll_update_adv_data
                0x00004018       0x44
 i.ll_update_adv_data
                0x00004018       0x44 ..\..\..\..\..\..\..\..\Documents\PSoC Creator\4.2\Downloads ( 4.2).cylib\BLE_v3_52\Library\gccCyBLEStack_BLE_SOC_PERIPHERAL.a(ll_advertiser.o)
                0x00004018                ll_update_adv_data

i.ll_update_scan_rsp_data
                0x0000405c       0x44
 i.ll_update_scan_rsp_data
                0x0000405c       0x44 ..\..\..\..\..\..\..\..\Documents\PSoC Creator\4.2\Downloads ( 4.2).cylib\BLE_v3_52\Library\gccCyBLEStack_BLE_SOC_PERIPHERAL.a(ll_advertiser.o)
                0x0000405c                ll_update_scan_rsp_data

i.is_le_connection_handle
                0x000040a0       0x28
 i.is_le_connection_handle
                0x000040a0       0x28 ..\..\..\..\..\..\..\..\Documents\PSoC Creator\4.2\Downloads ( 4.2).cylib\BLE_v3_52\Library\gccCyBLEStack_BLE_SOC_PERIPHERAL.a(ll_connection.o)
                0x000040a0                is_le_connection_handle

i.le_assign_connection_handle
                0x000040c8       0x28
 i.le_assign_connection_handle
                0x000040c8       0x28 ..\..\..\..\..\..\..\..\Documents\PSoC Creator\4.2\Downloads ( 4.2).cylib\BLE_v3_52\Library\gccCyBLEStack_BLE_SOC_PERIPHERAL.a(ll_connection.o)
                0x000040c8                le_assign_connection_handle

i.le_get_connection_index
                0x000040f0        0x6
 i.le_get_connection_index
                0x000040f0        0x6 ..\..\..\..\..\..\..\..\Documents\PSoC Creator\4.2\Downloads ( 4.2).cylib\BLE_v3_52\Library\gccCyBLEStack_BLE_SOC_PERIPHERAL.a(ll_connection.o)
                0x000040f0                le_get_connection_index

i.ll_allocate_connection
                0x000040f8       0x44
 i.ll_allocate_connection
                0x000040f8       0x44 ..\..\..\..\..\..\..\..\Documents\PSoC Creator\4.2\Downloads ( 4.2).cylib\BLE_v3_52\Library\gccCyBLEStack_BLE_SOC_PERIPHERAL.a(ll_connection.o)
                0x000040f8                ll_allocate_connection

i.ll_calculate_and_program_def_win_widen_drift
                0x0000413c       0x14
 i.ll_calculate_and_program_def_win_widen_drift
                0x0000413c       0x14 ..\..\..\..\..\..\..\..\Documents\PSoC Creator\4.2\Downloads ( 4.2).cylib\BLE_v3_52\Library\gccCyBLEStack_BLE_SOC_PERIPHERAL.a(ll_connection.o)
                0x0000413c                ll_calculate_and_program_def_win_widen_drift

i.ll_calculate_drift
                0x00004150       0x2c
 i.ll_calculate_drift
                0x00004150       0x2c ..\..\..\..\..\..\..\..\Documents\PSoC Creator\4.2\Downloads ( 4.2).cylib\BLE_v3_52\Library\gccCyBLEStack_BLE_SOC_PERIPHERAL.a(ll_connection.o)
                0x00004150                ll_calculate_drift

i.ll_check_and_decrypt_ll_pdu
                0x0000417c       0x70
 i.ll_check_and_decrypt_ll_pdu
                0x0000417c       0x70 ..\..\..\..\..\..\..\..\Documents\PSoC Creator\4.2\Downloads ( 4.2).cylib\BLE_v3_52\Library\gccCyBLEStack_BLE_SOC_PERIPHERAL.a(ll_connection.o)
                0x0000417c                ll_check_and_decrypt_ll_pdu

i.ll_check_and_decrypt_packet
                0x000041ec       0x6a
 i.ll_check_and_decrypt_packet
                0x000041ec       0x6a ..\..\..\..\..\..\..\..\Documents\PSoC Creator\4.2\Downloads ( 4.2).cylib\BLE_v3_52\Library\gccCyBLEStack_BLE_SOC_PERIPHERAL.a(ll_connection.o)
                0x000041ec                ll_check_and_decrypt_packet

i.ll_check_and_encrypt_ll_pdu
                0x00004256       0x7c
 i.ll_check_and_encrypt_ll_pdu
                0x00004256       0x7c ..\..\..\..\..\..\..\..\Documents\PSoC Creator\4.2\Downloads ( 4.2).cylib\BLE_v3_52\Library\gccCyBLEStack_BLE_SOC_PERIPHERAL.a(ll_connection.o)
                0x00004256                ll_check_and_encrypt_ll_pdu

i.ll_check_and_encrypt_packet
                0x000042d2       0x82
 i.ll_check_and_encrypt_packet
                0x000042d2       0x82 ..\..\..\..\..\..\..\..\Documents\PSoC Creator\4.2\Downloads ( 4.2).cylib\BLE_v3_52\Library\gccCyBLEStack_BLE_SOC_PERIPHERAL.a(ll_connection.o)
                0x000042d2                ll_check_and_encrypt_packet

i.ll_check_for_allowing_incoming_connection_update
                0x00004354       0x42
 i.ll_check_for_allowing_incoming_connection_update
                0x00004354       0x42 ..\..\..\..\..\..\..\..\Documents\PSoC Creator\4.2\Downloads ( 4.2).cylib\BLE_v3_52\Library\gccCyBLEStack_BLE_SOC_PERIPHERAL.a(ll_connection.o)
                0x00004354                ll_check_for_allowing_incoming_connection_update

i.ll_check_if_pdu_is_loaded_to_hardware
                0x00004398       0x1c
 i.ll_check_if_pdu_is_loaded_to_hardware
                0x00004398       0x1c ..\..\..\..\..\..\..\..\Documents\PSoC Creator\4.2\Downloads ( 4.2).cylib\BLE_v3_52\Library\gccCyBLEStack_BLE_SOC_PERIPHERAL.a(ll_connection.o)
                0x00004398                ll_check_if_pdu_is_loaded_to_hardware

i.ll_check_random_address_in_use_by_initiator
                0x000043b4       0x30
 i.ll_check_random_address_in_use_by_initiator
                0x000043b4       0x30 ..\..\..\..\..\..\..\..\Documents\PSoC Creator\4.2\Downloads ( 4.2).cylib\BLE_v3_52\Library\gccCyBLEStack_BLE_SOC_PERIPHERAL.a(ll_connection.o)
                0x000043b4                ll_check_random_address_in_use_by_initiator

i.ll_check_white_list_in_use_by_initiator
                0x000043e4       0x30
 i.ll_check_white_list_in_use_by_initiator
                0x000043e4       0x30 ..\..\..\..\..\..\..\..\Documents\PSoC Creator\4.2\Downloads ( 4.2).cylib\BLE_v3_52\Library\gccCyBLEStack_BLE_SOC_PERIPHERAL.a(ll_connection.o)
                0x000043e4                ll_check_white_list_in_use_by_initiator

i.ll_conn_free_enc_txn_buffer
                0x00004414       0x16
 i.ll_conn_free_enc_txn_buffer
                0x00004414       0x16 ..\..\..\..\..\..\..\..\Documents\PSoC Creator\4.2\Downloads ( 4.2).cylib\BLE_v3_52\Library\gccCyBLEStack_BLE_SOC_PERIPHERAL.a(ll_connection.o)
                0x00004414                ll_conn_free_enc_txn_buffer

i.ll_conn_fsm_update_channel_state
                0x0000442a        0x6
 i.ll_conn_fsm_update_channel_state
                0x0000442a        0x6 ..\..\..\..\..\..\..\..\Documents\PSoC Creator\4.2\Downloads ( 4.2).cylib\BLE_v3_52\Library\gccCyBLEStack_BLE_SOC_PERIPHERAL.a(ll_connection.o)
                0x0000442a                ll_conn_fsm_update_channel_state

i.ll_conn_fsm_update_conn_update_state
                0x00004430        0x6
 i.ll_conn_fsm_update_conn_update_state
                0x00004430        0x6 ..\..\..\..\..\..\..\..\Documents\PSoC Creator\4.2\Downloads ( 4.2).cylib\BLE_v3_52\Library\gccCyBLEStack_BLE_SOC_PERIPHERAL.a(ll_connection.o)
                0x00004430                ll_conn_fsm_update_conn_update_state

i.ll_conn_fsm_update_enc_state
                0x00004436        0x6
 i.ll_conn_fsm_update_enc_state
                0x00004436        0x6 ..\..\..\..\..\..\..\..\Documents\PSoC Creator\4.2\Downloads ( 4.2).cylib\BLE_v3_52\Library\gccCyBLEStack_BLE_SOC_PERIPHERAL.a(ll_connection.o)
                0x00004436                ll_conn_fsm_update_enc_state

i.ll_conn_fsm_update_state
                0x0000443c        0x4
 i.ll_conn_fsm_update_state
                0x0000443c        0x4 ..\..\..\..\..\..\..\..\Documents\PSoC Creator\4.2\Downloads ( 4.2).cylib\BLE_v3_52\Library\gccCyBLEStack_BLE_SOC_PERIPHERAL.a(ll_connection.o)
                0x0000443c                ll_conn_fsm_update_state

i.ll_conn_handle_data_pdu_from_host_when_data_paused
                0x00004440        0x8
 i.ll_conn_handle_data_pdu_from_host_when_data_paused
                0x00004440        0x8 ..\..\..\..\..\..\..\..\Documents\PSoC Creator\4.2\Downloads ( 4.2).cylib\BLE_v3_52\Library\gccCyBLEStack_BLE_SOC_PERIPHERAL.a(ll_connection.o)
                0x00004440                ll_conn_handle_data_pdu_from_host_when_data_paused

i.ll_conn_handle_direct_adv_timeout
                0x00004448       0x2c
 i.ll_conn_handle_direct_adv_timeout
                0x00004448       0x2c ..\..\..\..\..\..\..\..\Documents\PSoC Creator\4.2\Downloads ( 4.2).cylib\BLE_v3_52\Library\gccCyBLEStack_BLE_SOC_PERIPHERAL.a(ll_connection.o)
                0x00004448                ll_conn_handle_direct_adv_timeout

i.ll_conn_handle_ping_timer_expired_interrupt
                0x00004474       0x1c
 i.ll_conn_handle_ping_timer_expired_interrupt
                0x00004474       0x1c ..\..\..\..\..\..\..\..\Documents\PSoC Creator\4.2\Downloads ( 4.2).cylib\BLE_v3_52\Library\gccCyBLEStack_BLE_SOC_PERIPHERAL.a(ll_connection.o)
                0x00004474                ll_conn_handle_ping_timer_expired_interrupt

i.ll_conn_handle_ping_timer_nearly_expired_interrupt
                0x00004490       0x20
 i.ll_conn_handle_ping_timer_nearly_expired_interrupt
                0x00004490       0x20 ..\..\..\..\..\..\..\..\Documents\PSoC Creator\4.2\Downloads ( 4.2).cylib\BLE_v3_52\Library\gccCyBLEStack_BLE_SOC_PERIPHERAL.a(ll_connection.o)
                0x00004490                ll_conn_handle_ping_timer_nearly_expired_interrupt

i.ll_conn_handle_stop_connectable_adv
                0x000044b0       0x12
 i.ll_conn_handle_stop_connectable_adv
                0x000044b0       0x12 ..\..\..\..\..\..\..\..\Documents\PSoC Creator\4.2\Downloads ( 4.2).cylib\BLE_v3_52\Library\gccCyBLEStack_BLE_SOC_PERIPHERAL.a(ll_connection.o)
                0x000044b0                ll_conn_handle_stop_connectable_adv

i.ll_conn_process_pending_transactions
                0x000044c2        0x4
 i.ll_conn_process_pending_transactions
                0x000044c2        0x4 ..\..\..\..\..\..\..\..\Documents\PSoC Creator\4.2\Downloads ( 4.2).cylib\BLE_v3_52\Library\gccCyBLEStack_BLE_SOC_PERIPHERAL.a(ll_connection.o)
                0x000044c2                ll_conn_process_pending_transactions

i.ll_conn_program_authenticated_payload_timer
                0x000044c8       0x50
 i.ll_conn_program_authenticated_payload_timer
                0x000044c8       0x50 ..\..\..\..\..\..\..\..\Documents\PSoC Creator\4.2\Downloads ( 4.2).cylib\BLE_v3_52\Library\gccCyBLEStack_BLE_SOC_PERIPHERAL.a(ll_connection.o)
                0x000044c8                ll_conn_program_authenticated_payload_timer

i.ll_conn_read_data_pdu_from_hardware
                0x00004518       0x20
 i.ll_conn_read_data_pdu_from_hardware
                0x00004518       0x20 ..\..\..\..\..\..\..\..\Documents\PSoC Creator\4.2\Downloads ( 4.2).cylib\BLE_v3_52\Library\gccCyBLEStack_BLE_SOC_PERIPHERAL.a(ll_connection.o)
                0x00004518                ll_conn_read_data_pdu_from_hardware

i.ll_conn_send_ping_req_pdu
                0x00004538       0x40
 i.ll_conn_send_ping_req_pdu
                0x00004538       0x40 ..\..\..\..\..\..\..\..\Documents\PSoC Creator\4.2\Downloads ( 4.2).cylib\BLE_v3_52\Library\gccCyBLEStack_BLE_SOC_PERIPHERAL.a(ll_connection.o)
                0x00004538                ll_conn_send_ping_req_pdu

i.ll_conn_store_pending_tx_pdu
                0x00004578       0x1a
 i.ll_conn_store_pending_tx_pdu
                0x00004578       0x1a ..\..\..\..\..\..\..\..\Documents\PSoC Creator\4.2\Downloads ( 4.2).cylib\BLE_v3_52\Library\gccCyBLEStack_BLE_SOC_PERIPHERAL.a(ll_connection.o)
                0x00004578                ll_conn_store_pending_tx_pdu

i.ll_conn_update_rssi
                0x00004592       0x16
 i.ll_conn_update_rssi
                0x00004592       0x16 ..\..\..\..\..\..\..\..\Documents\PSoC Creator\4.2\Downloads ( 4.2).cylib\BLE_v3_52\Library\gccCyBLEStack_BLE_SOC_PERIPHERAL.a(ll_connection.o)
                0x00004592                ll_conn_update_rssi

i.ll_convert_hci_llid_to_ll_llid_host_to_controller
                0x000045a8        0x8
 i.ll_convert_hci_llid_to_ll_llid_host_to_controller
                0x000045a8        0x8 ..\..\..\..\..\..\..\..\Documents\PSoC Creator\4.2\Downloads ( 4.2).cylib\BLE_v3_52\Library\gccCyBLEStack_BLE_SOC_PERIPHERAL.a(ll_connection.o)