Archive member included to satisfy reference by file (symbol)

.\CortexM0\ARM_GCC_541\Debug\BLE_Imp.a(BLE.o)
                              .\CortexM0\ARM_GCC_541\Debug\main.o (CyBle_Start)
.\CortexM0\ARM_GCC_541\Debug\BLE_Imp.a(BLE_gatt.o)
                              .\CortexM0\ARM_GCC_541\Debug\BLE_Applocations.o (cyBle_state)
.\CortexM0\ARM_GCC_541\Debug\BLE_Imp.a(BLE_eventHandler.o)
                              .\CortexM0\ARM_GCC_541\Debug\BLE_Applocations.o (cyBle_connHandle)
.\CortexM0\ARM_GCC_541\Debug\BLE_Imp.a(BLE_custom.o)
                              .\CortexM0\ARM_GCC_541\Debug\BLE_Imp.a(BLE.o) (CyBle_CustomInit)
.\CortexM0\ARM_GCC_541\Debug\BLE_Imp.a(CyLib.o)
                              .\CortexM0\ARM_GCC_541\Debug\cyfitter_cfg.o (CyIntEnable)
.\CortexM0\ARM_GCC_541\Debug\BLE_Imp.a(CyLFClk.o)
                              .\CortexM0\ARM_GCC_541\Debug\cyfitter_cfg.o (CySysClkWcoStart)
.\CortexM0\ARM_GCC_541\Debug\BLE_Imp.a(SCB_1.o)
                              .\CortexM0\ARM_GCC_541\Debug\main.o (SCB_1_Start)
.\CortexM0\ARM_GCC_541\Debug\BLE_Imp.a(SCB_1_SPI_UART.o)
                              .\CortexM0\ARM_GCC_541\Debug\iprintf.o (SCB_1_SpiUartWriteTxData)
.\CortexM0\ARM_GCC_541\Debug\BLE_Imp.a(SCB_1_UART.o)
                              .\CortexM0\ARM_GCC_541\Debug\BLE_Imp.a(SCB_1.o) (SCB_1_UartInit)
.\CortexM0\ARM_GCC_541\Debug\BLE_Imp.a(WinchUpPin.o)
                              .\CortexM0\ARM_GCC_541\Debug\GPIO.o (WinchUpPin_Write)
.\CortexM0\ARM_GCC_541\Debug\BLE_Imp.a(WinchDownPin.o)
                              .\CortexM0\ARM_GCC_541\Debug\GPIO.o (WinchDownPin_Write)
.\CortexM0\ARM_GCC_541\Debug\BLE_Imp.a(WinchInPin.o)
                              .\CortexM0\ARM_GCC_541\Debug\GPIO.o (WinchInPin_Write)
.\CortexM0\ARM_GCC_541\Debug\BLE_Imp.a(WinchOutPin.o)
                              .\CortexM0\ARM_GCC_541\Debug\GPIO.o (WinchOutPin_Write)
.\CortexM0\ARM_GCC_541\Debug\BLE_Imp.a(BuzzerPWM.o)
                              .\CortexM0\ARM_GCC_541\Debug\BuzzerImp.o (BuzzerPWM_Stop)
.\CortexM0\ARM_GCC_541\Debug\BLE_Imp.a(CyBootAsmGnu.o)
                              .\CortexM0\ARM_GCC_541\Debug\cyfitter_cfg.o (CyDelayCycles)
..\..\..\..\..\..\..\..\Documents\PSoC Creator\4.2\Downloads ( 4.2).cylib\BLE_v3_52\Library\gccCyBLEStack_BLE_SOC_PERIPHERAL.a(CyBle.o)
                              .\CortexM0\ARM_GCC_541\Debug\BLE_Imp.a(BLE_eventHandler.o) (CyBle_EnableDefaultDevicePrivacy)
..\..\..\..\..\..\..\..\Documents\PSoC Creator\4.2\Downloads ( 4.2).cylib\BLE_v3_52\Library\gccCyBLEStack_BLE_SOC_PERIPHERAL.a(CyBleStackMgrIP_Interface.o)
                              ..\..\..\..\..\..\..\..\Documents\PSoC Creator\4.2\Downloads ( 4.2).cylib\BLE_v3_52\Library\gccCyBLEStack_BLE_SOC_PERIPHERAL.a(CyBle.o) (CyBleStackMgr_Init)
..\..\..\..\..\..\..\..\Documents\PSoC Creator\4.2\Downloads ( 4.2).cylib\BLE_v3_52\Library\gccCyBLEStack_BLE_SOC_PERIPHERAL.a(BT_os.o)
                              ..\..\..\..\..\..\..\..\Documents\PSoC Creator\4.2\Downloads ( 4.2).cylib\BLE_v3_52\Library\gccCyBLEStack_BLE_SOC_PERIPHERAL.a(CyBleStackMgrIP_Interface.o) (cyBleStackMemoryConfig)
..\..\..\..\..\..\..\..\Documents\PSoC Creator\4.2\Downloads ( 4.2).cylib\BLE_v3_52\Library\gccCyBLEStack_BLE_SOC_PERIPHERAL.a(BT_timer.o)
                              ..\..\..\..\..\..\..\..\Documents\PSoC Creator\4.2\Downloads ( 4.2).cylib\BLE_v3_52\Library\gccCyBLEStack_BLE_SOC_PERIPHERAL.a(CyBleStackMgrIP_Interface.o) (timer_init)
..\..\..\..\..\..\..\..\Documents\PSoC Creator\4.2\Downloads ( 4.2).cylib\BLE_v3_52\Library\gccCyBLEStack_BLE_SOC_PERIPHERAL.a(CyBleStackMgr_StackTaskHandler.o)
                              ..\..\..\..\..\..\..\..\Documents\PSoC Creator\4.2\Downloads ( 4.2).cylib\BLE_v3_52\Library\gccCyBLEStack_BLE_SOC_PERIPHERAL.a(BT_timer.o) (BLE_STACK_TASK_EVT)
..\..\..\..\..\..\..\..\Documents\PSoC Creator\4.2\Downloads ( 4.2).cylib\BLE_v3_52\Library\gccCyBLEStack_BLE_SOC_PERIPHERAL.a(transport_sf.o)
                              ..\..\..\..\..\..\..\..\Documents\PSoC Creator\4.2\Downloads ( 4.2).cylib\BLE_v3_52\Library\gccCyBLEStack_BLE_SOC_PERIPHERAL.a(CyBleStackMgr_StackTaskHandler.o) (hci_soft_transport_notify_data_received)
..\..\..\..\..\..\..\..\Documents\PSoC Creator\4.2\Downloads ( 4.2).cylib\BLE_v3_52\Library\gccCyBLEStack_BLE_SOC_PERIPHERAL.a(CyBleStackMgr_PSoCHal.o)
                              ..\..\..\..\..\..\..\..\Documents\PSoC Creator\4.2\Downloads ( 4.2).cylib\BLE_v3_52\Library\gccCyBLEStack_BLE_SOC_PERIPHERAL.a(BT_timer.o) (CyBleStackMgr_GetTime)
..\..\..\..\..\..\..\..\Documents\PSoC Creator\4.2\Downloads ( 4.2).cylib\BLE_v3_52\Library\gccCyBLEStack_BLE_SOC_PERIPHERAL.a(CyBleStackMgr_BleSSDriver.o)
                              ..\..\..\..\..\..\..\..\Documents\PSoC Creator\4.2\Downloads ( 4.2).cylib\BLE_v3_52\Library\gccCyBLEStack_BLE_SOC_PERIPHERAL.a(CyBleStackMgrIP_Interface.o) (CyBleStackMgr_BleSSInit)
[...]
Memory Configuration

Name             Origin             Length             Attributes
rom              0x00000000         0x00040000         xr
ram              0x20000000         0x00008000         xrw
*default*        0x00000000         0xffffffff

Linker script and memory map

LOAD c:/program files (x86)/cypress/psoc creator/4.2/psoc creator/import/gnu/arm/5.4.1/bin/../lib/gcc/arm-none-eabi/5.4.1/armv6-m/crti.o
LOAD c:/program files (x86)/cypress/psoc creator/4.2/psoc creator/import/gnu/arm/5.4.1/bin/../lib/gcc/arm-none-eabi/5.4.1/armv6-m/crtbegin.o
LOAD c:/program files (x86)/cypress/psoc creator/4.2/psoc creator/import/gnu/arm/5.4.1/bin/../lib/gcc/arm-none-eabi/5.4.1/../../../../arm-none-eabi/lib/armv6-m/crt0.o
START GROUP
LOAD .\CortexM0\ARM_GCC_541\Debug\main.o
LOAD .\CortexM0\ARM_GCC_541\Debug\iprintf.o
LOAD .\CortexM0\ARM_GCC_541\Debug\BLE_Applocations.o
LOAD .\CortexM0\ARM_GCC_541\Debug\common.o
LOAD .\CortexM0\ARM_GCC_541\Debug\GPIO.o
LOAD .\CortexM0\ARM_GCC_541\Debug\BuzzerImp.o
LOAD .\CortexM0\ARM_GCC_541\Debug\cyfitter_cfg.o
LOAD .\CortexM0\ARM_GCC_541\Debug\cymetadata.o
LOAD .\CortexM0\ARM_GCC_541\Debug\Cm0Start.o
LOAD .\CortexM0\ARM_GCC_541\Debug\BLE_Imp.a
LOAD ..\..\..\..\..\..\..\..\Documents\PSoC Creator\4.2\Downloads ( 4.2).cylib\BLE_v3_52\Library\gccCyBLEStack_BLE_SOC_PERIPHERAL.a
END GROUP
START GROUP
LOAD c:/program files (x86)/cypress/psoc creator/4.2/psoc creator/import/gnu/arm/5.4.1/bin/../lib/gcc/arm-none-eabi/5.4.1/armv6-m\libgcc.a
LOAD c:/program files (x86)/cypress/psoc creator/4.2/psoc creator/import/gnu/arm/5.4.1/bin/../lib/gcc/arm-none-eabi/5.4.1/../../../../arm-none-eabi/lib/armv6-m\libg_nano.a
LOAD c:/program files (x86)/cypress/psoc creator/4.2/psoc creator/import/gnu/arm/5.4.1/bin/../lib/gcc/arm-none-eabi/5.4.1/../../../../arm-none-eabi/lib/armv6-m\libc_nano.a
END GROUP
START GROUP
LOAD c:/program files (x86)/cypress/psoc creator/4.2/psoc creator/import/gnu/arm/5.4.1/bin/../lib/gcc/arm-none-eabi/5.4.1/armv6-m\libgcc.a
LOAD c:/program files (x86)/cypress/psoc creator/4.2/psoc creator/import/gnu/arm/5.4.1/bin/../lib/gcc/arm-none-eabi/5.4.1/../../../../arm-none-eabi/lib/armv6-m\libc_nano.a
END GROUP
LOAD c:/program files (x86)/cypress/psoc creator/4.2/psoc creator/import/gnu/arm/5.4.1/bin/../lib/gcc/arm-none-eabi/5.4.1/armv6-m/crtend.o
LOAD c:/program files (x86)/cypress/psoc creator/4.2/psoc creator/import/gnu/arm/5.4.1/bin/../lib/gcc/arm-none-eabi/5.4.1/armv6-m/crtn.o
START GROUP
LOAD c:/program files (x86)/cypress/psoc creator/4.2/psoc creator/import/gnu/arm/5.4.1/bin/../lib/gcc/arm-none-eabi/5.4.1/armv6-m\libgcc.a
LOAD c:/program files (x86)/cypress/psoc creator/4.2/psoc creator/import/gnu/arm/5.4.1/bin/../lib/gcc/arm-none-eabi/5.4.1/../../../../arm-none-eabi/lib/armv6-m\libc.a
LOAD c:/program files (x86)/cypress/psoc creator/4.2/psoc creator/import/gnu/arm/5.4.1/bin/../lib/gcc/arm-none-eabi/5.4.1/../../../../arm-none-eabi/lib/armv6-m\libnosys.a
END GROUP
                0x00000000                CY_APPL_ORIGIN = 0x0
                0x00000100                CY_FLASH_ROW_SIZE = 0x100
                0x00000001                CY_APPL_NUM = 0x1
                0x00000001                CY_APPL_MAX = 0x1
                0x00000040                CY_METADATA_SIZE = 0x40
                0x00000000                CY_APPL_LOADABLE = 0x0
                0x00000000                CY_CHECKSUM_EXCLUDE_SIZE = ALIGN (0x0, CY_FLASH_ROW_SIZE)
                0x00000000                CY_APP_FOR_STACK_AND_COPIER = 0x0
                [!provide]                PROVIDE (__cy_heap_start, _end)
                0x00000001                PROVIDE (__cy_region_num, ((__cy_regions_end - __cy_regions) / 0x10))
                0x20008000                PROVIDE (__cy_stack, (ORIGIN (ram) + LENGTH (ram)))
                [!provide]                PROVIDE (__cy_heap_end, (__cy_stack - 0x800))

.cybootloader   0x00000000        0x0
 *(.cybootloader)
                0x00000000                appl1_start = CY_APPL_ORIGIN?CY_APPL_ORIGIN:ALIGN (CY_FLASH_ROW_SIZE)
                0x0001ff00                appl2_start = (appl1_start + ALIGN ((((LENGTH (rom) - appl1_start) - (0x2 * CY_FLASH_ROW_SIZE)) / 0x2), CY_FLASH_ROW_SIZE))
                0x00000000                appl_start = (CY_APPL_NUM == 0x1)?appl1_start:appl2_start
                0x00000001                cy_project_type_bootloader = (appl_start == 0x0)?0x1:0x0
                0x00000000                cy_project_type_app_for_stack_and_copier = (CY_APP_FOR_STACK_AND_COPIER == 0x1)?0x1:0x0

.text           0x00000000     0x19fc
 CREATE_OBJECT_SYMBOLS
                0x00000000                PROVIDE (__cy_interrupt_vector, RomVectors)
 *(.romvectors)
 .romvectors    0x00000000       0x10 .\CortexM0\ARM_GCC_541\Debug\Cm0Start.o
                0x00000000                RomVectors
                0x00000001                ASSERT ((. != __cy_interrupt_vector), No interrupt vector)
                0x00000001                ASSERT (CY_APPL_ORIGIN?(SIZEOF (.cybootloader) <= CY_APPL_ORIGIN):0x1, Wrong image location)
                0x00000010                PROVIDE (__cy_reset, Reset)
 *(.text.Reset)
 .text.Reset    0x00000010        0x8 .\CortexM0\ARM_GCC_541\Debug\Cm0Start.o
                0x00000010                Reset
                0x00000001                ASSERT ((. != __cy_reset), No reset code)
 *(.psocinit)
 .psocinit      0x00000018      0x220 .\CortexM0\ARM_GCC_541\Debug\cyfitter_cfg.o
                0x00000110                cyfitter_cfg
                0x00000238                . = MAX (., 0x100)
 *(.text .text.* .gnu.linkonce.t.*)
 .text          0x00000238       0x60 c:/program files (x86)/cypress/psoc creator/4.2/psoc creator/import/gnu/arm/5.4.1/bin/../lib/gcc/arm-none-eabi/5.4.1/armv6-m/crtbegin.o
 .text.SysTick_ISR
                0x00000298       0x10 .\CortexM0\ARM_GCC_541\Debug\main.o
                0x00000298                SysTick_ISR
 .text.SysTickGet
                0x000002a8        0xc .\CortexM0\ARM_GCC_541\Debug\main.o
                0x000002a8                SysTickGet
 .text.Init     0x000002b4       0x6c .\CortexM0\ARM_GCC_541\Debug\main.o
                0x000002b4                Init
 .text.main     0x00000320       0x24 .\CortexM0\ARM_GCC_541\Debug\main.o
                0x00000320                main
 .text.change   0x00000344        0xc .\CortexM0\ARM_GCC_541\Debug\iprintf.o
 .text.iputc    0x00000350        0x8 .\CortexM0\ARM_GCC_541\Debug\iprintf.o
 .text.iprintf  0x00000358      0x134 .\CortexM0\ARM_GCC_541\Debug\iprintf.o
                0x00000358                iprintf
 .text.BLE_IsConnectedSet
                0x0000048c        0xc .\CortexM0\ARM_GCC_541\Debug\BLE_Applocations.o
                0x0000048c                BLE_IsConnectedSet
 .text.BLE_IsConnectedGet
                0x00000498        0xc .\CortexM0\ARM_GCC_541\Debug\BLE_Applocations.o
                0x00000498                BLE_IsConnectedGet
 .text.DataUpdateSet
                0x000004a4        0xc .\CortexM0\ARM_GCC_541\Debug\BLE_Applocations.o
                0x000004a4                DataUpdateSet
 .text.CustomEventHandler
                0x000004b0       0xd8 .\CortexM0\ARM_GCC_541\Debug\BLE_Applocations.o
                0x000004b0                CustomEventHandler
 .text.OperationsMain
                0x00000588       0xe0 .\CortexM0\ARM_GCC_541\Debug\GPIO.o
                0x00000588                OperationsMain
 .text.BuzzerBeepStart
                0x00000668       0x20 .\CortexM0\ARM_GCC_541\Debug\BuzzerImp.o
                0x00000668                BuzzerBeepStart
 .text.BuzzerBeepReload
                0x00000688       0x30 .\CortexM0\ARM_GCC_541\Debug\BuzzerImp.o
                0x00000688                BuzzerBeepReload
 .text.BuzzerBeepGetClockVal
                0x000006b8       0x18 .\CortexM0\ARM_GCC_541\Debug\BuzzerImp.o
                0x000006b8                BuzzerBeepGetClockVal
 .text.cfg_write_bytes32
                0x000006d0       0x34 .\CortexM0\ARM_GCC_541\Debug\cyfitter_cfg.o
 .text.AnalogSetDefault
                0x00000704       0x20 .\CortexM0\ARM_GCC_541\Debug\cyfitter_cfg.o
 .text.CYMEMZERO
                0x00000724        0xc .\CortexM0\ARM_GCC_541\Debug\cyfitter_cfg.o
 .text.IntDefaultHandler
                0x00000730       0x10 .\CortexM0\ARM_GCC_541\Debug\Cm0Start.o
                0x00000730                IntDefaultHandler
 .text.Start_c  0x00000740       0x48 .\CortexM0\ARM_GCC_541\Debug\Cm0Start.o
                0x00000740                Start_c
 .text.initialize_psoc
                0x00000788       0x4c .\CortexM0\ARM_GCC_541\Debug\Cm0Start.o
                0x00000788                initialize_psoc
 .text.CyBle_ServiceInit
                0x000007d4        0x8 .\CortexM0\ARM_GCC_541\Debug\BLE_Imp.a(BLE.o)
                0x000007d4                CyBle_ServiceInit
 .text.CyBle_Init
                0x000007dc       0x34 .\CortexM0\ARM_GCC_541\Debug\BLE_Imp.a(BLE.o)
                0x000007dc                CyBle_Init
 .text.CyBle_Start
                0x00000810       0xac .\CortexM0\ARM_GCC_541\Debug\BLE_Imp.a(BLE.o)
                0x00000810                CyBle_Start
 .text.CyBle_GappStartAdvertisement
                0x000008bc       0x90 .\CortexM0\ARM_GCC_541\Debug\BLE_Imp.a(BLE.o)
                0x000008bc                CyBle_GappStartAdvertisement
 .text.CyBle_ChangeAdDeviceAddress
                0x0000094c        0x4 .\CortexM0\ARM_GCC_541\Debug\BLE_Imp.a(BLE.o)
                0x0000094c                CyBle_ChangeAdDeviceAddress
 .text.CyBle_Get16ByPtr
                0x00000950        0xc .\CortexM0\ARM_GCC_541\Debug\BLE_Imp.a(BLE.o)
                0x00000950                CyBle_Get16ByPtr
 .text.CyBle_GattsWriteEventHandler
                0x0000095c       0x58 .\CortexM0\ARM_GCC_541\Debug\BLE_Imp.a(BLE_gatt.o)
                0x0000095c                CyBle_GattsWriteEventHandler
 .text.CyBle_GattDisconnectEventHandler
                0x000009b4       0x10 .\CortexM0\ARM_GCC_541\Debug\BLE_Imp.a(BLE_eventHandler.o)
 .text.CyBle_WriteReqHandler
                0x000009c4       0x38 .\CortexM0\ARM_GCC_541\Debug\BLE_Imp.a(BLE_eventHandler.o)
 .text.CyBle_IsDeviceAddressValid
                0x000009fc       0x24 .\CortexM0\ARM_GCC_541\Debug\BLE_Imp.a(BLE_eventHandler.o)
                0x000009fc                CyBle_IsDeviceAddressValid
 .text.CyBle_EventHandler
                0x00000a20      0x2d8 .\CortexM0\ARM_GCC_541\Debug\BLE_Imp.a(BLE_eventHandler.o)
                0x00000a20                CyBle_EventHandler
 .text.CyBle_CustomInit
                0x00000cf8        0x4 .\CortexM0\ARM_GCC_541\Debug\BLE_Imp.a(BLE_custom.o)
                0x00000cf8                CyBle_CustomInit
 .text.CySysClkEcoReadStatus
                0x00000cfc       0x10 .\CortexM0\ARM_GCC_541\Debug\BLE_Imp.a(CyLib.o)
                0x00000cfc                CySysClkEcoReadStatus
 .text.CyIntEnable
                0x00000d0c       0x14 .\CortexM0\ARM_GCC_541\Debug\BLE_Imp.a(CyLib.o)
                0x00000d0c                CyIntEnable
 .text.CyHalt   0x00000d20        0x4 .\CortexM0\ARM_GCC_541\Debug\BLE_Imp.a(CyLib.o)
                0x00000d20                CyHalt
 .text.CyIntSetSysVector
                0x00000d24       0x20 .\CortexM0\ARM_GCC_541\Debug\BLE_Imp.a(CyLib.o)
                0x00000d24                CyIntSetSysVector
 .text.CyIntSetVector
                0x00000d44       0x24 .\CortexM0\ARM_GCC_541\Debug\BLE_Imp.a(CyLib.o)
                0x00000d44                CyIntSetVector
 .text.CyDelay  0x00000d68       0x30 .\CortexM0\ARM_GCC_541\Debug\BLE_Imp.a(CyLib.o)
                0x00000d68                CyDelay
 .text.CyDelayUs
                0x00000d98       0x14 .\CortexM0\ARM_GCC_541\Debug\BLE_Imp.a(CyLib.o)
                0x00000d98                CyDelayUs
 .text.CySysClkWriteImoFreq
                0x00000dac      0x164 .\CortexM0\ARM_GCC_541\Debug\BLE_Imp.a(CyLib.o)
                0x00000dac                CySysClkWriteImoFreq
 .text.CySysClkEcoStart
                0x00000f10       0x54 .\CortexM0\ARM_GCC_541\Debug\BLE_Imp.a(CyLib.o)
                0x00000f10                CySysClkEcoStart
 .text.CySysWdtLocked
                0x00000f64       0x14 .\CortexM0\ARM_GCC_541\Debug\BLE_Imp.a(CyLFClk.o)
 .text.CySysClkWcoStart
                0x00000f78       0x40 .\CortexM0\ARM_GCC_541\Debug\BLE_Imp.a(CyLFClk.o)
                0x00000f78                CySysClkWcoStart
 .text.CySysClkWcoSetPowerMode
                0x00000fb8       0x80 .\CortexM0\ARM_GCC_541\Debug\BLE_Imp.a(CyLFClk.o)
                0x00000fb8                CySysClkWcoSetPowerMode
 .text.CySysWdtLock
                0x00001038       0x1c .\CortexM0\ARM_GCC_541\Debug\BLE_Imp.a(CyLFClk.o)
                0x00001038                CySysWdtLock
 .text.CySysWdtUnlock
                0x00001054       0x30 .\CortexM0\ARM_GCC_541\Debug\BLE_Imp.a(CyLFClk.o)
                0x00001054                CySysWdtUnlock
 .text.CySysWdtClearInterrupt
                0x00001084       0x4c .\CortexM0\ARM_GCC_541\Debug\BLE_Imp.a(CyLFClk.o)
                0x00001084                CySysWdtClearInterrupt
 .text.CySysWdtIsr
                0x000010d0       0xa4 .\CortexM0\ARM_GCC_541\Debug\BLE_Imp.a(CyLFClk.o)
                0x000010d0                CySysWdtIsr
 .text.SCB_1_ScbModePostEnable
                0x00001174        0x8 .\CortexM0\ARM_GCC_541\Debug\BLE_Imp.a(SCB_1.o)
 .text.SCB_1_Init
                0x0000117c        0x8 .\CortexM0\ARM_GCC_541\Debug\BLE_Imp.a(SCB_1.o)
                0x0000117c                SCB_1_Init
 .text.SCB_1_Enable
                0x00001184       0x18 .\CortexM0\ARM_GCC_541\Debug\BLE_Imp.a(SCB_1.o)
                0x00001184                SCB_1_Enable
 .text.SCB_1_Start
                0x0000119c       0x20 .\CortexM0\ARM_GCC_541\Debug\BLE_Imp.a(SCB_1.o)
                0x0000119c                SCB_1_Start
 .text.SCB_1_SpiUartWriteTxData
                0x000011bc       0x1c .\CortexM0\ARM_GCC_541\Debug\BLE_Imp.a(SCB_1_SPI_UART.o)
                0x000011bc                SCB_1_SpiUartWriteTxData
 .text.SCB_1_UartInit
                0x000011d8       0xa8 .\CortexM0\ARM_GCC_541\Debug\BLE_Imp.a(SCB_1_UART.o)
                0x000011d8                SCB_1_UartInit
 .text.SCB_1_UartPostEnable
                0x00001280       0x24 .\CortexM0\ARM_GCC_541\Debug\BLE_Imp.a(SCB_1_UART.o)
                0x00001280                SCB_1_UartPostEnable
 .text.WinchUpPin_Write
                0x000012a4       0x18 .\CortexM0\ARM_GCC_541\Debug\BLE_Imp.a(WinchUpPin.o)
                0x000012a4                WinchUpPin_Write
 .text.WinchDownPin_Write
                0x000012bc       0x18 .\CortexM0\ARM_GCC_541\Debug\BLE_Imp.a(WinchDownPin.o)
                0x000012bc                WinchDownPin_Write
 .text.WinchInPin_Write
                0x000012d4       0x18 .\CortexM0\ARM_GCC_541\Debug\BLE_Imp.a(WinchInPin.o)
                0x000012d4                WinchInPin_Write
 .text.WinchOutPin_Write
                0x000012ec       0x18 .\CortexM0\ARM_GCC_541\Debug\BLE_Imp.a(WinchOutPin.o)
                0x000012ec                WinchOutPin_Write
 .text.BuzzerPWM_Enable
                0x00001304       0x14 .\CortexM0\ARM_GCC_541\Debug\BLE_Imp.a(BuzzerPWM.o)
                0x00001304                BuzzerPWM_Enable
 .text.BuzzerPWM_Stop
                0x00001318       0x10 .\CortexM0\ARM_GCC_541\Debug\BLE_Imp.a(BuzzerPWM.o)
                0x00001318                BuzzerPWM_Stop
 .text.BuzzerPWM_WriteCounter
                0x00001328        0xc .\CortexM0\ARM_GCC_541\Debug\BLE_Imp.a(BuzzerPWM.o)
                0x00001328                BuzzerPWM_WriteCounter
 .text.BuzzerPWM_WritePeriod
                0x00001334        0xc .\CortexM0\ARM_GCC_541\Debug\BLE_Imp.a(BuzzerPWM.o)
                0x00001334                BuzzerPWM_WritePeriod
 .text.BuzzerPWM_WriteCompare1
                0x00001340        0xc .\CortexM0\ARM_GCC_541\Debug\BLE_Imp.a(BuzzerPWM.o)
                0x00001340                BuzzerPWM_WriteCompare1
 .text.BuzzerPWM_WriteCompare2
                0x0000134c        0xc .\CortexM0\ARM_GCC_541\Debug\BLE_Imp.a(BuzzerPWM.o)
                0x0000134c                BuzzerPWM_WriteCompare2
 .text.BuzzerPWM_SetInterruptMode
                0x00001358        0xc .\CortexM0\ARM_GCC_541\Debug\BLE_Imp.a(BuzzerPWM.o)
                0x00001358                BuzzerPWM_SetInterruptMode
 .text.BuzzerPWM_ReadStatusRegister
                0x00001364        0xc .\CortexM0\ARM_GCC_541\Debug\BLE_Imp.a(BuzzerPWM.o)
                0x00001364                BuzzerPWM_ReadStatusRegister
 .text.BuzzerPWM_ReadCapture
                0x00001370        0xc .\CortexM0\ARM_GCC_541\Debug\BLE_Imp.a(BuzzerPWM.o)
                0x00001370                BuzzerPWM_ReadCapture
 .text.BuzzerPWM_ClearFIFO
                0x0000137c       0x14 .\CortexM0\ARM_GCC_541\Debug\BLE_Imp.a(BuzzerPWM.o)
                0x0000137c                BuzzerPWM_ClearFIFO
 .text.BuzzerPWM_Init
                0x00001390       0x5c .\CortexM0\ARM_GCC_541\Debug\BLE_Imp.a(BuzzerPWM.o)
                0x00001390                BuzzerPWM_Init
 .text.BuzzerPWM_Start
                0x000013ec       0x20 .\CortexM0\ARM_GCC_541\Debug\BLE_Imp.a(BuzzerPWM.o)
                0x000013ec                BuzzerPWM_Start
 *fill*         0x0000140c        0x4 
 .text          0x00001410       0x20 .\CortexM0\ARM_GCC_541\Debug\BLE_Imp.a(CyBootAsmGnu.o)
                0x00001410                CyDelayCycles
                0x00001422                CyEnterCriticalSection
                0x0000142a                CyExitCriticalSection
 .text.CyBLE_Bless_LlRegWrite
                0x00001430        0x4 .\CortexM0\ARM_GCC_541\Debug\BLE_Imp.a(BLE_HAL_PVT.o)
                0x00001430                CyBLE_Bless_LlRegWrite
 .text.CyBLE_Bless_RfRegWrite
                0x00001434        0x4 .\CortexM0\ARM_GCC_541\Debug\BLE_Imp.a(BLE_HAL_PVT.o)
                0x00001434                CyBLE_Bless_RfRegWrite
 .text.CyBLE_BlessDeviceConfig
                0x00001438      0x134 .\CortexM0\ARM_GCC_541\Debug\BLE_Imp.a(BLE_HAL_PVT.o)
                0x00001438                CyBLE_BlessDeviceConfig
 .text.CyBleHal_DelayUs
                0x0000156c        0x8 .\CortexM0\ARM_GCC_541\Debug\BLE_Imp.a(BLE_HAL_PVT.o)
                0x0000156c                CyBleHal_DelayUs
 .text.CyBleHal_DelayMs
                0x00001574        0x8 .\CortexM0\ARM_GCC_541\Debug\BLE_Imp.a(BLE_HAL_PVT.o)
                0x00001574                CyBleHal_DelayMs
 .text.CyBleHal_EnableGlobalInterrupts
                0x0000157c        0x8 .\CortexM0\ARM_GCC_541\Debug\BLE_Imp.a(BLE_HAL_PVT.o)
                0x0000157c                CyBleHal_EnableGlobalInterrupts
 .text.CyBleHal_DisableGlobalInterrupts
                0x00001584        0x8 .\CortexM0\ARM_GCC_541\Debug\BLE_Imp.a(BLE_HAL_PVT.o)
                0x00001584                CyBleHal_DisableGlobalInterrupts
 .text.CyBle_HalInit
                0x0000158c       0x18 .\CortexM0\ARM_GCC_541\Debug\BLE_Imp.a(BLE_HAL_PVT.o)
                0x0000158c                CyBle_HalInit
 .text.CYBLE_BlessStart
                0x000015a4       0x10 .\CortexM0\ARM_GCC_541\Debug\BLE_Imp.a(BLE_HAL_PVT.o)
                0x000015a4                CYBLE_BlessStart
 .text.CyBLE_GetIpBlockVersion
                0x000015b4        0x8 .\CortexM0\ARM_GCC_541\Debug\BLE_Imp.a(BLE_HAL_PVT.o)
                0x000015b4                CyBLE_GetIpBlockVersion
 .text.CyBle_Hal_pairing_local_public_key_handler
                0x000015bc        0x4 .\CortexM0\ARM_GCC_541\Debug\BLE_Imp.a(BLE_HAL_PVT.o)
                0x000015bc                CyBle_Hal_pairing_local_public_key_handler
 .text.CyBle_Hal_pairing_remote_key_handler
                0x000015c0        0x4 .\CortexM0\ARM_GCC_541\Debug\BLE_Imp.a(BLE_HAL_PVT.o)
                0x000015c0                CyBle_Hal_pairing_remote_key_handler
 .text.CyBle_Hal_pairing_dhkey_handler
                0x000015c4        0x4 .\CortexM0\ARM_GCC_541\Debug\BLE_Imp.a(BLE_HAL_PVT.o)
                0x000015c4                CyBle_Hal_pairing_dhkey_handler
 .text.CyBle_Hal_pairing_dhkey_check_handler
                0x000015c8        0x4 .\CortexM0\ARM_GCC_541\Debug\BLE_Imp.a(BLE_HAL_PVT.o)
                0x000015c8                CyBle_Hal_pairing_dhkey_check_handler
 .text.CyBle_Hal_pairing_keypress_notification_handler
                0x000015cc        0x4 .\CortexM0\ARM_GCC_541\Debug\BLE_Imp.a(BLE_HAL_PVT.o)
                0x000015cc                CyBle_Hal_pairing_keypress_notification_handler
 .text.CyBle_Hal_pairing_rand_handler
                0x000015d0        0x4 .\CortexM0\ARM_GCC_541\Debug\BLE_Imp.a(BLE_HAL_PVT.o)
                0x000015d0                CyBle_Hal_pairing_rand_handler
 .text.CyBle_Hal_pairing_confirm_handler
                0x000015d4        0x4 .\CortexM0\ARM_GCC_541\Debug\BLE_Imp.a(BLE_HAL_PVT.o)
                0x000015d4                CyBle_Hal_pairing_confirm_handler
 .text.CyBle_Hal_pairing_lr_confirming_handler
                0x000015d8        0x4 .\CortexM0\ARM_GCC_541\Debug\BLE_Imp.a(BLE_HAL_PVT.o)
                0x000015d8                CyBle_Hal_pairing_lr_confirming_handler
 .text.CyBle_Hal_pairing_sc_tbx_local_pubkey_generate_complete
                0x000015dc        0x4 .\CortexM0\ARM_GCC_541\Debug\BLE_Imp.a(BLE_HAL_PVT.o)
                0x000015dc                CyBle_Hal_pairing_sc_tbx_local_pubkey_generate_complete
 .text.CyBle_Hal_pairing_sc_tbx_generate_local_P256_public_key
                0x000015e0        0x4 .\CortexM0\ARM_GCC_541\Debug\BLE_Imp.a(BLE_HAL_PVT.o)
                0x000015e0                CyBle_Hal_pairing_sc_tbx_generate_local_P256_public_key
 .text.CyBle_Hal_se_smp_sc_user_passkey_handler
                0x000015e4        0x4 .\CortexM0\ARM_GCC_541\Debug\BLE_Imp.a(BLE_HAL_PVT.o)
                0x000015e4                CyBle_Hal_se_smp_sc_user_passkey_handler
 .text.CyBle_Hal_EccPointMult
                0x000015e8        0x4 .\CortexM0\ARM_GCC_541\Debug\BLE_Imp.a(BLE_HAL_PVT.o)
                0x000015e8                CyBle_Hal_EccPointMult
 .text.BLE_bless_isr_SetVector
                0x000015ec        0xc .\CortexM0\ARM_GCC_541\Debug\BLE_Imp.a(BLE_bless_isr.o)
                0x000015ec                BLE_bless_isr_SetVector
 .text.BLE_bless_isr_SetPriority
                0x000015f8       0x20 .\CortexM0\ARM_GCC_541\Debug\BLE_Imp.a(BLE_bless_isr.o)
                0x000015f8                BLE_bless_isr_SetPriority
 .text.BLE_bless_isr_Enable
                0x00001618       0x10 .\CortexM0\ARM_GCC_541\Debug\BLE_Imp.a(BLE_bless_isr.o)
                0x00001618                BLE_bless_isr_Enable
 .text.BLE_bless_isr_Disable
                0x00001628       0x10 .\CortexM0\ARM_GCC_541\Debug\BLE_Imp.a(BLE_bless_isr.o)
                0x00001628                BLE_bless_isr_Disable
 .text.BLE_bless_isr_StartEx
                0x00001638       0x1c .\CortexM0\ARM_GCC_541\Debug\BLE_Imp.a(BLE_bless_isr.o)
                0x00001638                BLE_bless_isr_StartEx
 .text.CySysPmSleep
                0x00001654       0x1c .\CortexM0\ARM_GCC_541\Debug\BLE_Imp.a(cyPm.o)
                0x00001654                CySysPmSleep
 .text.CyBLE_Bless_Interrupt
                0x00001670        0x8 .\CortexM0\ARM_GCC_541\Debug\BLE_Imp.a(BLE_HAL_INT.o)
                0x00001670                CyBLE_Bless_Interrupt
 .text          0x00001678      0x114 c:/program files (x86)/cypress/psoc creator/4.2/psoc creator/import/gnu/arm/5.4.1/bin/../lib/gcc/arm-none-eabi/5.4.1/armv6-m\libgcc.a(_udivsi3.o)
                0x00001678                __aeabi_uidiv
                0x00001678                __udivsi3
                0x00001784                __aeabi_uidivmod
 .text          0x0000178c      0x1d4 c:/program files (x86)/cypress/psoc creator/4.2/psoc creator/import/gnu/arm/5.4.1/bin/../lib/gcc/arm-none-eabi/5.4.1/armv6-m\libgcc.a(_divsi3.o)
                0x0000178c                __divsi3
                0x0000178c                __aeabi_idiv
                0x00001958                __aeabi_idivmod
 .text          0x00001960        0x4 c:/program files (x86)/cypress/psoc creator/4.2/psoc creator/import/gnu/arm/5.4.1/bin/../lib/gcc/arm-none-eabi/5.4.1/armv6-m\libgcc.a(_dvmd_tls.o)
                0x00001960                __aeabi_idiv0
                0x00001960                __aeabi_ldiv0
 .text.__errno  0x00001964        0xc c:/program files (x86)/cypress/psoc creator/4.2/psoc creator/import/gnu/arm/5.4.1/bin/../lib/gcc/arm-none-eabi/5.4.1/../../../../arm-none-eabi/lib/armv6-m\libg_nano.a(lib_a-errno.o)
                0x00001964                __errno
 .text.__libc_init_array
                0x00001970       0x4c c:/program files (x86)/cypress/psoc creator/4.2/psoc creator/import/gnu/arm/5.4.1/bin/../lib/gcc/arm-none-eabi/5.4.1/../../../../arm-none-eabi/lib/armv6-m\libg_nano.a(lib_a-init.o)
                0x00001970                __libc_init_array
 .text.memcmp   0x000019bc       0x1e c:/program files (x86)/cypress/psoc creator/4.2/psoc creator/import/gnu/arm/5.4.1/bin/../lib/gcc/arm-none-eabi/5.4.1/../../../../arm-none-eabi/lib/armv6-m\libg_nano.a(lib_a-memcmp.o)
                0x000019bc                memcmp
 .text.memcpy   0x000019da       0x12 c:/program files (x86)/cypress/psoc creator/4.2/psoc creator/import/gnu/arm/5.4.1/bin/../lib/gcc/arm-none-eabi/5.4.1/../../../../arm-none-eabi/lib/armv6-m\libg_nano.a(lib_a-memcpy-stub.o)
                0x000019da                memcpy
 .text.memset   0x000019ec       0x10 c:/program files (x86)/cypress/psoc creator/4.2/psoc creator/import/gnu/arm/5.4.1/bin/../lib/gcc/arm-none-eabi/5.4.1/../../../../arm-none-eabi/lib/armv6-m\libg_nano.a(lib_a-memset.o)
                0x000019ec                memset
 *(.plt)
 *(.gnu.warning)
 *(.glue_7t)
 .glue_7t       0x000019fc        0x0 linker stubs
 *(.glue_7)
 .glue_7        0x000019fc        0x0 linker stubs
 *(.vfp11_veneer)
 .vfp11_veneer  0x000019fc        0x0 linker stubs
 *(.bootloader)
 *(.ARM.extab* .gnu.linkonce.armextab.*)
 *(.gcc_except_table)

.v4_bx          0x000019fc        0x0
 .v4_bx         0x000019fc        0x0 linker stubs

.iplt           0x000019fc        0x0
 .iplt          0x000019fc        0x0 c:/program files (x86)/cypress/psoc creator/4.2/psoc creator/import/gnu/arm/5.4.1/bin/../lib/gcc/arm-none-eabi/5.4.1/armv6-m/crtbegin.o

i.CyBle_ControllerGetFeatureHeapReq
                0x000019fc       0x58
 i.CyBle_ControllerGetFeatureHeapReq
                0x000019fc       0x58 ..\..\..\..\..\..\..\..\Documents\PSoC Creator\4.2\Downloads ( 4.2).cylib\BLE_v3_52\Library\gccCyBLEStack_BLE_SOC_PERIPHERAL.a(CyBle.o)
                0x000019fc                CyBle_ControllerGetFeatureHeapReq

i.CyBle_EnableDefaultDevicePrivacy
                0x00001a54        0x8
 i.CyBle_EnableDefaultDevicePrivacy
                0x00001a54        0x8 ..\..\..\..\..\..\..\..\Documents\PSoC Creator\4.2\Downloads ( 4.2).cylib\BLE_v3_52\Library\gccCyBLEStack_BLE_SOC_PERIPHERAL.a(CyBle.o)
                0x00001a54                CyBle_EnableDefaultDevicePrivacy

i.CyBle_ExitLPM
                0x00001a5c        0x8
 i.CyBle_ExitLPM
                0x00001a5c        0x8 ..\..\..\..\..\..\..\..\Documents\PSoC Creator\4.2\Downloads ( 4.2).cylib\BLE_v3_52\Library\gccCyBLEStack_BLE_SOC_PERIPHERAL.a(CyBle.o)
                0x00001a5c                CyBle_ExitLPM

i.CyBle_ProcessEvents
                0x00001a64        0x8
 i.CyBle_ProcessEvents
                0x00001a64        0x8 ..\..\..\..\..\..\..\..\Documents\PSoC Creator\4.2\Downloads ( 4.2).cylib\BLE_v3_52\Library\gccCyBLEStack_BLE_SOC_PERIPHERAL.a(CyBle.o)
                0x00001a64                CyBle_ProcessEvents

i.CyBle_SetDeviceAddress
                0x00001a6c       0x24
 i.CyBle_SetDeviceAddress
                0x00001a6c       0x24 ..\..\..\..\..\..\..\..\Documents\PSoC Creator\4.2\Downloads ( 4.2).cylib\BLE_v3_52\Library\gccCyBLEStack_BLE_SOC_PERIPHERAL.a(CyBle.o)
                0x00001a6c                CyBle_SetDeviceAddress

i.CyBle_StackGetFeatureConfig
                0x00001a90       0x38
 i.CyBle_StackGetFeatureConfig
                0x00001a90       0x38 ..\..\..\..\..\..\..\..\Documents\PSoC Creator\4.2\Downloads ( 4.2).cylib\BLE_v3_52\Library\gccCyBLEStack_BLE_SOC_PERIPHERAL.a(CyBle.o)
                0x00001a90                CyBle_StackGetFeatureConfig

i.CyBle_StackInit
                0x00001ac8      0x154
 i.CyBle_StackInit
                0x00001ac8      0x154 ..\..\..\..\..\..\..\..\Documents\PSoC Creator\4.2\Downloads ( 4.2).cylib\BLE_v3_52\Library\gccCyBLEStack_BLE_SOC_PERIPHERAL.a(CyBle.o)
                0x00001ac8                CyBle_StackInit

i.CyBle_StackSetFeatureConfig
                0x00001c1c       0xe8
 i.CyBle_StackSetFeatureConfig
                0x00001c1c       0xe8 ..\..\..\..\..\..\..\..\Documents\PSoC Creator\4.2\Downloads ( 4.2).cylib\BLE_v3_52\Library\gccCyBLEStack_BLE_SOC_PERIPHERAL.a(CyBle.o)
                0x00001c1c                CyBle_StackSetFeatureConfig

i.CyBle_StackValidateInputParams
                0x00001d04       0xf4
 i.CyBle_StackValidateInputParams
                0x00001d04       0xf4 ..\..\..\..\..\..\..\..\Documents\PSoC Creator\4.2\Downloads ( 4.2).cylib\BLE_v3_52\Library\gccCyBLEStack_BLE_SOC_PERIPHERAL.a(CyBle.o)

i.__ARM_common_switch8
                0x00001df8       0x1a
 i.__ARM_common_switch8
                0x00001df8       0x1a ..\..\..\..\..\..\..\..\Documents\PSoC Creator\4.2\Downloads ( 4.2).cylib\BLE_v3_52\Library\gccCyBLEStack_BLE_SOC_PERIPHERAL.a(CyBle.o)
                0x00001df8                __ARM_common_switch8

i.CyBleStackMgr_Init
                0x00001e14      0x10c
 i.CyBleStackMgr_Init
                0x00001e14      0x10c ..\..\..\..\..\..\..\..\Documents\PSoC Creator\4.2\Downloads ( 4.2).cylib\BLE_v3_52\Library\gccCyBLEStack_BLE_SOC_PERIPHERAL.a(CyBleStackMgrIP_Interface.o)
                0x00001e14                CyBleStackMgr_Init

i.CyBleStackMgr_ProcessBleEvents
                0x00001f20       0x14
 i.CyBleStackMgr_ProcessBleEvents
                0x00001f20       0x14 ..\..\..\..\..\..\..\..\Documents\PSoC Creator\4.2\Downloads ( 4.2).cylib\BLE_v3_52\Library\gccCyBLEStack_BLE_SOC_PERIPHERAL.a(CyBleStackMgrIP_Interface.o)
                0x00001f20                CyBleStackMgr_ProcessBleEvents

i.CyBle_GetHeapMemory
                0x00001f34       0x28
 i.CyBle_GetHeapMemory
                0x00001f34       0x28 ..\..\..\..\..\..\..\..\Documents\PSoC Creator\4.2\Downloads ( 4.2).cylib\BLE_v3_52\Library\gccCyBLEStack_BLE_SOC_PERIPHERAL.a(CyBleStackMgrIP_Interface.o)
                0x00001f34                CyBle_GetHeapMemory

i.CyBle_GetNumAppBufferPools
                0x00001f5c        0xc
 i.CyBle_GetNumAppBufferPools
                0x00001f5c        0xc ..\..\..\..\..\..\..\..\Documents\PSoC Creator\4.2\Downloads ( 4.2).cylib\BLE_v3_52\Library\gccCyBLEStack_BLE_SOC_PERIPHERAL.a(CyBleStackMgrIP_Interface.o)
                0x00001f5c                CyBle_GetNumAppBufferPools

i.CyBle_HostStackBufferPoolInit
                0x00001f68       0xec
 i.CyBle_HostStackBufferPoolInit
                0x00001f68       0xec ..\..\..\..\..\..\..\..\Documents\PSoC Creator\4.2\Downloads ( 4.2).cylib\BLE_v3_52\Library\gccCyBLEStack_BLE_SOC_PERIPHERAL.a(CyBleStackMgrIP_Interface.o)

i.ble_stack_idle_task_callback
                0x00002054        0x2
 i.ble_stack_idle_task_callback
                0x00002054        0x2 ..\..\..\..\..\..\..\..\Documents\PSoC Creator\4.2\Downloads ( 4.2).cylib\BLE_v3_52\Library\gccCyBLEStack_BLE_SOC_PERIPHERAL.a(CyBleStackMgrIP_Interface.o)
                0x00002054                ble_stack_idle_task_callback

i.BT_OSFreeBuf  0x00002058       0x20
 i.BT_OSFreeBuf
                0x00002058       0x20 ..\..\..\..\..\..\..\..\Documents\PSoC Creator\4.2\Downloads ( 4.2).cylib\BLE_v3_52\Library\gccCyBLEStack_BLE_SOC_PERIPHERAL.a(BT_os.o)
                0x00002058                BT_OSFreeBuf

i.BT_OSGetBuF   0x00002078       0x34
 i.BT_OSGetBuF  0x00002078       0x34 ..\..\..\..\..\..\..\..\Documents\PSoC Creator\4.2\Downloads ( 4.2).cylib\BLE_v3_52\Library\gccCyBLEStack_BLE_SOC_PERIPHERAL.a(BT_os.o)
                0x00002078                BT_OSGetBuF

i.BT_OSMemCreate
                0x000020ac       0x3c
 i.BT_OSMemCreate
                0x000020ac       0x3c ..\..\..\..\..\..\..\..\Documents\PSoC Creator\4.2\Downloads ( 4.2).cylib\BLE_v3_52\Library\gccCyBLEStack_BLE_SOC_PERIPHERAL.a(BT_os.o)
                0x000020ac                BT_OSMemCreate

i.BT_alloc_mem_ext
                0x000020e8       0x3c
 i.BT_alloc_mem_ext
                0x000020e8       0x3c ..\..\..\..\..\..\..\..\Documents\PSoC Creator\4.2\Downloads ( 4.2).cylib\BLE_v3_52\Library\gccCyBLEStack_BLE_SOC_PERIPHERAL.a(BT_os.o)
                0x000020e8                BT_alloc_mem_ext

i.BT_free_mem   0x00002124        0xc
 i.BT_free_mem  0x00002124        0xc ..\..\..\..\..\..\..\..\Documents\PSoC Creator\4.2\Downloads ( 4.2).cylib\BLE_v3_52\Library\gccCyBLEStack_BLE_SOC_PERIPHERAL.a(BT_os.o)
                0x00002124                BT_free_mem

i.bt_stack_create_buffer_pool
                0x00002130       0x30
 i.bt_stack_create_buffer_pool
                0x00002130       0x30 ..\..\..\..\..\..\..\..\Documents\PSoC Creator\4.2\Downloads ( 4.2).cylib\BLE_v3_52\Library\gccCyBLEStack_BLE_SOC_PERIPHERAL.a(BT_os.o)
                0x00002130                bt_stack_create_buffer_pool

i.BT_start_timer
                0x00002160       0xa8
 i.BT_start_timer
                0x00002160       0xa8 ..\..\..\..\..\..\..\..\Documents\PSoC Creator\4.2\Downloads ( 4.2).cylib\BLE_v3_52\Library\gccCyBLEStack_BLE_SOC_PERIPHERAL.a(BT_timer.o)
                0x00002160                BT_start_timer

i.BT_stop_timer
                0x00002208       0x64
 i.BT_stop_timer
                0x00002208       0x64 ..\..\..\..\..\..\..\..\Documents\PSoC Creator\4.2\Downloads ( 4.2).cylib\BLE_v3_52\Library\gccCyBLEStack_BLE_SOC_PERIPHERAL.a(BT_timer.o)
                0x00002208                BT_stop_timer

i.BT_timer_process_signals
                0x0000226c       0xa4
 i.BT_timer_process_signals
                0x0000226c       0xa4 ..\..\..\..\..\..\..\..\Documents\PSoC Creator\4.2\Downloads ( 4.2).cylib\BLE_v3_52\Library\gccCyBLEStack_BLE_SOC_PERIPHERAL.a(BT_timer.o)
                0x0000226c                BT_timer_process_signals

i.pf_timer_handle_callback
                0x00002310       0x20
 i.pf_timer_handle_callback
                0x00002310       0x20 ..\..\..\..\..\..\..\..\Documents\PSoC Creator\4.2\Downloads ( 4.2).cylib\BLE_v3_52\Library\gccCyBLEStack_BLE_SOC_PERIPHERAL.a(BT_timer.o)
                0x00002310                pf_timer_handle_callback

i.timer_active_entity
                0x00002330       0x24
 i.timer_active_entity
                0x00002330       0x24 ..\..\..\..\..\..\..\..\Documents\PSoC Creator\4.2\Downloads ( 4.2).cylib\BLE_v3_52\Library\gccCyBLEStack_BLE_SOC_PERIPHERAL.a(BT_timer.o)
                0x00002330                timer_active_entity

i.timer_alloc_entity
                0x00002354       0x1c
 i.timer_alloc_entity
                0x00002354       0x1c ..\..\..\..\..\..\..\..\Documents\PSoC Creator\4.2\Downloads ( 4.2).cylib\BLE_v3_52\Library\gccCyBLEStack_BLE_SOC_PERIPHERAL.a(BT_timer.o)
                0x00002354                timer_alloc_entity

i.timer_allocated_entity
                0x00002370       0x34
 i.timer_allocated_entity
                0x00002370       0x34 ..\..\..\..\..\..\..\..\Documents\PSoC Creator\4.2\Downloads ( 4.2).cylib\BLE_v3_52\Library\gccCyBLEStack_BLE_SOC_PERIPHERAL.a(BT_timer.o)
                0x00002370                timer_allocated_entity

i.timer_bt_init
                0x000023a4        0x2
 i.timer_bt_init
                0x000023a4        0x2 ..\..\..\..\..\..\..\..\Documents\PSoC Creator\4.2\Downloads ( 4.2).cylib\BLE_v3_52\Library\gccCyBLEStack_BLE_SOC_PERIPHERAL.a(BT_timer.o)
                0x000023a4                timer_bt_init

i.timer_init    0x000023a8       0x28
 i.timer_init   0x000023a8       0x28 ..\..\..\..\..\..\..\..\Documents\PSoC Creator\4.2\Downloads ( 4.2).cylib\BLE_v3_52\Library\gccCyBLEStack_BLE_SOC_PERIPHERAL.a(BT_timer.o)
                0x000023a8                timer_init

i.timer_update_offsets
                0x000023d0       0x2c
 i.timer_update_offsets
                0x000023d0       0x2c ..\..\..\..\..\..\..\..\Documents\PSoC Creator\4.2\Downloads ( 4.2).cylib\BLE_v3_52\Library\gccCyBLEStack_BLE_SOC_PERIPHERAL.a(BT_timer.o)

i.CyBle_CheckBleStackTaskStatus
                0x000023fc        0x4
 i.CyBle_CheckBleStackTaskStatus
                0x000023fc        0x4 ..\..\..\..\..\..\..\..\Documents\PSoC Creator\4.2\Downloads ( 4.2).cylib\BLE_v3_52\Library\gccCyBLEStack_BLE_SOC_PERIPHERAL.a(CyBleStackMgr_StackTaskHandler.o)
                0x000023fc                CyBle_CheckBleStackTaskStatus

i.CyBle_CreateBleStackTask
                0x00002400       0x2c
 i.CyBle_CreateBleStackTask
                0x00002400       0x2c ..\..\..\..\..\..\..\..\Documents\PSoC Creator\4.2\Downloads ( 4.2).cylib\BLE_v3_52\Library\gccCyBLEStack_BLE_SOC_PERIPHERAL.a(CyBleStackMgr_StackTaskHandler.o)
                0x00002400                CyBle_CreateBleStackTask

i.CyBle_SignalBleStackTask
                0x0000242c       0x50
 i.CyBle_SignalBleStackTask
                0x0000242c       0x50 ..\..\..\..\..\..\..\..\Documents\PSoC Creator\4.2\Downloads ( 4.2).cylib\BLE_v3_52\Library\gccCyBLEStack_BLE_SOC_PERIPHERAL.a(CyBleStackMgr_StackTaskHandler.o)
                0x0000242c                CyBle_SignalBleStackTask

i.CyBle_StackTaskHandler
                0x0000247c       0x64
 i.CyBle_StackTaskHandler
                0x0000247c       0x64 ..\..\..\..\..\..\..\..\Documents\PSoC Creator\4.2\Downloads ( 4.2).cylib\BLE_v3_52\Library\gccCyBLEStack_BLE_SOC_PERIPHERAL.a(CyBleStackMgr_StackTaskHandler.o)
                0x0000247c                CyBle_StackTaskHandler

i.hci_soft_transport_notify_data_received
                0x000024e0        0xc
 i.hci_soft_transport_notify_data_received
                0x000024e0        0xc ..\..\..\..\..\..\..\..\Documents\PSoC Creator\4.2\Downloads ( 4.2).cylib\BLE_v3_52\Library\gccCyBLEStack_BLE_SOC_PERIPHERAL.a(transport_sf.o)
                0x000024e0                hci_soft_transport_notify_data_received

i.hci_soft_transport_rx_data
                0x000024ec       0x40
 i.hci_soft_transport_rx_data
                0x000024ec       0x40 ..\..\..\..\..\..\..\..\Documents\PSoC Creator\4.2\Downloads ( 4.2).cylib\BLE_v3_52\Library\gccCyBLEStack_BLE_SOC_PERIPHERAL.a(transport_sf.o)
                0x000024ec                hci_soft_transport_rx_data

i.hci_transport_bt_init
                0x0000252c        0x2
 i.hci_transport_bt_init
                0x0000252c        0x2 ..\..\..\..\..\..\..\..\Documents\PSoC Creator\4.2\Downloads ( 4.2).cylib\BLE_v3_52\Library\gccCyBLEStack_BLE_SOC_PERIPHERAL.a(transport_sf.o)
                0x0000252c                hci_transport_bt_init

i.hci_transport_init
                0x00002530       0x10
 i.hci_transport_init
                0x00002530       0x10 ..\..\..\..\..\..\..\..\Documents\PSoC Creator\4.2\Downloads ( 4.2).cylib\BLE_v3_52\Library\gccCyBLEStack_BLE_SOC_PERIPHERAL.a(transport_sf.o)
                0x00002530                hci_transport_init

i.hci_transport_write_data
                0x00002540       0xd4
 i.hci_transport_write_data
                0x00002540       0xd4 ..\..\..\..\..\..\..\..\Documents\PSoC Creator\4.2\Downloads ( 4.2).cylib\BLE_v3_52\Library\gccCyBLEStack_BLE_SOC_PERIPHERAL.a(transport_sf.o)
                0x00002540                hci_transport_write_data

i.pf_hci_soft_transport_write
                0x00002614       0x44
 i.pf_hci_soft_transport_write
                0x00002614       0x44 ..\..\..\..\..\..\..\..\Documents\PSoC Creator\4.2\Downloads ( 4.2).cylib\BLE_v3_52\Library\gccCyBLEStack_BLE_SOC_PERIPHERAL.a(transport_sf.o)
                0x00002614                pf_hci_soft_transport_write

i.pf_soft_hci_transport_init
                0x00002658        0xc
 i.pf_soft_hci_transport_init
                0x00002658        0xc ..\..\..\..\..\..\..\..\Documents\PSoC Creator\4.2\Downloads ( 4.2).cylib\BLE_v3_52\Library\gccCyBLEStack_BLE_SOC_PERIPHERAL.a(transport_sf.o)
                0x00002658                pf_soft_hci_transport_init

i.CyBleStackMgr_GetTime
                0x00002664       0x14
 i.CyBleStackMgr_GetTime
                0x00002664       0x14 ..\..\..\..\..\..\..\..\Documents\PSoC Creator\4.2\Downloads ( 4.2).cylib\BLE_v3_52\Library\gccCyBLEStack_BLE_SOC_PERIPHERAL.a(CyBleStackMgr_PSoCHal.o)
                0x00002664                CyBleStackMgr_GetTime

i.CyBleStackMgr_HalInit
                0x00002678       0x24
 i.CyBleStackMgr_HalInit
                0x00002678       0x24 ..\..\..\..\..\..\..\..\Documents\PSoC Creator\4.2\Downloads ( 4.2).cylib\BLE_v3_52\Library\gccCyBLEStack_BLE_SOC_PERIPHERAL.a(CyBleStackMgr_PSoCHal.o)
                0x00002678                CyBleStackMgr_HalInit

i.CyBleStackMgr_HalIntrEnable
                0x0000269c        0x8
 i.CyBleStackMgr_HalIntrEnable
                0x0000269c        0x8 ..\..\..\..\..\..\..\..\Documents\PSoC Creator\4.2\Downloads ( 4.2).cylib\BLE_v3_52\Library\gccCyBLEStack_BLE_SOC_PERIPHERAL.a(CyBleStackMgr_PSoCHal.o)
                0x0000269c                CyBleStackMgr_HalIntrEnable

i.CyBleStackMgr_HandleLinkLayerTick
                0x000026a4       0x5c
 i.CyBleStackMgr_HandleLinkLayerTick
                0x000026a4       0x5c ..\..\..\..\..\..\..\..\Documents\PSoC Creator\4.2\Downloads ( 4.2).cylib\BLE_v3_52\Library\gccCyBLEStack_BLE_SOC_PERIPHERAL.a(CyBleStackMgr_PSoCHal.o)
                0x000026a4                CyBleStackMgr_HandleLinkLayerTick

i.CyBleStackMgr_HciPortInit
                0x00002700        0xc
 i.CyBleStackMgr_HciPortInit
                0x00002700        0xc ..\..\..\..\..\..\..\..\Documents\PSoC Creator\4.2\Downloads ( 4.2).cylib\BLE_v3_52\Library\gccCyBLEStack_BLE_SOC_PERIPHERAL.a(CyBleStackMgr_PSoCHal.o)
                0x00002700                CyBleStackMgr_HciPortInit

i.CyBleStackMgr_HciPortReset
                0x0000270c        0x2
 i.CyBleStackMgr_HciPortReset
                0x0000270c        0x2 ..\..\..\..\..\..\..\..\Documents\PSoC Creator\4.2\Downloads ( 4.2).cylib\BLE_v3_52\Library\gccCyBLEStack_BLE_SOC_PERIPHERAL.a(CyBleStackMgr_PSoCHal.o)
                0x0000270c                CyBleStackMgr_HciPortReset

i.CyBleStackMgr_HciPortWrite
                0x0000270e        0x8
 i.CyBleStackMgr_HciPortWrite
                0x0000270e        0x8 ..\..\..\..\..\..\..\..\Documents\PSoC Creator\4.2\Downloads ( 4.2).cylib\BLE_v3_52\Library\gccCyBLEStack_BLE_SOC_PERIPHERAL.a(CyBleStackMgr_PSoCHal.o)
                0x0000270e                CyBleStackMgr_HciPortWrite

i.CyBleStackMgr_ResetLinkLayerTimerEntity
                0x00002718       0x14
 i.CyBleStackMgr_ResetLinkLayerTimerEntity
                0x00002718       0x14 ..\..\..\..\..\..\..\..\Documents\PSoC Creator\4.2\Downloads ( 4.2).cylib\BLE_v3_52\Library\gccCyBLEStack_BLE_SOC_PERIPHERAL.a(CyBleStackMgr_PSoCHal.o)
                0x00002718                CyBleStackMgr_ResetLinkLayerTimerEntity

i.CyBleStackMgr_TimerStart
                0x0000272c       0x2c
 i.CyBleStackMgr_TimerStart
                0x0000272c       0x2c ..\..\..\..\..\..\..\..\Documents\PSoC Creator\4.2\Downloads ( 4.2).cylib\BLE_v3_52\Library\gccCyBLEStack_BLE_SOC_PERIPHERAL.a(CyBleStackMgr_PSoCHal.o)
                0x0000272c                CyBleStackMgr_TimerStart

i.CyBleStackMgr_TimerStop
                0x00002758       0x18
 i.CyBleStackMgr_TimerStop
                0x00002758       0x18 ..\..\..\..\..\..\..\..\Documents\PSoC Creator\4.2\Downloads ( 4.2).cylib\BLE_v3_52\Library\gccCyBLEStack_BLE_SOC_PERIPHERAL.a(CyBleStackMgr_PSoCHal.o)
                0x00002758                CyBleStackMgr_TimerStop

i.CyBleStackMgr_isTimerRunning
                0x00002770       0x10
 i.CyBleStackMgr_isTimerRunning
                0x00002770       0x10 ..\..\..\..\..\..\..\..\Documents\PSoC Creator\4.2\Downloads ( 4.2).cylib\BLE_v3_52\Library\gccCyBLEStack_BLE_SOC_PERIPHERAL.a(CyBleStackMgr_PSoCHal.o)
                0x00002770                CyBleStackMgr_isTimerRunning

i.CyBleAtlantisRadioInit
                0x00002780      0x168
 i.CyBleAtlantisRadioInit
                0x00002780      0x168 ..\..\..\..\..\..\..\..\Documents\PSoC Creator\4.2\Downloads ( 4.2).cylib\BLE_v3_52\Library\gccCyBLEStack_BLE_SOC_PERIPHERAL.a(CyBleStackMgr_BleSSDriver.o)

i.CyBleStackMgr_BleSSFifoRead
                0x000028e8       0x38
 i.CyBleStackMgr_BleSSFifoRead
                0x000028e8       0x38 ..\..\..\..\..\..\..\..\Documents\PSoC Creator\4.2\Downloads ( 4.2).cylib\BLE_v3_52\Library\gccCyBLEStack_BLE_SOC_PERIPHERAL.a(CyBleStackMgr_BleSSDriver.o)
                0x000028e8                CyBleStackMgr_BleSSFifoRead

i.CyBleStackMgr_BleSSFifoWrite
                0x00002920       0x30
 i.CyBleStackMgr_BleSSFifoWrite
                0x00002920       0x30 ..\..\..\..\..\..\..\..\Documents\PSoC Creator\4.2\Downloads ( 4.2).cylib\BLE_v3_52\Library\gccCyBLEStack_BLE_SOC_PERIPHERAL.a(CyBleStackMgr_BleSSDriver.o)
                0x00002920                CyBleStackMgr_BleSSFifoWrite

i.CyBleStackMgr_BleSSInit
                0x00002950       0x50
 i.CyBleStackMgr_BleSSInit
                0x00002950       0x50 ..\..\..\..\..\..\..\..\Documents\PSoC Creator\4.2\Downloads ( 4.2).cylib\BLE_v3_52\Library\gccCyBLEStack_BLE_SOC_PERIPHERAL.a(CyBleStackMgr_BleSSDriver.o)
                0x00002950                CyBleStackMgr_BleSSInit

i.CyBleStackMgr_BleSSMemRead
                0x000029a0       0x32
 i.CyBleStackMgr_BleSSMemRead
                0x000029a0       0x32 ..\..\..\..\..\..\..\..\Documents\PSoC Creator\4.2\Downloads ( 4.2).cylib\BLE_v3_52\Library\gccCyBLEStack_BLE_SOC_PERIPHERAL.a(CyBleStackMgr_BleSSDriver.o)
                0x000029a0                CyBleStackMgr_BleSSMemRead

i.CyBleStackMgr_BleSSMemWrite
                0x000029d4       0x34
 i.CyBleStackMgr_BleSSMemWrite
                0x000029d4       0x34 ..\..\..\..\..\..\..\..\Documents\PSoC Creator\4.2\Downloads ( 4.2).cylib\BLE_v3_52\Library\gccCyBLEStack_BLE_SOC_PERIPHERAL.a(CyBleStackMgr_BleSSDriver.o)
                0x000029d4                CyBleStackMgr_BleSSMemWrite

i.CyBleStackMgr_BleSSMemWriteFields
                0x00002a08       0x78
 i.CyBleStackMgr_BleSSMemWriteFields
                0x00002a08       0x78 ..\..\..\..\..\..\..\..\Documents\PSoC Creator\4.2\Downloads ( 4.2).cylib\BLE_v3_52\Library\gccCyBLEStack_BLE_SOC_PERIPHERAL.a(CyBleStackMgr_BleSSDriver.o)
                0x00002a08                CyBleStackMgr_BleSSMemWriteFields

i.CyBleStackMgr_BleSSRegRead
                0x00002a80        0xc
 i.CyBleStackMgr_BleSSRegRead
                0x00002a80        0xc ..\..\..\..\..\..\..\..\Documents\PSoC Creator\4.2\Downloads ( 4.2).cylib\BLE_v3_52\Library\gccCyBLEStack_BLE_SOC_PERIPHERAL.a(CyBleStackMgr_BleSSDriver.o)
                0x00002a80                CyBleStackMgr_BleSSRegRead

i.CyBleStackMgr_BleSSReset
                0x00002a8c       0x38
 i.CyBleStackMgr_BleSSReset
                0x00002a8c       0x38 ..\..\..\..\..\..\..\..\Documents\PSoC Creator\4.2\Downloads ( 4.2).cylib\BLE_v3_52\Library\gccCyBLEStack_BLE_SOC_PERIPHERAL.a(CyBleStackMgr_BleSSDriver.o)
                0x00002a8c                CyBleStackMgr_BleSSReset

i.CyBleStackMgr_GenericIface
                0x00002ac4       0x3c
 i.CyBleStackMgr_GenericIface
                0x00002ac4       0x3c ..\..\..\..\..\..\..\..\Documents\PSoC Creator\4.2\Downloads ( 4.2).cylib\BLE_v3_52\Library\gccCyBLEStack_BLE_SOC_PERIPHERAL.a(CyBleStackMgr_BleSSDriver.o)
                0x00002ac4                CyBleStackMgr_GenericIface

i.CyBleStackMgr_HandleBleSSIntr
                0x00002b00       0xa0
 i.CyBleStackMgr_HandleBleSSIntr
                0x00002b00       0xa0 ..\..\..\..\..\..\..\..\Documents\PSoC Creator\4.2\Downloads ( 4.2).cylib\BLE_v3_52\Library\gccCyBLEStack_BLE_SOC_PERIPHERAL.a(CyBleStackMgr_BleSSDriver.o)
                0x00002b00                CyBleStackMgr_HandleBleSSIntr

i.CyBleStackMgr_SetClockParam
                0x00002ba0       0xb4
 i.CyBleStackMgr_SetClockParam
                0x00002ba0       0xb4 ..\..\..\..\..\..\..\..\Documents\PSoC Creator\4.2\Downloads ( 4.2).cylib\BLE_v3_52\Library\gccCyBLEStack_BLE_SOC_PERIPHERAL.a(CyBleStackMgr_BleSSDriver.o)

i.CyBle_ExitDsmMode
                0x00002c54       0x2c
 i.CyBle_ExitDsmMode
                0x00002c54       0x2c ..\..\..\..\..\..\..\..\Documents\PSoC Creator\4.2\Downloads ( 4.2).cylib\BLE_v3_52\Library\gccCyBLEStack_BLE_SOC_PERIPHERAL.a(CyBleStackMgr_BleSSDriver.o)
                0x00002c54                CyBle_ExitDsmMode

i.CyBle_GetBleSsOperationalMode
                0x00002c80        0xc
 i.CyBle_GetBleSsOperationalMode
                0x00002c80        0xc ..\..\..\..\..\..\..\..\Documents\PSoC Creator\4.2\Downloads ( 4.2).cylib\BLE_v3_52\Library\gccCyBLEStack_BLE_SOC_PERIPHERAL.a(CyBleStackMgr_BleSSDriver.o)
                0x00002c80                CyBle_GetBleSsOperationalMode

i.CyBle_GetLpMode
                0x00002c8c       0x26
 i.CyBle_GetLpMode
                0x00002c8c       0x26 ..\..\..\..\..\..\..\..\Documents\PSoC Creator\4.2\Downloads ( 4.2).cylib\BLE_v3_52\Library\gccCyBLEStack_BLE_SOC_PERIPHERAL.a(CyBleStackMgr_BleSSDriver.o)
                0x00002c8c                CyBle_GetLpMode

i.CyBle_GetTxGainMode
                0x00002cb4       0x2c
 i.CyBle_GetTxGainMode
                0x00002cb4       0x2c ..\..\..\..\..\..\..\..\Documents\PSoC Creator\4.2\Downloads ( 4.2).cylib\BLE_v3_52\Library\gccCyBLEStack_BLE_SOC_PERIPHERAL.a(CyBleStackMgr_BleSSDriver.o)
                0x00002cb4                CyBle_GetTxGainMode

i.CyBle_SetBleSsOperationalMode
                0x00002ce0       0x20
 i.CyBle_SetBleSsOperationalMode
                0x00002ce0       0x20 ..\..\..\..\..\..\..\..\Documents\PSoC Creator\4.2\Downloads ( 4.2).cylib\BLE_v3_52\Library\gccCyBLEStack_BLE_SOC_PERIPHERAL.a(CyBleStackMgr_BleSSDriver.o)
                0x00002ce0                CyBle_SetBleSsOperationalMode

i.CyBle_SetEventCloseState
                0x00002d00        0xc
 i.CyBle_SetEventCloseState
                0x00002d00        0xc ..\..\..\..\..\..\..\..\Documents\PSoC Creator\4.2\Downloads ( 4.2).cylib\BLE_v3_52\Library\gccCyBLEStack_BLE_SOC_PERIPHERAL.a(CyBleStackMgr_BleSSDriver.o)
                0x00002d00                CyBle_SetEventCloseState

i.CyBle_SetRxGainMode
                0x00002d0c       0x20
 i.CyBle_SetRxGainMode
                0x00002d0c       0x20 ..\..\..\..\..\..\..\..\Documents\PSoC Creator\4.2\Downloads ( 4.2).cylib\BLE_v3_52\Library\gccCyBLEStack_BLE_SOC_PERIPHERAL.a(CyBleStackMgr_BleSSDriver.o)
                0x00002d0c                CyBle_SetRxGainMode

i.CyBle_SetTxGainMode
                0x00002d2c       0x38
 i.CyBle_SetTxGainMode
                0x00002d2c       0x38 ..\..\..\..\..\..\..\..\Documents\PSoC Creator\4.2\Downloads ( 4.2).cylib\BLE_v3_52\Library\gccCyBLEStack_BLE_SOC_PERIPHERAL.a(CyBleStackMgr_BleSSDriver.o)
                0x00002d2c                CyBle_SetTxGainMode

i.pf_rf_get_abs_rssi
                0x00002d64       0x50
 i.pf_rf_get_abs_rssi
                0x00002d64       0x50 ..\..\..\..\..\..\..\..\Documents\PSoC Creator\4.2\Downloads ( 4.2).cylib\BLE_v3_52\Library\gccCyBLEStack_BLE_SOC_PERIPHERAL.a(CyBleStackMgr_BleSSDriver.o)
                0x00002d64                pf_rf_get_abs_rssi

i.BleStackFlashStorageInit
                0x00002db4       0x84
 i.BleStackFlashStorageInit
                0x00002db4       0x84 ..\..\..\..\..\..\..\..\Documents\PSoC Creator\4.2\Downloads ( 4.2).cylib\BLE_v3_52\Library\gccCyBLEStack_BLE_SOC_PERIPHERAL.a(storage_pl.o)
                0x00002db4                BleStackFlashStorageInit

i.BleStackIsFlashCorrupted
                0x00002e38       0x3c
 i.BleStackIsFlashCorrupted
                0x00002e38       0x3c ..\..\..\..\..\..\..\..\Documents\PSoC Creator\4.2\Downloads ( 4.2).cylib\BLE_v3_52\Library\gccCyBLEStack_BLE_SOC_PERIPHERAL.a(storage_pl.o)
                0x00002e38                BleStackIsFlashCorrupted

i.BleStackWriteToFlashPending
                0x00002e74       0x24
 i.BleStackWriteToFlashPending
                0x00002e74       0x24 ..\..\..\..\..\..\..\..\Documents\PSoC Creator\4.2\Downloads ( 4.2).cylib\BLE_v3_52\Library\gccCyBLEStack_BLE_SOC_PERIPHERAL.a(storage_pl.o)
                0x00002e74                BleStackWriteToFlashPending

i.BleStackWriteToFlashRam
                0x00002e98       0x78
 i.BleStackWriteToFlashRam
                0x00002e98       0x78 ..\..\..\..\..\..\..\..\Documents\PSoC Creator\4.2\Downloads ( 4.2).cylib\BLE_v3_52\Library\gccCyBLEStack_BLE_SOC_PERIPHERAL.a(storage_pl.o)
                0x00002e98                BleStackWriteToFlashRam

i.calc_checksum
                0x00002f10       0x1a
 i.calc_checksum
                0x00002f10       0x1a ..\..\..\..\..\..\..\..\Documents\PSoC Creator\4.2\Downloads ( 4.2).cylib\BLE_v3_52\Library\gccCyBLEStack_BLE_SOC_PERIPHERAL.a(storage_pl.o)
                0x00002f10                calc_checksum

i.storage_bt_init_pl
                0x00002f2c       0x30
 i.storage_bt_init_pl
                0x00002f2c       0x30 ..\..\..\..\..\..\..\..\Documents\PSoC Creator\4.2\Downloads ( 4.2).cylib\BLE_v3_52\Library\gccCyBLEStack_BLE_SOC_PERIPHERAL.a(storage_pl.o)
                0x00002f2c                storage_bt_init_pl

i.storage_close_pl
                0x00002f5c        0x4
 i.storage_close_pl
                0x00002f5c        0x4 ..\..\..\..\..\..\..\..\Documents\PSoC Creator\4.2\Downloads ( 4.2).cylib\BLE_v3_52\Library\gccCyBLEStack_BLE_SOC_PERIPHERAL.a(storage_pl.o)
                0x00002f5c                storage_close_pl

i.storage_open_pl
                0x00002f60       0x1c
 i.storage_open_pl
                0x00002f60       0x1c ..\..\..\..\..\..\..\..\Documents\PSoC Creator\4.2\Downloads ( 4.2).cylib\BLE_v3_52\Library\gccCyBLEStack_BLE_SOC_PERIPHERAL.a(storage_pl.o)
                0x00002f60                storage_open_pl

i.storage_read_pl
                0x00002f7c       0x28
 i.storage_read_pl
                0x00002f7c       0x28 ..\..\..\..\..\..\..\..\Documents\PSoC Creator\4.2\Downloads ( 4.2).cylib\BLE_v3_52\Library\gccCyBLEStack_BLE_SOC_PERIPHERAL.a(storage_pl.o)
                0x00002f7c                storage_read_pl

i.storage_read_signature_pl
                0x00002fa4       0x2c
 i.storage_read_signature_pl
                0x00002fa4       0x2c ..\..\..\..\..\..\..\..\Documents\PSoC Creator\4.2\Downloads ( 4.2).cylib\BLE_v3_52\Library\gccCyBLEStack_BLE_SOC_PERIPHERAL.a(storage_pl.o)
                0x00002fa4                storage_read_signature_pl

i.storage_register_flash_pointer
                0x00002fd0       0x20
 i.storage_register_flash_pointer
                0x00002fd0       0x20 ..\..\..\..\..\..\..\..\Documents\PSoC Creator\4.2\Downloads ( 4.2).cylib\BLE_v3_52\Library\gccCyBLEStack_BLE_SOC_PERIPHERAL.a(storage_pl.o)
                0x00002fd0                storage_register_flash_pointer

i.storage_reset_storage_offset
                0x00002ff0       0x10
 i.storage_reset_storage_offset
                0x00002ff0       0x10 ..\..\..\..\..\..\..\..\Documents\PSoC Creator\4.2\Downloads ( 4.2).cylib\BLE_v3_52\Library\gccCyBLEStack_BLE_SOC_PERIPHERAL.a(storage_pl.o)

i.storage_write_pl
                0x00003000       0x24
 i.storage_write_pl
                0x00003000       0x24 ..\..\..\..\..\..\..\..\Documents\PSoC Creator\4.2\Downloads ( 4.2).cylib\BLE_v3_52\Library\gccCyBLEStack_BLE_SOC_PERIPHERAL.a(storage_pl.o)
                0x00003000                storage_write_pl

i.storage_write_signature_pl
                0x00003024       0x14
 i.storage_write_signature_pl
                0x00003024       0x14 ..\..\..\..\..\..\..\..\Documents\PSoC Creator\4.2\Downloads ( 4.2).cylib\BLE_v3_52\Library\gccCyBLEStack_BLE_SOC_PERIPHERAL.a(storage_pl.o)
                0x00003024                storage_write_signature_pl

i.OS_init       0x00003038       0x64
 i.OS_init      0x00003038       0x64 ..\..\..\..\..\..\..\..\Documents\PSoC Creator\4.2\Downloads ( 4.2).cylib\BLE_v3_52\Library\gccCyBLEStack_BLE_SOC_PERIPHERAL.a(mint_os.o)
                0x00003038                OS_init

i.mintos_malloc
                0x0000309c       0x34
 i.mintos_malloc
                0x0000309c       0x34 ..\..\..\..\..\..\..\..\Documents\PSoC Creator\4.2\Downloads ( 4.2).cylib\BLE_v3_52\Library\gccCyBLEStack_BLE_SOC_PERIPHERAL.a(mint_os.o)
                0x0000309c                mintos_malloc

i.OS_create_queue
                0x000030d0       0x64
 i.OS_create_queue
                0x000030d0       0x64 ..\..\..\..\..\..\..\..\Documents\PSoC Creator\4.2\Downloads ( 4.2).cylib\BLE_v3_52\Library\gccCyBLEStack_BLE_SOC_PERIPHERAL.a(mint_os_queue.o)
                0x000030d0                OS_create_queue

i.OS_enqueue_item
                0x00003134       0x8c
 i.OS_enqueue_item
                0x00003134       0x8c ..\..\..\..\..\..\..\..\Documents\PSoC Creator\4.2\Downloads ( 4.2).cylib\BLE_v3_52\Library\gccCyBLEStack_BLE_SOC_PERIPHERAL.a(mint_os_queue.o)
                0x00003134                OS_enqueue_item

i.OS_queue_get_num_of_items
                0x000031c0       0x28
 i.OS_queue_get_num_of_items
                0x000031c0       0x28 ..\..\..\..\..\..\..\..\Documents\PSoC Creator\4.2\Downloads ( 4.2).cylib\BLE_v3_52\Library\gccCyBLEStack_BLE_SOC_PERIPHERAL.a(mint_os_queue.o)
                0x000031c0                OS_queue_get_num_of_items

i.OS_queue_mgmt_init
                0x000031e8       0x40
 i.OS_queue_mgmt_init
                0x000031e8       0x40 ..\..\..\..\..\..\..\..\Documents\PSoC Creator\4.2\Downloads ( 4.2).cylib\BLE_v3_52\Library\gccCyBLEStack_BLE_SOC_PERIPHERAL.a(mint_os_queue.o)
                0x000031e8                OS_queue_mgmt_init

i.OS_remove_item
                0x00003228       0xa0
 i.OS_remove_item
                0x00003228       0xa0 ..\..\..\..\..\..\..\..\Documents\PSoC Creator\4.2\Downloads ( 4.2).cylib\BLE_v3_52\Library\gccCyBLEStack_BLE_SOC_PERIPHERAL.a(mint_os_queue.o)
                0x00003228                OS_remove_item

i.OS_create_task
                0x000032c8       0x88
 i.OS_create_task
                0x000032c8       0x88 ..\..\..\..\..\..\..\..\Documents\PSoC Creator\4.2\Downloads ( 4.2).cylib\BLE_v3_52\Library\gccCyBLEStack_BLE_SOC_PERIPHERAL.a(mint_os_task.o)
                0x000032c8                OS_create_task

i.OS_isr_send_signal_to_task
                0x00003350        0xc
 i.OS_isr_send_signal_to_task
                0x00003350        0xc ..\..\..\..\..\..\..\..\Documents\PSoC Creator\4.2\Downloads ( 4.2).cylib\BLE_v3_52\Library\gccCyBLEStack_BLE_SOC_PERIPHERAL.a(mint_os_task.o)
                0x00003350                OS_isr_send_signal_to_task

i.OS_scheduler  0x0000335c       0x64
 i.OS_scheduler
                0x0000335c       0x64 ..\..\..\..\..\..\..\..\Documents\PSoC Creator\4.2\Downloads ( 4.2).cylib\BLE_v3_52\Library\gccCyBLEStack_BLE_SOC_PERIPHERAL.a(mint_os_task.o)
                0x0000335c                OS_scheduler

i.OS_send_signal_to_task
                0x000033c0        0xc
 i.OS_send_signal_to_task
                0x000033c0        0xc ..\..\..\..\..\..\..\..\Documents\PSoC Creator\4.2\Downloads ( 4.2).cylib\BLE_v3_52\Library\gccCyBLEStack_BLE_SOC_PERIPHERAL.a(mint_os_task.o)
                0x000033c0                OS_send_signal_to_task

i.OS_send_signal_to_task_context
                0x000033cc       0x3c
 i.OS_send_signal_to_task_context
                0x000033cc       0x3c ..\..\..\..\..\..\..\..\Documents\PSoC Creator\4.2\Downloads ( 4.2).cylib\BLE_v3_52\Library\gccCyBLEStack_BLE_SOC_PERIPHERAL.a(mint_os_task.o)

i.OS_task_mgmt_init
                0x00003408       0x50
 i.OS_task_mgmt_init
                0x00003408       0x50 ..\..\..\..\..\..\..\..\Documents\PSoC Creator\4.2\Downloads ( 4.2).cylib\BLE_v3_52\Library\gccCyBLEStack_BLE_SOC_PERIPHERAL.a(mint_os_task.o)
                0x00003408                OS_task_mgmt_init

i.mint_buf_mgmt_allocate_buffer
                0x00003458       0x4c
 i.mint_buf_mgmt_allocate_buffer
                0x00003458       0x4c ..\..\..\..\..\..\..\..\Documents\PSoC Creator\4.2\Downloads ( 4.2).cylib\BLE_v3_52\Library\gccCyBLEStack_BLE_SOC_PERIPHERAL.a(mint_buf_mgmt.o)
                0x00003458                mint_buf_mgmt_allocate_buffer

i.mint_buf_mgmt_create_pool
                0x000034a4       0xd0
 i.mint_buf_mgmt_create_pool
                0x000034a4       0xd0 ..\..\..\..\..\..\..\..\Documents\PSoC Creator\4.2\Downloads ( 4.2).cylib\BLE_v3_52\Library\gccCyBLEStack_BLE_SOC_PERIPHERAL.a(mint_buf_mgmt.o)
                0x000034a4                mint_buf_mgmt_create_pool

i.mint_buf_mgmt_free_buffer
                0x00003574       0xa4
 i.mint_buf_mgmt_free_buffer
                0x00003574       0xa4 ..\..\..\..\..\..\..\..\Documents\PSoC Creator\4.2\Downloads ( 4.2).cylib\BLE_v3_52\Library\gccCyBLEStack_BLE_SOC_PERIPHERAL.a(mint_buf_mgmt.o)
                0x00003574                mint_buf_mgmt_free_buffer

i.mint_buf_mgmt_init
                0x00003618       0x44
 i.mint_buf_mgmt_init
                0x00003618       0x44 ..\..\..\..\..\..\..\..\Documents\PSoC Creator\4.2\Downloads ( 4.2).cylib\BLE_v3_52\Library\gccCyBLEStack_BLE_SOC_PERIPHERAL.a(mint_buf_mgmt.o)
                0x00003618                mint_buf_mgmt_init

i.mint_buf_mgmt_malloc
                0x0000365c       0x28
 i.mint_buf_mgmt_malloc
                0x0000365c       0x28 ..\..\..\..\..\..\..\..\Documents\PSoC Creator\4.2\Downloads ( 4.2).cylib\BLE_v3_52\Library\gccCyBLEStack_BLE_SOC_PERIPHERAL.a(mint_buf_mgmt.o)
                0x0000365c                mint_buf_mgmt_malloc

i.mint_buf_mgmt_pl_init
                0x00003684       0x48
 i.mint_buf_mgmt_pl_init
                0x00003684       0x48 ..\..\..\..\..\..\..\..\Documents\PSoC Creator\4.2\Downloads ( 4.2).cylib\BLE_v3_52\Library\gccCyBLEStack_BLE_SOC_PERIPHERAL.a(mint_buf_mgmt.o)
                0x00003684                mint_buf_mgmt_pl_init

i.mint_buf_mgmt_reset_pool
                0x000036cc       0x70
 i.mint_buf_mgmt_reset_pool
                0x000036cc       0x70 ..\..\..\..\..\..\..\..\Documents\PSoC Creator\4.2\Downloads ( 4.2).cylib\BLE_v3_52\Library\gccCyBLEStack_BLE_SOC_PERIPHERAL.a(mint_buf_mgmt.o)
                0x000036cc                mint_buf_mgmt_reset_pool

i.mint_buf_mgmt_stack_init
                0x0000373c       0x24
 i.mint_buf_mgmt_stack_init
                0x0000373c       0x24 ..\..\..\..\..\..\..\..\Documents\PSoC Creator\4.2\Downloads ( 4.2).cylib\BLE_v3_52\Library\gccCyBLEStack_BLE_SOC_PERIPHERAL.a(mint_buf_mgmt.o)
                0x0000373c                mint_buf_mgmt_stack_init

i.mint_buf_mgmt_stack_pop
                0x00003760       0x36
 i.mint_buf_mgmt_stack_pop
                0x00003760       0x36 ..\..\..\..\..\..\..\..\Documents\PSoC Creator\4.2\Downloads ( 4.2).cylib\BLE_v3_52\Library\gccCyBLEStack_BLE_SOC_PERIPHERAL.a(mint_buf_mgmt.o)
                0x00003760                mint_buf_mgmt_stack_pop

i.mint_buf_mgmt_stack_push
                0x00003796       0x36
 i.mint_buf_mgmt_stack_push
                0x00003796       0x36 ..\..\..\..\..\..\..\..\Documents\PSoC Creator\4.2\Downloads ( 4.2).cylib\BLE_v3_52\Library\gccCyBLEStack_BLE_SOC_PERIPHERAL.a(mint_buf_mgmt.o)
                0x00003796                mint_buf_mgmt_stack_push

i.mint_buf_mgmt_stack_reset
                0x000037cc       0x1e
 i.mint_buf_mgmt_stack_reset
                0x000037cc       0x1e ..\..\..\..\..\..\..\..\Documents\PSoC Creator\4.2\Downloads ( 4.2).cylib\BLE_v3_52\Library\gccCyBLEStack_BLE_SOC_PERIPHERAL.a(mint_buf_mgmt.o)
                0x000037cc                mint_buf_mgmt_stack_reset

i.mint_buf_mgmt_stack_search_item
                0x000037ea       0x30
 i.mint_buf_mgmt_stack_search_item
                0x000037ea       0x30 ..\..\..\..\..\..\..\..\Documents\PSoC Creator\4.2\Downloads ( 4.2).cylib\BLE_v3_52\Library\gccCyBLEStack_BLE_SOC_PERIPHERAL.a(mint_buf_mgmt.o)
                0x000037ea                mint_buf_mgmt_stack_search_item

i.CyBleControllerIP_GetPingState
                0x0000381c        0xc
 i.CyBleControllerIP_GetPingState
                0x0000381c        0xc ..\..\..\..\..\..\..\..\Documents\PSoC Creator\4.2\Downloads ( 4.2).cylib\BLE_v3_52\Library\gccCyBLEStack_BLE_SOC_PERIPHERAL.a(CyBleControllerIP_Interface.o)
                0x0000381c                CyBleControllerIP_GetPingState

i.CyBleController_AddDeviceToWhiteList
                0x00003828       0x48
 i.CyBleController_AddDeviceToWhiteList
                0x00003828       0x48 ..\..\..\..\..\..\..\..\Documents\PSoC Creator\4.2\Downloads ( 4.2).cylib\BLE_v3_52\Library\gccCyBLEStack_BLE_SOC_PERIPHERAL.a(CyBleControllerIP_Interface.o)
                0x00003828                CyBleController_AddDeviceToWhiteList

i.CyBleController_EnableDefaultDevicePrivacy
                0x00003870        0xc
 i.CyBleController_EnableDefaultDevicePrivacy
                0x00003870        0xc ..\..\..\..\..\..\..\..\Documents\PSoC Creator\4.2\Downloads ( 4.2).cylib\BLE_v3_52\Library\gccCyBLEStack_BLE_SOC_PERIPHERAL.a(CyBleControllerIP_Interface.o)
                0x00003870                CyBleController_EnableDefaultDevicePrivacy

i.CyBleController_ExitLowPowerMode
                0x0000387c       0x10
 i.CyBleController_ExitLowPowerMode
                0x0000387c       0x10 ..\..\..\..\..\..\..\..\Documents\PSoC Creator\4.2\Downloads ( 4.2).cylib\BLE_v3_52\Library\gccCyBLEStack_BLE_SOC_PERIPHERAL.a(CyBleControllerIP_Interface.o)
                0x0000387c                CyBleController_ExitLowPowerMode

i.CyBleController_GetDeviceAddress
                0x0000388c       0x22
 i.CyBleController_GetDeviceAddress
                0x0000388c       0x22 ..\..\..\..\..\..\..\..\Documents\PSoC Creator\4.2\Downloads ( 4.2).cylib\BLE_v3_52\Library\gccCyBLEStack_BLE_SOC_PERIPHERAL.a(CyBleControllerIP_Interface.o)
                0x0000388c                CyBleController_GetDeviceAddress

i.CyBleController_GetDleHeapMemory
                0x000038ae       0x10
 i.CyBleController_GetDleHeapMemory
                0x000038ae       0x10 ..\..\..\..\..\..\..\..\Documents\PSoC Creator\4.2\Downloads ( 4.2).cylib\BLE_v3_52\Library\gccCyBLEStack_BLE_SOC_PERIPHERAL.a(CyBleControllerIP_Interface.o)
                0x000038ae                CyBleController_GetDleHeapMemory

i.CyBleController_GetPrivacyHeapMemory
                0x000038c0       0x1c
 i.CyBleController_GetPrivacyHeapMemory
                0x000038c0       0x1c ..\..\..\..\..\..\..\..\Documents\PSoC Creator\4.2\Downloads ( 4.2).cylib\BLE_v3_52\Library\gccCyBLEStack_BLE_SOC_PERIPHERAL.a(CyBleControllerIP_Interface.o)
                0x000038c0                CyBleController_GetPrivacyHeapMemory

i.CyBleController_Init
                0x000038dc       0x40
 i.CyBleController_Init
                0x000038dc       0x40 ..\..\..\..\..\..\..\..\Documents\PSoC Creator\4.2\Downloads ( 4.2).cylib\BLE_v3_52\Library\gccCyBLEStack_BLE_SOC_PERIPHERAL.a(CyBleControllerIP_Interface.o)
                0x000038dc                CyBleController_Init

i.CyBleController_SetDeviceAddress
                0x0000391c       0x2e
 i.CyBleController_SetDeviceAddress
                0x0000391c       0x2e ..\..\..\..\..\..\..\..\Documents\PSoC Creator\4.2\Downloads ( 4.2).cylib\BLE_v3_52\Library\gccCyBLEStack_BLE_SOC_PERIPHERAL.a(CyBleControllerIP_Interface.o)
                0x0000391c                CyBleController_SetDeviceAddress

i.CyBleController_SetDleParams
                0x0000394c       0x1c
 i.CyBleController_SetDleParams
                0x0000394c       0x1c ..\..\..\..\..\..\..\..\Documents\PSoC Creator\4.2\Downloads ( 4.2).cylib\BLE_v3_52\Library\gccCyBLEStack_BLE_SOC_PERIPHERAL.a(CyBleControllerIP_Interface.o)
                0x0000394c                CyBleController_SetDleParams

i.CyBleController_SetLePrivacyParams
                0x00003968       0x18
 i.CyBleController_SetLePrivacyParams
                0x00003968       0x18 ..\..\..\..\..\..\..\..\Documents\PSoC Creator\4.2\Downloads ( 4.2).cylib\BLE_v3_52\Library\gccCyBLEStack_BLE_SOC_PERIPHERAL.a(CyBleControllerIP_Interface.o)
                0x00003968                CyBleController_SetLePrivacyParams

i.CyBle_GetFirmwareProgrammedDSM
                0x00003980        0xc
 i.CyBle_GetFirmwareProgrammedDSM
                0x00003980        0xc ..\..\..\..\..\..\..\..\Documents\PSoC Creator\4.2\Downloads ( 4.2).cylib\BLE_v3_52\Library\gccCyBLEStack_BLE_SOC_PERIPHERAL.a(CyBleControllerIP_Interface.o)
                0x00003980                CyBle_GetFirmwareProgrammedDSM

i.CyBle_GetTxPowerLevel
                0x0000398c       0x54
 i.CyBle_GetTxPowerLevel
                0x0000398c       0x54 ..\..\..\..\..\..\..\..\Documents\PSoC Creator\4.2\Downloads ( 4.2).cylib\BLE_v3_52\Library\gccCyBLEStack_BLE_SOC_PERIPHERAL.a(CyBleControllerIP_Interface.o)
                0x0000398c                CyBle_GetTxPowerLevel

i.CyBle_SendBlessEvtoAPP
                0x000039e0        0xc
 i.CyBle_SendBlessEvtoAPP
                0x000039e0        0xc ..\..\..\..\..\..\..\..\Documents\PSoC Creator\4.2\Downloads ( 4.2).cylib\BLE_v3_52\Library\gccCyBLEStack_BLE_SOC_PERIPHERAL.a(CyBleControllerIP_Interface.o)
                0x000039e0                CyBle_SendBlessEvtoAPP

i.CyBle_SendEventToApp
                0x000039ec       0x38
 i.CyBle_SendEventToApp
                0x000039ec       0x38 ..\..\..\..\..\..\..\..\Documents\PSoC Creator\4.2\Downloads ( 4.2).cylib\BLE_v3_52\Library\gccCyBLEStack_BLE_SOC_PERIPHERAL.a(CyBleControllerIP_Interface.o)
                0x000039ec                CyBle_SendEventToApp

i.CyBle_SetFirmwareProgrammedDSM
                0x00003a24        0xc
 i.CyBle_SetFirmwareProgrammedDSM
                0x00003a24        0xc ..\..\..\..\..\..\..\..\Documents\PSoC Creator\4.2\Downloads ( 4.2).cylib\BLE_v3_52\Library\gccCyBLEStack_BLE_SOC_PERIPHERAL.a(CyBleControllerIP_Interface.o)
                0x00003a24                CyBle_SetFirmwareProgrammedDSM

i.CyBle_SetTxPowerLevel
                0x00003a30       0x88
 i.CyBle_SetTxPowerLevel
                0x00003a30       0x88 ..\..\..\..\..\..\..\..\Documents\PSoC Creator\4.2\Downloads ( 4.2).cylib\BLE_v3_52\Library\gccCyBLEStack_BLE_SOC_PERIPHERAL.a(CyBleControllerIP_Interface.o)
                0x00003a30                CyBle_SetTxPowerLevel

i.ll_check_and_mark_packet_ready_for_transmission
                0x00003ab8       0x44
 i.ll_check_and_mark_packet_ready_for_transmission
                0x00003ab8       0x44 ..\..\..\..\..\..\..\..\Documents\PSoC Creator\4.2\Downloads ( 4.2).cylib\BLE_v3_52\Library\gccCyBLEStack_BLE_SOC_PERIPHERAL.a(ll.o)
                0x00003ab8                ll_check_and_mark_packet_ready_for_transmission

i.ll_cleanup_pending_data_pdu
                0x00003afc       0x44
 i.ll_cleanup_pending_data_pdu
                0x00003afc       0x44 ..\..\..\..\..\..\..\..\Documents\PSoC Creator\4.2\Downloads ( 4.2).cylib\BLE_v3_52\Library\gccCyBLEStack_BLE_SOC_PERIPHERAL.a(ll.o)
                0x00003afc                ll_cleanup_pending_data_pdu

i.ll_exit_low_power_mode
                0x00003b40       0x84
 i.ll_exit_low_power_mode
                0x00003b40       0x84 ..\..\..\..\..\..\..\..\Documents\PSoC Creator\4.2\Downloads ( 4.2).cylib\BLE_v3_52\Library\gccCyBLEStack_BLE_SOC_PERIPHERAL.a(ll.o)
                0x00003b40                ll_exit_low_power_mode

i.ll_get_ack_status
                0x00003bc4       0x44
 i.ll_get_ack_status
                0x00003bc4       0x44 ..\..\..\..\..\..\..\..\Documents\PSoC Creator\4.2\Downloads ( 4.2).cylib\BLE_v3_52\Library\gccCyBLEStack_BLE_SOC_PERIPHERAL.a(ll.o)
                0x00003bc4                ll_get_ack_status

i.ll_get_adv_ch_tx_power
                0x00003c08       0x20
 i.ll_get_adv_ch_tx_power
                0x00003c08       0x20 ..\..\..\..\..\..\..\..\Documents\PSoC Creator\4.2\Downloads ( 4.2).cylib\BLE_v3_52\Library\gccCyBLEStack_BLE_SOC_PERIPHERAL.a(ll.o)
                0x00003c08                ll_get_adv_ch_tx_power

i.ll_get_data_channel_map
                0x00003c28       0x28
 i.ll_get_data_channel_map
                0x00003c28       0x28 ..\..\..\..\..\..\..\..\Documents\PSoC Creator\4.2\Downloads ( 4.2).cylib\BLE_v3_52\Library\gccCyBLEStack_BLE_SOC_PERIPHERAL.a(ll.o)
                0x00003c28                ll_get_data_channel_map

i.ll_get_max_white_list_size
                0x00003c50        0xc
 i.ll_get_max_white_list_size
                0x00003c50        0xc ..\..\..\..\..\..\..\..\Documents\PSoC Creator\4.2\Downloads ( 4.2).cylib\BLE_v3_52\Library\gccCyBLEStack_BLE_SOC_PERIPHERAL.a(ll.o)
                0x00003c50                ll_get_max_white_list_size

i.ll_get_my_role
                0x00003c5c        0xc
 i.ll_get_my_role
                0x00003c5c        0xc ..\..\..\..\..\..\..\..\Documents\PSoC Creator\4.2\Downloads ( 4.2).cylib\BLE_v3_52\Library\gccCyBLEStack_BLE_SOC_PERIPHERAL.a(ll.o)
                0x00003c5c                ll_get_my_role

i.ll_get_next_available_fifo_for_data_pdu
                0x00003c68        0x8
 i.ll_get_next_available_fifo_for_data_pdu
                0x00003c68        0x8 ..\..\..\..\..\..\..\..\Documents\PSoC Creator\4.2\Downloads ( 4.2).cylib\BLE_v3_52\Library\gccCyBLEStack_BLE_SOC_PERIPHERAL.a(ll.o)
                0x00003c68                ll_get_next_available_fifo_for_data_pdu

i.ll_get_next_available_fifo_for_ll_pdu
                0x00003c70       0x2c
 i.ll_get_next_available_fifo_for_ll_pdu
                0x00003c70       0x2c ..\..\..\..\..\..\..\..\Documents\PSoC Creator\4.2\Downloads ( 4.2).cylib\BLE_v3_52\Library\gccCyBLEStack_BLE_SOC_PERIPHERAL.a(ll.o)
                0x00003c70                ll_get_next_available_fifo_for_ll_pdu

i.ll_get_rssi_value
                0x00003c9c       0x26
 i.ll_get_rssi_value
                0x00003c9c       0x26 ..\..\..\..\..\..\..\..\Documents\PSoC Creator\4.2\Downloads ( 4.2).cylib\BLE_v3_52\Library\gccCyBLEStack_BLE_SOC_PERIPHERAL.a(ll.o)
                0x00003c9c                ll_get_rssi_value

i.ll_get_transmit_power_level
                0x00003cc4       0x2c
 i.ll_get_transmit_power_level
                0x00003cc4       0x2c ..\..\..\..\..\..\..\..\Documents\PSoC Creator\4.2\Downloads ( 4.2).cylib\BLE_v3_52\Library\gccCyBLEStack_BLE_SOC_PERIPHERAL.a(ll.o)
                0x00003cc4                ll_get_transmit_power_level

i.ll_handle_ack_received
                0x00003cf0       0x74
 i.ll_handle_ack_received
                0x00003cf0       0x74 ..\..\..\..\..\..\..\..\Documents\PSoC Creator\4.2\Downloads ( 4.2).cylib\BLE_v3_52\Library\gccCyBLEStack_BLE_SOC_PERIPHERAL.a(ll.o)
                0x00003cf0                ll_handle_ack_received

i.ll_handle_add_device_in_whitelist
                0x00003d64       0x50
 i.ll_handle_add_device_in_whitelist
                0x00003d64       0x50 ..\..\..\..\..\..\..\..\Documents\PSoC Creator\4.2\Downloads ( 4.2).cylib\BLE_v3_52\Library\gccCyBLEStack_BLE_SOC_PERIPHERAL.a(ll.o)
                0x00003d64                ll_handle_add_device_in_whitelist

i.ll_handle_clear_whitelist
                0x00003db4       0x24
 i.ll_handle_clear_whitelist
                0x00003db4       0x24 ..\..\..\..\..\..\..\..\Documents\PSoC Creator\4.2\Downloads ( 4.2).cylib\BLE_v3_52\Library\gccCyBLEStack_BLE_SOC_PERIPHERAL.a(ll.o)
                0x00003db4                ll_handle_clear_whitelist

i.ll_handle_encrypt_host_data
                0x00003dd8       0x36
 i.ll_handle_encrypt_host_data
                0x00003dd8       0x36 ..\..\..\..\..\..\..\..\Documents\PSoC Creator\4.2\Downloads ( 4.2).cylib\BLE_v3_52\Library\gccCyBLEStack_BLE_SOC_PERIPHERAL.a(ll.o)
                0x00003dd8                ll_handle_encrypt_host_data

i.ll_handle_host_data_packet
                0x00003e10       0x9c
 i.ll_handle_host_data_packet
                0x00003e10       0x9c ..\..\..\..\..\..\..\..\Documents\PSoC Creator\4.2\Downloads ( 4.2).cylib\BLE_v3_52\Library\gccCyBLEStack_BLE_SOC_PERIPHERAL.a(ll.o)
                0x00003e10                ll_handle_host_data_packet

i.ll_handle_read_host_channel_map
                0x00003eac        0x4
 i.ll_handle_read_host_channel_map
                0x00003eac        0x4 ..\..\..\..\..\..\..\..\Documents\PSoC Creator\4.2\Downloads ( 4.2).cylib\BLE_v3_52\Library\gccCyBLEStack_BLE_SOC_PERIPHERAL.a(ll.o)
                0x00003eac                ll_handle_read_host_channel_map

i.ll_handle_remove_device_in_whitelist
                0x00003eb0       0x38
 i.ll_handle_remove_device_in_whitelist
                0x00003eb0       0x38 ..\..\..\..\..\..\..\..\Documents\PSoC Creator\4.2\Downloads ( 4.2).cylib\BLE_v3_52\Library\gccCyBLEStack_BLE_SOC_PERIPHERAL.a(ll.o)
                0x00003eb0                ll_handle_remove_device_in_whitelist

i.ll_handle_reset
                0x00003ee8        0xe
 i.ll_handle_reset
                0x00003ee8        0xe ..\..\..\..\..\..\..\..\Documents\PSoC Creator\4.2\Downloads ( 4.2).cylib\BLE_v3_52\Library\gccCyBLEStack_BLE_SOC_PERIPHERAL.a(ll.o)
                0x00003ee8                ll_handle_reset

i.ll_handle_set_random_address
                0x00003ef6       0x36
 i.ll_handle_set_random_address
                0x00003ef6       0x36 ..\..\..\..\..\..\..\..\Documents\PSoC Creator\4.2\Downloads ( 4.2).cylib\BLE_v3_52\Library\gccCyBLEStack_BLE_SOC_PERIPHERAL.a(ll.o)
                0x00003ef6                ll_handle_set_random_address

i.ll_init       0x00003f2c       0x20
 i.ll_init      0x00003f2c       0x20 ..\..\..\..\..\..\..\..\Documents\PSoC Creator\4.2\Downloads ( 4.2).cylib\BLE_v3_52\Library\gccCyBLEStack_BLE_SOC_PERIPHERAL.a(ll.o)
                0x00003f2c                ll_init

i.ll_initialize_device_attributes
                0x00003f4c       0xc0
 i.ll_initialize_device_attributes
                0x00003f4c       0xc0 ..\..\..\..\..\..\..\..\Documents\PSoC Creator\4.2\Downloads ( 4.2).cylib\BLE_v3_52\Library\gccCyBLEStack_BLE_SOC_PERIPHERAL.a(ll.o)
                0x00003f4c                ll_initialize_device_attributes

i.ll_is_pkt_pending
                0x0000400c       0x2a
 i.ll_is_pkt_pending
                0x0000400c       0x2a ..\..\..\..\..\..\..\..\Documents\PSoC Creator\4.2\Downloads ( 4.2).cylib\BLE_v3_52\Library\gccCyBLEStack_BLE_SOC_PERIPHERAL.a(ll.o)
                0x0000400c                ll_is_pkt_pending

i.ll_is_sent_pkt_pending
                0x00004036       0x1a
 i.ll_is_sent_pkt_pending
                0x00004036       0x1a ..\..\..\..\..\..\..\..\Documents\PSoC Creator\4.2\Downloads ( 4.2).cylib\BLE_v3_52\Library\gccCyBLEStack_BLE_SOC_PERIPHERAL.a(ll.o)
                0x00004036                ll_is_sent_pkt_pending

i.ll_isr_exit_low_power_mode
                0x00004050       0x16
 i.ll_isr_exit_low_power_mode
                0x00004050       0x16 ..\..\..\..\..\..\..\..\Documents\PSoC Creator\4.2\Downloads ( 4.2).cylib\BLE_v3_52\Library\gccCyBLEStack_BLE_SOC_PERIPHERAL.a(ll.o)
                0x00004050                ll_isr_exit_low_power_mode

i.ll_load_host_data_packet
                0x00004066       0x3c
 i.ll_load_host_data_packet
                0x00004066       0x3c ..\..\..\..\..\..\..\..\Documents\PSoC Creator\4.2\Downloads ( 4.2).cylib\BLE_v3_52\Library\gccCyBLEStack_BLE_SOC_PERIPHERAL.a(ll.o)
                0x00004066                ll_load_host_data_packet

i.ll_load_packet_to_fifo
                0x000040a4       0xc0
 i.ll_load_packet_to_fifo
                0x000040a4       0xc0 ..\..\..\..\..\..\..\..\Documents\PSoC Creator\4.2\Downloads ( 4.2).cylib\BLE_v3_52\Library\gccCyBLEStack_BLE_SOC_PERIPHERAL.a(ll.o)
                0x000040a4                ll_load_packet_to_fifo

i.ll_process_acks
                0x00004164       0x60
 i.ll_process_acks
                0x00004164       0x60 ..\..\..\..\..\..\..\..\Documents\PSoC Creator\4.2\Downloads ( 4.2).cylib\BLE_v3_52\Library\gccCyBLEStack_BLE_SOC_PERIPHERAL.a(ll.o)
                0x00004164                ll_process_acks

i.ll_reset      0x000041c4       0x14
 i.ll_reset     0x000041c4       0x14 ..\..\..\..\..\..\..\..\Documents\PSoC Creator\4.2\Downloads ( 4.2).cylib\BLE_v3_52\Library\gccCyBLEStack_BLE_SOC_PERIPHERAL.a(ll.o)
                0x000041c4                ll_reset

i.ll_update_active_features
                0x000041d8       0x58
 i.ll_update_active_features
                0x000041d8       0x58 ..\..\..\..\..\..\..\..\Documents\PSoC Creator\4.2\Downloads ( 4.2).cylib\BLE_v3_52\Library\gccCyBLEStack_BLE_SOC_PERIPHERAL.a(ll.o)
                0x000041d8                ll_update_active_features

i.ll_update_device_fsm
                0x00004230        0x8
 i.ll_update_device_fsm
                0x00004230        0x8 ..\..\..\..\..\..\..\..\Documents\PSoC Creator\4.2\Downloads ( 4.2).cylib\BLE_v3_52\Library\gccCyBLEStack_BLE_SOC_PERIPHERAL.a(ll.o)
                0x00004230                ll_update_device_fsm

i.ll_validate_add_device_to_whitelist_params
                0x00004238       0x14
 i.ll_validate_add_device_to_whitelist_params
                0x00004238       0x14 ..\..\..\..\..\..\..\..\Documents\PSoC Creator\4.2\Downloads ( 4.2).cylib\BLE_v3_52\Library\gccCyBLEStack_BLE_SOC_PERIPHERAL.a(ll.o)
                0x00004238                ll_validate_add_device_to_whitelist_params

i.ll_validate_bd_addr
                0x0000424c       0x1a
 i.ll_validate_bd_addr
                0x0000424c       0x1a ..\..\..\..\..\..\..\..\Documents\PSoC Creator\4.2\Downloads ( 4.2).cylib\BLE_v3_52\Library\gccCyBLEStack_BLE_SOC_PERIPHERAL.a(ll.o)
                0x0000424c                ll_validate_bd_addr

i.ll_wait_to_exit_dsm
                0x00004266       0x2c
 i.ll_wait_to_exit_dsm
                0x00004266       0x2c ..\..\..\..\..\..\..\..\Documents\PSoC Creator\4.2\Downloads ( 4.2).cylib\BLE_v3_52\Library\gccCyBLEStack_BLE_SOC_PERIPHERAL.a(ll.o)

i.pf_le_start_timer
                0x00004292       0x16
 i.pf_le_start_timer
                0x00004292       0x16 ..\..\..\..\..\..\..\..\Documents\PSoC Creator\4.2\Downloads ( 4.2).cylib\BLE_v3_52\Library\gccCyBLEStack_BLE_SOC_PERIPHERAL.a(ll.o)
                0x00004292                pf_le_start_timer

i.pf_le_stop_timer
                0x000042a8       0x12
 i.pf_le_stop_timer
                0x000042a8       0x12 ..\..\..\..\..\..\..\..\Documents\PSoC Creator\4.2\Downloads ( 4.2).cylib\BLE_v3_52\Library\gccCyBLEStack_BLE_SOC_PERIPHERAL.a(ll.o)
                0x000042a8                pf_le_stop_timer

i.CyBleControllerIP_TuneAdvEventInterPktSlots
                0x000042bc       0x3c
 i.CyBleControllerIP_TuneAdvEventInterPktSlots
                0x000042bc       0x3c ..\..\..\..\..\..\..\..\Documents\PSoC Creator\4.2\Downloads ( 4.2).cylib\BLE_v3_52\Library\gccCyBLEStack_BLE_SOC_PERIPHERAL.a(ll_advertiser.o)
                0x000042bc                CyBleControllerIP_TuneAdvEventInterPktSlots

i.ll_adv_is_configured_connection_adv
                0x000042f8       0x1e
 i.ll_adv_is_configured_connection_adv
                0x000042f8       0x1e ..\..\..\..\..\..\..\..\Documents\PSoC Creator\4.2\Downloads ( 4.2).cylib\BLE_v3_52\Library\gccCyBLEStack_BLE_SOC_PERIPHERAL.a(ll_advertiser.o)
                0x000042f8                ll_adv_is_configured_connection_adv

i.ll_check_random_address_in_use_by_advertiser
                0x00004316       0x10
 i.ll_check_random_address_in_use_by_advertiser
                0x00004316       0x10 ..\..\..\..\..\..\..\..\Documents\PSoC Creator\4.2\Downloads ( 4.2).cylib\BLE_v3_52\Library\gccCyBLEStack_BLE_SOC_PERIPHERAL.a(ll_advertiser.o)
                0x00004316                ll_check_random_address_in_use_by_advertiser

i.ll_check_whitelist_in_use_by_advertiser
                0x00004326       0x10
 i.ll_check_whitelist_in_use_by_advertiser
                0x00004326       0x10 ..\..\..\..\..\..\..\..\Documents\PSoC Creator\4.2\Downloads ( 4.2).cylib\BLE_v3_52\Library\gccCyBLEStack_BLE_SOC_PERIPHERAL.a(ll_advertiser.o)
                0x00004326                ll_check_whitelist_in_use_by_advertiser

i.ll_get_adv_data
                0x00004338        0xc
 i.ll_get_adv_data
                0x00004338        0xc ..\..\..\..\..\..\..\..\Documents\PSoC Creator\4.2\Downloads ( 4.2).cylib\BLE_v3_52\Library\gccCyBLEStack_BLE_SOC_PERIPHERAL.a(ll_advertiser.o)
                0x00004338                ll_get_adv_data

i.ll_get_adv_status
                0x00004344        0xc
 i.ll_get_adv_status
                0x00004344        0xc ..\..\..\..\..\..\..\..\Documents\PSoC Creator\4.2\Downloads ( 4.2).cylib\BLE_v3_52\Library\gccCyBLEStack_BLE_SOC_PERIPHERAL.a(ll_advertiser.o)
                0x00004344                ll_get_adv_status

i.ll_get_adv_type
                0x00004350       0x18
 i.ll_get_adv_type
                0x00004350       0x18 ..\..\..\..\..\..\..\..\Documents\PSoC Creator\4.2\Downloads ( 4.2).cylib\BLE_v3_52\Library\gccCyBLEStack_BLE_SOC_PERIPHERAL.a(ll_advertiser.o)
                0x00004350                ll_get_adv_type

i.ll_get_scan_rsp_data
                0x00004368        0xc
 i.ll_get_scan_rsp_data
                0x00004368        0xc ..\..\..\..\..\..\..\..\Documents\PSoC Creator\4.2\Downloads ( 4.2).cylib\BLE_v3_52\Library\gccCyBLEStack_BLE_SOC_PERIPHERAL.a(ll_advertiser.o)
                0x00004368                ll_get_scan_rsp_data

i.ll_handle_adv_intr
                0x00004374       0x54
 i.ll_handle_adv_intr
                0x00004374       0x54 ..\..\..\..\..\..\..\..\Documents\PSoC Creator\4.2\Downloads ( 4.2).cylib\BLE_v3_52\Library\gccCyBLEStack_BLE_SOC_PERIPHERAL.a(ll_advertiser.o)
                0x00004374                ll_handle_adv_intr

i.ll_handle_set_adv_data
                0x000043c8       0x38
 i.ll_handle_set_adv_data
                0x000043c8       0x38 ..\..\..\..\..\..\..\..\Documents\PSoC Creator\4.2\Downloads ( 4.2).cylib\BLE_v3_52\Library\gccCyBLEStack_BLE_SOC_PERIPHERAL.a(ll_advertiser.o)
                0x000043c8                ll_handle_set_adv_data

i.ll_handle_set_adv_parameters
                0x00004400       0xa4
 i.ll_handle_set_adv_parameters
                0x00004400       0xa4 ..\..\..\..\..\..\..\..\Documents\PSoC Creator\4.2\Downloads ( 4.2).cylib\BLE_v3_52\Library\gccCyBLEStack_BLE_SOC_PERIPHERAL.a(ll_advertiser.o)
                0x00004400                ll_handle_set_adv_parameters

i.ll_handle_set_advertise_enable
                0x000044a4       0x6a
 i.ll_handle_set_advertise_enable
                0x000044a4       0x6a ..\..\..\..\..\..\..\..\Documents\PSoC Creator\4.2\Downloads ( 4.2).cylib\BLE_v3_52\Library\gccCyBLEStack_BLE_SOC_PERIPHERAL.a(ll_advertiser.o)
                0x000044a4                ll_handle_set_advertise_enable

i.ll_handle_set_scan_resp_data
                0x00004510       0x38
 i.ll_handle_set_scan_resp_data
                0x00004510       0x38 ..\..\..\..\..\..\..\..\Documents\PSoC Creator\4.2\Downloads ( 4.2).cylib\BLE_v3_52\Library\gccCyBLEStack_BLE_SOC_PERIPHERAL.a(ll_advertiser.o)
                0x00004510                ll_handle_set_scan_resp_data

i.ll_init_advertiser
                0x00004548       0x70
 i.ll_init_advertiser
                0x00004548       0x70 ..\..\..\..\..\..\..\..\Documents\PSoC Creator\4.2\Downloads ( 4.2).cylib\BLE_v3_52\Library\gccCyBLEStack_BLE_SOC_PERIPHERAL.a(ll_advertiser.o)
                0x00004548                ll_init_advertiser

i.ll_update_adv_data
                0x000045b8       0x44
 i.ll_update_adv_data
                0x000045b8       0x44 ..\..\..\..\..\..\..\..\Documents\PSoC Creator\4.2\Downloads ( 4.2).cylib\BLE_v3_52\Library\gccCyBLEStack_BLE_SOC_PERIPHERAL.a(ll_advertiser.o)
                0x000045b8                ll_update_adv_data

i.ll_update_scan_rsp_data
                0x000045fc       0x44
 i.ll_update_scan_rsp_data
                0x000045fc       0x44 ..\..\..\..\..\..\..\..\Documents\PSoC Creator\4.2\Downloads ( 4.2).cylib\BLE_v3_52\Library\gccCyBLEStack_BLE_SOC_PERIPHERAL.a(ll_advertiser.o)
                0x000045fc                ll_update_scan_rsp_data

i.is_le_connection_handle
                0x00004640       0x28
 i.is_le_connection_handle
                0x00004640       0x28 ..\..\..\..\..\..\..\..\Documents\PSoC Creator\4.2\Downloads ( 4.2).cylib\BLE_v3_52\Library\gccCyBLEStack_BLE_SOC_PERIPHERAL.a(ll_connection.o)
                0x00004640                is_le_connection_handle

i.le_assign_connection_handle
                0x00004668       0x28
 i.le_assign_connection_handle
                0x00004668       0x28 ..\..\..\..\..\..\..\..\Documents\PSoC Creator\4.2\Downloads ( 4.2).cylib\BLE_v3_52\Library\gccCyBLEStack_BLE_SOC_PERIPHERAL.a(ll_connection.o)
                0x00004668                le_assign_connection_handle

i.le_get_connection_index
                0x00004690        0x6
 i.le_get_connection_index
                0x00004690        0x6 ..\..\..\..\..\..\..\..\Documents\PSoC Creator\4.2\Downloads ( 4.2).cylib\BLE_v3_52\Library\gccCyBLEStack_BLE_SOC_PERIPHERAL.a(ll_connection.o)
                0x00004690                le_get_connection_index

i.ll_allocate_connection
                0x00004698       0x44
 i.ll_allocate_connection
                0x00004698       0x44 ..\..\..\..\..\..\..\..\Documents\PSoC Creator\4.2\Downloads ( 4.2).cylib\BLE_v3_52\Library\gccCyBLEStack_BLE_SOC_PERIPHERAL.a(ll_connection.o)
                0x00004698                ll_allocate_connection

i.ll_calculate_and_program_def_win_widen_drift
                0x000046dc       0x14
 i.ll_calculate_and_program_def_win_widen_drift
                0x000046dc       0x14 ..\..\..\..\..\..\..\..\Documents\PSoC Creator\4.2\Downloads ( 4.2).cylib\BLE_v3_52\Library\gccCyBLEStack_BLE_SOC_PERIPHERAL.a(ll_connection.o)
                0x000046dc                ll_calculate_and_program_def_win_widen_drift

i.ll_calculate_drift
                0x000046f0       0x2c
 i.ll_calculate_drift
                0x000046f0       0x2c ..\..\..\..\..\..\..\..\Documents\PSoC Creator\4.2\Downloads ( 4.2).cylib\BLE_v3_52\Library\gccCyBLEStack_BLE_SOC_PERIPHERAL.a(ll_connection.o)
                0x000046f0                ll_calculate_drift

i.ll_check_and_decrypt_ll_pdu
                0x0000471c       0x70
 i.ll_check_and_decrypt_ll_pdu
                0x0000471c       0x70 ..\..\..\..\..\..\..\..\Documents\PSoC Creator\4.2\Downloads ( 4.2).cylib\BLE_v3_52\Library\gccCyBLEStack_BLE_SOC_PERIPHERAL.a(ll_connection.o)
                0x0000471c                ll_check_and_decrypt_ll_pdu

i.ll_check_and_decrypt_packet
                0x0000478c       0x6a
 i.ll_check_and_decrypt_packet
                0x0000478c       0x6a ..\..\..\..\..\..\..\..\Documents\PSoC Creator\4.2\Downloads ( 4.2).cylib\BLE_v3_52\Library\gccCyBLEStack_BLE_SOC_PERIPHERAL.a(ll_connection.o)
                0x0000478c                ll_check_and_decrypt_packet

i.ll_check_and_encrypt_ll_pdu
                0x000047f6       0x7c
 i.ll_check_and_encrypt_ll_pdu
                0x000047f6       0x7c ..\..\..\..\..\..\..\..\Documents\PSoC Creator\4.2\Downloads ( 4.2).cylib\BLE_v3_52\Library\gccCyBLEStack_BLE_SOC_PERIPHERAL.a(ll_connection.o)
                0x000047f6                ll_check_and_encrypt_ll_pdu

i.ll_check_and_encrypt_packet
                0x00004872       0x82
 i.ll_check_and_encrypt_packet
                0x00004872       0x82 ..\..\..\..\..\..\..\..\Documents\PSoC Creator\4.2\Downloads ( 4.2).cylib\BLE_v3_52\Library\gccCyBLEStack_BLE_SOC_PERIPHERAL.a(ll_connection.o)
                0x00004872                ll_check_and_encrypt_packet

i.ll_check_for_allowing_incoming_connection_update
                0x000048f4       0x42
 i.ll_check_for_allowing_incoming_connection_update
                0x000048f4       0x42 ..\..\..\..\..\..\..\..\Documents\PSoC Creator\4.2\Downloads ( 4.2).cylib\BLE_v3_52\Library\gccCyBLEStack_BLE_SOC_PERIPHERAL.a(ll_connection.o)
                0x000048f4                ll_check_for_allowing_incoming_connection_update

i.ll_check_if_pdu_is_loaded_to_hardware
                0x00004938       0x1c
 i.ll_check_if_pdu_is_loaded_to_hardware
                0x00004938       0x1c ..\..\..\..\..\..\..\..\Documents\PSoC Creator\4.2\Downloads ( 4.2).cylib\BLE_v3_52\Library\gccCyBLEStack_BLE_SOC_PERIPHERAL.a(ll_connection.o)
                0x00004938                ll_check_if_pdu_is_loaded_to_hardware

i.ll_check_random_address_in_use_by_initiator
                0x00004954       0x30
 i.ll_check_random_address_in_use_by_initiator
                0x00004954       0x30 ..\..\..\..\..\..\..\..\Documents\PSoC Creator\4.2\Downloads ( 4.2).cylib\BLE_v3_52\Library\gccCyBLEStack_BLE_SOC_PERIPHERAL.a(ll_connection.o)
                0x00004954                ll_check_random_address_in_use_by_initiator

i.ll_check_white_list_in_use_by_initiator
                0x00004984       0x30
 i.ll_check_white_list_in_use_by_initiator
                0x00004984       0x30 ..\..\..\..\..\..\..\..\Documents\PSoC Creator\4.2\Downloads ( 4.2).cylib\BLE_v3_52\Library\gccCyBLEStack_BLE_SOC_PERIPHERAL.a(ll_connection.o)
                0x00004984                ll_check_white_list_in_use_by_initiator

i.ll_conn_free_enc_txn_buffer
                0x000049b4       0x16
 i.ll_conn_free_enc_txn_buffer
                0x000049b4       0x16 ..\..\..\..\..\..\..\..\Documents\PSoC Creator\4.2\Downloads ( 4.2).cylib\BLE_v3_52\Library\gccCyBLEStack_BLE_SOC_PERIPHERAL.a(ll_connection.o)
                0x000049b4                ll_conn_free_enc_txn_buffer

i.ll_conn_fsm_update_channel_state
                0x000049ca        0x6
 i.ll_conn_fsm_update_channel_state
                0x000049ca        0x6 ..\..\..\..\..\..\..\..\Documents\PSoC Creator\4.2\Downloads ( 4.2).cylib\BLE_v3_52\Library\gccCyBLEStack_BLE_SOC_PERIPHERAL.a(ll_connection.o)
                0x000049ca                ll_conn_fsm_update_channel_state

i.ll_conn_fsm_update_conn_update_state
                0x000049d0        0x6
 i.ll_conn_fsm_update_conn_update_state
                0x000049d0        0x6 ..\..\..\..\..\..\..\..\Documents\PSoC Creator\4.2\Downloads ( 4.2).cylib\BLE_v3_52\Library\gccCyBLEStack_BLE_SOC_PERIPHERAL.a(ll_connection.o)
                0x000049d0                ll_conn_fsm_update_conn_update_state

i.ll_conn_fsm_update_enc_state
                0x000049d6        0x6